Archive member included to satisfy reference by file (symbol)

c:/siliconlabs/simplicitystudio/v5/developer/toolchains/gnu_arm/10.3_2021.10/bin/../lib/gcc/arm-none-eabi/10.3.1/thumb/v8-m.main+fp/hard\libgcc.a(_arm_muldf3.o)
                              ./iadc.o (__aeabi_dmul)
c:/siliconlabs/simplicitystudio/v5/developer/toolchains/gnu_arm/10.3_2021.10/bin/../lib/gcc/arm-none-eabi/10.3.1/thumb/v8-m.main+fp/hard\libgcc.a(_arm_addsubdf3.o)
                              ./iadc.o (__aeabi_dsub)
c:/siliconlabs/simplicitystudio/v5/developer/toolchains/gnu_arm/10.3_2021.10/bin/../lib/gcc/arm-none-eabi/10.3.1/thumb/v8-m.main+fp/hard\libgcc.a(_arm_muldivdf3.o)
                              ./iadc.o (__aeabi_ddiv)
c:/siliconlabs/simplicitystudio/v5/developer/toolchains/gnu_arm/10.3_2021.10/bin/../lib/gcc/arm-none-eabi/10.3.1/thumb/v8-m.main+fp/hard\libgcc.a(_arm_fixunsdfsi.o)
                              ./iadc.o (__aeabi_d2uiz)
c:/siliconlabs/simplicitystudio/v5/developer/toolchains/gnu_arm/10.3_2021.10/bin/../lib/gcc/arm-none-eabi/10.3.1/thumb/v8-m.main+fp/hard\libgcc.a(_arm_truncdfsf2.o)
                              ./iadc.o (__aeabi_d2f)
c:/siliconlabs/simplicitystudio/v5/developer/toolchains/gnu_arm/10.3_2021.10/bin/../lib/gcc/arm-none-eabi/10.3.1/thumb/v8-m.main+fp/hard\libgcc.a(_aeabi_uldivmod.o)
                              ./gecko_sdk_4.3.1/platform/emdrv/ustimer/src/ustimer.o (__aeabi_uldivmod)
c:/siliconlabs/simplicitystudio/v5/developer/toolchains/gnu_arm/10.3_2021.10/bin/../lib/gcc/arm-none-eabi/10.3.1/thumb/v8-m.main+fp/hard\libgcc.a(_udivmoddi4.o)
                              c:/siliconlabs/simplicitystudio/v5/developer/toolchains/gnu_arm/10.3_2021.10/bin/../lib/gcc/arm-none-eabi/10.3.1/thumb/v8-m.main+fp/hard\libgcc.a(_aeabi_uldivmod.o) (__udivmoddi4)
c:/siliconlabs/simplicitystudio/v5/developer/toolchains/gnu_arm/10.3_2021.10/bin/../lib/gcc/arm-none-eabi/10.3.1/thumb/v8-m.main+fp/hard\libgcc.a(_dvmd_tls.o)
                              c:/siliconlabs/simplicitystudio/v5/developer/toolchains/gnu_arm/10.3_2021.10/bin/../lib/gcc/arm-none-eabi/10.3.1/thumb/v8-m.main+fp/hard\libgcc.a(_aeabi_uldivmod.o) (__aeabi_ldiv0)
c:/siliconlabs/simplicitystudio/v5/developer/toolchains/gnu_arm/10.3_2021.10/bin/../lib/gcc/arm-none-eabi/10.3.1/../../../../arm-none-eabi/lib/thumb/v8-m.main+fp/hard\libc_nano.a(lib_a-exit.o)
                              c:/siliconlabs/simplicitystudio/v5/developer/toolchains/gnu_arm/10.3_2021.10/bin/../lib/gcc/arm-none-eabi/10.3.1/../../../../arm-none-eabi/lib/thumb/v8-m.main+fp/hard/crt0.o (exit)
c:/siliconlabs/simplicitystudio/v5/developer/toolchains/gnu_arm/10.3_2021.10/bin/../lib/gcc/arm-none-eabi/10.3.1/../../../../arm-none-eabi/lib/thumb/v8-m.main+fp/hard\libc_nano.a(lib_a-impure.o)
                              c:/siliconlabs/simplicitystudio/v5/developer/toolchains/gnu_arm/10.3_2021.10/bin/../lib/gcc/arm-none-eabi/10.3.1/../../../../arm-none-eabi/lib/thumb/v8-m.main+fp/hard\libc_nano.a(lib_a-exit.o) (_global_impure_ptr)
c:/siliconlabs/simplicitystudio/v5/developer/toolchains/gnu_arm/10.3_2021.10/bin/../lib/gcc/arm-none-eabi/10.3.1/../../../../arm-none-eabi/lib/thumb/v8-m.main+fp/hard\libc_nano.a(lib_a-init.o)
                              c:/siliconlabs/simplicitystudio/v5/developer/toolchains/gnu_arm/10.3_2021.10/bin/../lib/gcc/arm-none-eabi/10.3.1/../../../../arm-none-eabi/lib/thumb/v8-m.main+fp/hard/crt0.o (__libc_init_array)
c:/siliconlabs/simplicitystudio/v5/developer/toolchains/gnu_arm/10.3_2021.10/bin/../lib/gcc/arm-none-eabi/10.3.1/../../../../arm-none-eabi/lib/thumb/v8-m.main+fp/hard\libc_nano.a(lib_a-memset.o)
                              c:/siliconlabs/simplicitystudio/v5/developer/toolchains/gnu_arm/10.3_2021.10/bin/../lib/gcc/arm-none-eabi/10.3.1/../../../../arm-none-eabi/lib/thumb/v8-m.main+fp/hard/crt0.o (memset)
c:/siliconlabs/simplicitystudio/v5/developer/toolchains/gnu_arm/10.3_2021.10/bin/../lib/gcc/arm-none-eabi/10.3.1/../../../../arm-none-eabi/lib/thumb/v8-m.main+fp/hard\libc_nano.a(lib_a-snprintf.o)
                              ./uart.o (snprintf)
c:/siliconlabs/simplicitystudio/v5/developer/toolchains/gnu_arm/10.3_2021.10/bin/../lib/gcc/arm-none-eabi/10.3.1/../../../../arm-none-eabi/lib/thumb/v8-m.main+fp/hard\libc_nano.a(lib_a-nano-svfprintf.o)
                              c:/siliconlabs/simplicitystudio/v5/developer/toolchains/gnu_arm/10.3_2021.10/bin/../lib/gcc/arm-none-eabi/10.3.1/../../../../arm-none-eabi/lib/thumb/v8-m.main+fp/hard\libc_nano.a(lib_a-snprintf.o) (_svfprintf_r)
c:/siliconlabs/simplicitystudio/v5/developer/toolchains/gnu_arm/10.3_2021.10/bin/../lib/gcc/arm-none-eabi/10.3.1/../../../../arm-none-eabi/lib/thumb/v8-m.main+fp/hard\libc_nano.a(lib_a-nano-vfprintf_i.o)
                              c:/siliconlabs/simplicitystudio/v5/developer/toolchains/gnu_arm/10.3_2021.10/bin/../lib/gcc/arm-none-eabi/10.3.1/../../../../arm-none-eabi/lib/thumb/v8-m.main+fp/hard\libc_nano.a(lib_a-nano-svfprintf.o) (_printf_i)
[...]
Memory Configuration

Name             Origin             Length             Attributes
FLASH            0x08000000         0x0017e000         xr
RAM              0x20000000         0x00040000         xrw
*default*        0x00000000         0xffffffff

Linker script and memory map

LOAD c:/siliconlabs/simplicitystudio/v5/developer/toolchains/gnu_arm/10.3_2021.10/bin/../lib/gcc/arm-none-eabi/10.3.1/thumb/v8-m.main+fp/hard/crti.o
LOAD c:/siliconlabs/simplicitystudio/v5/developer/toolchains/gnu_arm/10.3_2021.10/bin/../lib/gcc/arm-none-eabi/10.3.1/thumb/v8-m.main+fp/hard/crtbegin.o
LOAD c:/siliconlabs/simplicitystudio/v5/developer/toolchains/gnu_arm/10.3_2021.10/bin/../lib/gcc/arm-none-eabi/10.3.1/../../../../arm-none-eabi/lib/thumb/v8-m.main+fp/hard/crt0.o
START GROUP
LOAD ./DHT22.o
LOAD ./Letimer.o
LOAD ./app.o
LOAD ./connect.o
LOAD ./flash.o
LOAD ./iadc.o
LOAD ./main.o
LOAD ./uart.o
LOAD ./autogen/sl_board_default_init.o
LOAD ./autogen/sl_device_init_clocks.o
LOAD ./autogen/sl_event_handler.o
LOAD ./gecko_sdk_4.3.1/hardware/board/src/sl_board_control_gpio.o
LOAD ./gecko_sdk_4.3.1/hardware/board/src/sl_board_init.o
LOAD ./gecko_sdk_4.3.1/hardware/driver/configuration_over_swo/src/sl_cos.o
LOAD ./gecko_sdk_4.3.1/hardware/driver/mx25_flash_shutdown/src/sl_mx25_flash_shutdown_usart/sl_mx25_flash_shutdown.o
LOAD ./gecko_sdk_4.3.1/platform/Device/SiliconLabs/EFR32MG24/Source/startup_efr32mg24.o
LOAD ./gecko_sdk_4.3.1/platform/Device/SiliconLabs/EFR32MG24/Source/system_efr32mg24.o
LOAD ./gecko_sdk_4.3.1/platform/common/src/sl_assert.o
LOAD ./gecko_sdk_4.3.1/platform/common/toolchain/src/sl_memory.o
LOAD ./gecko_sdk_4.3.1/platform/driver/debug/src/sl_debug_swo.o
LOAD ./gecko_sdk_4.3.1/platform/emdrv/ustimer/src/ustimer.o
LOAD ./gecko_sdk_4.3.1/platform/emlib/src/em_cmu.o
LOAD ./gecko_sdk_4.3.1/platform/emlib/src/em_core.o
LOAD ./gecko_sdk_4.3.1/platform/emlib/src/em_emu.o
LOAD ./gecko_sdk_4.3.1/platform/emlib/src/em_gpio.o
LOAD ./gecko_sdk_4.3.1/platform/emlib/src/em_iadc.o
LOAD ./gecko_sdk_4.3.1/platform/emlib/src/em_letimer.o
LOAD ./gecko_sdk_4.3.1/platform/emlib/src/em_msc.o
LOAD ./gecko_sdk_4.3.1/platform/emlib/src/em_system.o
LOAD ./gecko_sdk_4.3.1/platform/emlib/src/em_timer.o
LOAD ./gecko_sdk_4.3.1/platform/emlib/src/em_usart.o
LOAD ./gecko_sdk_4.3.1/platform/service/device_init/src/sl_device_init_dcdc_s2.o
LOAD ./gecko_sdk_4.3.1/platform/service/device_init/src/sl_device_init_emu_s2.o
LOAD ./gecko_sdk_4.3.1/platform/service/device_init/src/sl_device_init_hfrco.o
LOAD ./gecko_sdk_4.3.1/platform/service/device_init/src/sl_device_init_hfxo_s2.o
LOAD ./gecko_sdk_4.3.1/platform/service/device_init/src/sl_device_init_lfxo_s2.o
LOAD ./gecko_sdk_4.3.1/platform/service/device_init/src/sl_device_init_nvic.o
LOAD ./gecko_sdk_4.3.1/platform/service/system/src/sl_system_init.o
LOAD ./gecko_sdk_4.3.1/platform/service/system/src/sl_system_process_action.o
LOAD ./gecko_sdk_4.3.1/platform/service/udelay/src/sl_udelay.o
LOAD ./gecko_sdk_4.3.1/platform/service/udelay/src/sl_udelay_armv6m_gcc.o
LOAD c:/siliconlabs/simplicitystudio/v5/developer/toolchains/gnu_arm/10.3_2021.10/bin/../lib/gcc/arm-none-eabi/10.3.1/thumb/v8-m.main+fp/hard\libgcc.a
LOAD c:/siliconlabs/simplicitystudio/v5/developer/toolchains/gnu_arm/10.3_2021.10/bin/../lib/gcc/arm-none-eabi/10.3.1/../../../../arm-none-eabi/lib/thumb/v8-m.main+fp/hard\libc_nano.a
LOAD c:/siliconlabs/simplicitystudio/v5/developer/toolchains/gnu_arm/10.3_2021.10/bin/../lib/gcc/arm-none-eabi/10.3.1/../../../../arm-none-eabi/lib/thumb/v8-m.main+fp/hard\libm.a
LOAD c:/siliconlabs/simplicitystudio/v5/developer/toolchains/gnu_arm/10.3_2021.10/bin/../lib/gcc/arm-none-eabi/10.3.1/../../../../arm-none-eabi/lib/thumb/v8-m.main+fp/hard\libnosys.a
END GROUP
START GROUP
LOAD c:/siliconlabs/simplicitystudio/v5/developer/toolchains/gnu_arm/10.3_2021.10/bin/../lib/gcc/arm-none-eabi/10.3.1/thumb/v8-m.main+fp/hard\libgcc.a
LOAD c:/siliconlabs/simplicitystudio/v5/developer/toolchains/gnu_arm/10.3_2021.10/bin/../lib/gcc/arm-none-eabi/10.3.1/../../../../arm-none-eabi/lib/thumb/v8-m.main+fp/hard\libc_nano.a
LOAD c:/siliconlabs/simplicitystudio/v5/developer/toolchains/gnu_arm/10.3_2021.10/bin/../lib/gcc/arm-none-eabi/10.3.1/../../../../arm-none-eabi/lib/thumb/v8-m.main+fp/hard\libnosys.a
END GROUP
START GROUP
LOAD c:/siliconlabs/simplicitystudio/v5/developer/toolchains/gnu_arm/10.3_2021.10/bin/../lib/gcc/arm-none-eabi/10.3.1/thumb/v8-m.main+fp/hard\libgcc.a
LOAD c:/siliconlabs/simplicitystudio/v5/developer/toolchains/gnu_arm/10.3_2021.10/bin/../lib/gcc/arm-none-eabi/10.3.1/../../../../arm-none-eabi/lib/thumb/v8-m.main+fp/hard\libg_nano.a
LOAD c:/siliconlabs/simplicitystudio/v5/developer/toolchains/gnu_arm/10.3_2021.10/bin/../lib/gcc/arm-none-eabi/10.3.1/../../../../arm-none-eabi/lib/thumb/v8-m.main+fp/hard\libc_nano.a
END GROUP
START GROUP
LOAD c:/siliconlabs/simplicitystudio/v5/developer/toolchains/gnu_arm/10.3_2021.10/bin/../lib/gcc/arm-none-eabi/10.3.1/thumb/v8-m.main+fp/hard\libgcc.a
LOAD c:/siliconlabs/simplicitystudio/v5/developer/toolchains/gnu_arm/10.3_2021.10/bin/../lib/gcc/arm-none-eabi/10.3.1/../../../../arm-none-eabi/lib/thumb/v8-m.main+fp/hard\libc_nano.a
END GROUP
LOAD c:/siliconlabs/simplicitystudio/v5/developer/toolchains/gnu_arm/10.3_2021.10/bin/../lib/gcc/arm-none-eabi/10.3.1/thumb/v8-m.main+fp/hard/crtend.o
LOAD c:/siliconlabs/simplicitystudio/v5/developer/toolchains/gnu_arm/10.3_2021.10/bin/../lib/gcc/arm-none-eabi/10.3.1/thumb/v8-m.main+fp/hard/crtn.o

.text           0x08000000     0x80d0
                0x08000000                linker_vectors_begin = .
 *(.vectors)
 .vectors       0x08000000      0x170 ./gecko_sdk_4.3.1/platform/Device/SiliconLabs/EFR32MG24/Source/startup_efr32mg24.o
                0x08000000                __Vectors
                0x08000170                linker_vectors_end = .
                0x08000170                __Vectors_End = .
                0x08000170                __Vectors_Size = (__Vectors_End - __Vectors)
                0x08000170                linker_code_begin = .
 *(SORT_BY_ALIGNMENT(.text*))
 .text          0x08000170        0x8 ./gecko_sdk_4.3.1/platform/service/udelay/src/sl_udelay_armv6m_gcc.o
                0x08000170                sli_delay_loop
 .text.getMoisture
                0x08000178       0xd4 ./iadc.o
                0x08000178                getMoisture
 .text          0x0800024c       0x40 c:/siliconlabs/simplicitystudio/v5/developer/toolchains/gnu_arm/10.3_2021.10/bin/../lib/gcc/arm-none-eabi/10.3.1/thumb/v8-m.main+fp/hard/crtbegin.o
 .text          0x0800028c       0x7c c:/siliconlabs/simplicitystudio/v5/developer/toolchains/gnu_arm/10.3_2021.10/bin/../lib/gcc/arm-none-eabi/10.3.1/../../../../arm-none-eabi/lib/thumb/v8-m.main+fp/hard/crt0.o
                0x0800028c                _stack_init
                0x08000294                _start
                0x08000294                _mainCRTStartup
 .text.GPIO_PinInGet
                0x08000308       0x88 ./DHT22.o
 .text.DHT_GetData
                0x08000390       0xc8 ./DHT22.o
                0x08000390                DHT_GetData
 .text.__NVIC_EnableIRQ
                0x08000458       0x34 ./Letimer.o
 .text.LETIMER0_IRQHandler
                0x0800048c      0x250 ./Letimer.o
                0x0800048c                LETIMER0_IRQHandler
 .text.GPIO_PinInGet
                0x080006dc       0x88 ./app.o
 .text.GPIO_PinOutToggle
                0x08000764       0x84 ./connect.o
 .text.connectToStation
                0x080007e8       0xd8 ./connect.o
                0x080007e8                connectToStation
 .text.iadcInit
                0x080008c0       0xec ./iadc.o
                0x080008c0                iadcInit
 .text.iadcStartsingle
                0x080009ac       0x38 ./iadc.o
                0x080009ac                iadcStartsingle
 .text.uartInit
                0x080009e4       0x88 ./uart.o
                0x080009e4                uartInit
 .text.transmitData
                0x08000a6c       0x4c ./uart.o
                0x08000a6c                transmitData
 .text.uint16ToCharArray
                0x08000ab8       0x28 ./uart.o
                0x08000ab8                uint16ToCharArray
 .text.sl_device_init_clocks
                0x08000ae0       0xb0 ./autogen/sl_device_init_clocks.o
                0x08000ae0                sl_device_init_clocks
 .text.GPIO_PinOutClear
                0x08000b90       0x84 ./gecko_sdk_4.3.1/hardware/driver/mx25_flash_shutdown/src/sl_mx25_flash_shutdown_usart/sl_mx25_flash_shutdown.o
 .text.GPIO_PinOutSet
                0x08000c14       0x84 ./gecko_sdk_4.3.1/hardware/driver/mx25_flash_shutdown/src/sl_mx25_flash_shutdown_usart/sl_mx25_flash_shutdown.o
 .text.sl_mx25_flash_shutdown
                0x08000c98      0x134 ./gecko_sdk_4.3.1/hardware/driver/mx25_flash_shutdown/src/sl_mx25_flash_shutdown_usart/sl_mx25_flash_shutdown.o
                0x08000c98                sl_mx25_flash_shutdown
 .text.Reset_Handler
                0x08000dcc       0x98 ./gecko_sdk_4.3.1/platform/Device/SiliconLabs/EFR32MG24/Source/startup_efr32mg24.o
                0x08000dcc                Reset_Handler
 .text.__NVIC_EnableIRQ
                0x08000e64       0x34 ./gecko_sdk_4.3.1/platform/Device/SiliconLabs/EFR32MG24/Source/system_efr32mg24.o
 .text.__NVIC_ClearPendingIRQ
                0x08000e98       0x38 ./gecko_sdk_4.3.1/platform/Device/SiliconLabs/EFR32MG24/Source/system_efr32mg24.o
 .text.SystemInit
                0x08000ed0       0x90 ./gecko_sdk_4.3.1/platform/Device/SiliconLabs/EFR32MG24/Source/system_efr32mg24.o
                0x08000ed0                SystemInit
 .text.SystemHFRCODPLLClockGet
                0x08000f60        0xc ./gecko_sdk_4.3.1/platform/Device/SiliconLabs/EFR32MG24/Source/system_efr32mg24.o
                0x08000f60                SystemHFRCODPLLClockGet
 .text.SystemHFRCODPLLClockSet
                0x08000f6c       0x14 ./gecko_sdk_4.3.1/platform/Device/SiliconLabs/EFR32MG24/Source/system_efr32mg24.o
                0x08000f6c                SystemHFRCODPLLClockSet
 .text.SystemSYSCLKGet
                0x08000f80       0x50 ./gecko_sdk_4.3.1/platform/Device/SiliconLabs/EFR32MG24/Source/system_efr32mg24.o
                0x08000f80                SystemSYSCLKGet
 .text.SystemHCLKGet
                0x08000fd0       0x3c ./gecko_sdk_4.3.1/platform/Device/SiliconLabs/EFR32MG24/Source/system_efr32mg24.o
                0x08000fd0                SystemHCLKGet
 .text.SystemMaxCoreClockGet
                0x0800100c        0xc ./gecko_sdk_4.3.1/platform/Device/SiliconLabs/EFR32MG24/Source/system_efr32mg24.o
                0x0800100c                SystemMaxCoreClockGet
 .text.SystemHFXOClockGet
                0x08001018        0xc ./gecko_sdk_4.3.1/platform/Device/SiliconLabs/EFR32MG24/Source/system_efr32mg24.o
                0x08001018                SystemHFXOClockGet
 .text.SystemHFXOClockSet
                0x08001024       0x2c ./gecko_sdk_4.3.1/platform/Device/SiliconLabs/EFR32MG24/Source/system_efr32mg24.o
                0x08001024                SystemHFXOClockSet
 .text.SystemFSRCOClockGet
                0x08001050        0xc ./gecko_sdk_4.3.1/platform/Device/SiliconLabs/EFR32MG24/Source/system_efr32mg24.o
                0x08001050                SystemFSRCOClockGet
 .text.SystemHFRCOEM23ClockGet
                0x0800105c       0xe0 ./gecko_sdk_4.3.1/platform/Device/SiliconLabs/EFR32MG24/Source/system_efr32mg24.o
                0x0800105c                SystemHFRCOEM23ClockGet
 .text.SystemLFXOClockGet
                0x0800113c        0xc ./gecko_sdk_4.3.1/platform/Device/SiliconLabs/EFR32MG24/Source/system_efr32mg24.o
                0x0800113c                SystemLFXOClockGet
 .text._sbrk    0x08001148       0x3c ./gecko_sdk_4.3.1/platform/common/toolchain/src/sl_memory.o
                0x08001148                _sbrk
 .text.BUS_RegBitWrite
                0x08001184       0x48 ./gecko_sdk_4.3.1/platform/driver/debug/src/sl_debug_swo.o
 .text.GPIO_DbgSWOEnable
                0x080011cc       0x30 ./gecko_sdk_4.3.1/platform/driver/debug/src/sl_debug_swo.o
 .text.sl_debug_swo_init
                0x080011fc      0x178 ./gecko_sdk_4.3.1/platform/driver/debug/src/sl_debug_swo.o
                0x080011fc                sl_debug_swo_init
 .text.__NVIC_EnableIRQ
                0x08001374       0x34 ./gecko_sdk_4.3.1/platform/emdrv/ustimer/src/ustimer.o
 .text.__NVIC_DisableIRQ
                0x080013a8       0x44 ./gecko_sdk_4.3.1/platform/emdrv/ustimer/src/ustimer.o
 .text.__NVIC_ClearPendingIRQ
                0x080013ec       0x38 ./gecko_sdk_4.3.1/platform/emdrv/ustimer/src/ustimer.o
 .text.TIMER_Valid
                0x08001424       0x54 ./gecko_sdk_4.3.1/platform/emdrv/ustimer/src/ustimer.o
 .text.TIMER_MaxCount
                0x08001478       0xf0 ./gecko_sdk_4.3.1/platform/emdrv/ustimer/src/ustimer.o
 .text.TIMER_Enable
                0x08001568       0x44 ./gecko_sdk_4.3.1/platform/emdrv/ustimer/src/ustimer.o
 .text.TIMER_TopSet
                0x080015ac       0x48 ./gecko_sdk_4.3.1/platform/emdrv/ustimer/src/ustimer.o
 .text.USTIMER_Init
                0x080015f4      0x130 ./gecko_sdk_4.3.1/platform/emdrv/ustimer/src/ustimer.o
                0x080015f4                USTIMER_Init
 .text.USTIMER_DeInit
                0x08001724       0x38 ./gecko_sdk_4.3.1/platform/emdrv/ustimer/src/ustimer.o
                0x08001724                USTIMER_DeInit
 .text.USTIMER_DelayIntSafe
                0x0800175c       0x9c ./gecko_sdk_4.3.1/platform/emdrv/ustimer/src/ustimer.o
                0x0800175c                USTIMER_DelayIntSafe
 .text.TIMER0_IRQHandler
                0x080017f8       0x34 ./gecko_sdk_4.3.1/platform/emdrv/ustimer/src/ustimer.o
                0x080017f8                TIMER0_IRQHandler
 .text.DelayTicksPolled
                0x0800182c       0x50 ./gecko_sdk_4.3.1/platform/emdrv/ustimer/src/ustimer.o
 .text.BUS_RegBitWrite
                0x0800187c       0x48 ./gecko_sdk_4.3.1/platform/emlib/src/em_cmu.o
 .text.EMU_VScaleWait
                0x080018c4       0x1c ./gecko_sdk_4.3.1/platform/emlib/src/em_cmu.o
 .text.EMU_VScaleGet
                0x080018e0       0x1c ./gecko_sdk_4.3.1/platform/emlib/src/em_cmu.o
 .text.MSC_LockGetLocked
                0x080018fc       0x1c ./gecko_sdk_4.3.1/platform/emlib/src/em_cmu.o
 .text.MSC_LockSetLocked
                0x08001918       0x10 ./gecko_sdk_4.3.1/platform/emlib/src/em_cmu.o
 .text.MSC_LockSetUnlocked
                0x08001928       0x10 ./gecko_sdk_4.3.1/platform/emlib/src/em_cmu.o
 .text.MSC_ReadCTRLGet
                0x08001938        0xc ./gecko_sdk_4.3.1/platform/emlib/src/em_cmu.o
 .text.MSC_ReadCTRLSet
                0x08001944       0x14 ./gecko_sdk_4.3.1/platform/emlib/src/em_cmu.o
 .text.CMU_ClockDivGet
                0x08001958       0xec ./gecko_sdk_4.3.1/platform/emlib/src/em_cmu.o
                0x08001958                CMU_ClockDivGet
 .text.CMU_ClockDivSet
                0x08001a44      0x1b0 ./gecko_sdk_4.3.1/platform/emlib/src/em_cmu.o
                0x08001a44                CMU_ClockDivSet
 .text.CMU_ClockEnable
                0x08001bf4       0x74 ./gecko_sdk_4.3.1/platform/emlib/src/em_cmu.o
                0x08001bf4                CMU_ClockEnable
 .text.CMU_ClockFreqGet
                0x08001c68      0x6a8 ./gecko_sdk_4.3.1/platform/emlib/src/em_cmu.o
                0x08001c68                CMU_ClockFreqGet
 .text.CMU_ClockSelectGet
                0x08002310      0x3e4 ./gecko_sdk_4.3.1/platform/emlib/src/em_cmu.o
                0x08002310                CMU_ClockSelectGet
 .text.CMU_HFRCODPLLBandSet
                0x080026f4      0x178 ./gecko_sdk_4.3.1/platform/emlib/src/em_cmu.o
                0x080026f4                CMU_HFRCODPLLBandSet
 .text.CMU_HFXOInit
                0x0800286c      0x310 ./gecko_sdk_4.3.1/platform/emlib/src/em_cmu.o
                0x0800286c                CMU_HFXOInit
 .text.CMU_HFXOCTuneDeltaGet
                0x08002b7c       0x10 ./gecko_sdk_4.3.1/platform/emlib/src/em_cmu.o
                0x08002b7c                CMU_HFXOCTuneDeltaGet
 .text.CMU_LFXOInit
                0x08002b8c      0x120 ./gecko_sdk_4.3.1/platform/emlib/src/em_cmu.o
                0x08002b8c                CMU_LFXOInit
 .text.CMU_LFXOPrecisionSet
                0x08002cac       0x1c ./gecko_sdk_4.3.1/platform/emlib/src/em_cmu.o
                0x08002cac                CMU_LFXOPrecisionSet
 .text.CMU_HFXOPrecisionSet
                0x08002cc8       0x1c ./gecko_sdk_4.3.1/platform/emlib/src/em_cmu.o
                0x08002cc8                CMU_HFXOPrecisionSet
 .text.eusart0ClkGet
                0x08002ce4       0xac ./gecko_sdk_4.3.1/platform/emlib/src/em_cmu.o
 .text.em01GrpcClkGet
                0x08002d90       0xbc ./gecko_sdk_4.3.1/platform/emlib/src/em_cmu.o
 .text.vdac0ClkGet
                0x08002e4c       0xa8 ./gecko_sdk_4.3.1/platform/emlib/src/em_cmu.o
 .text.vdac1ClkGet
                0x08002ef4       0xa8 ./gecko_sdk_4.3.1/platform/emlib/src/em_cmu.o
 .text.pcnt0ClkGet
                0x08002f9c       0x74 ./gecko_sdk_4.3.1/platform/emlib/src/em_cmu.o
 .text.rhclkPrescMax
                0x08003010       0x18 ./gecko_sdk_4.3.1/platform/emlib/src/em_cmu.o
 .text.rhclkPrescOptimize
                0x08003028       0x2c ./gecko_sdk_4.3.1/platform/emlib/src/em_cmu.o
 .text.traceClkGet
                0x08003054       0x84 ./gecko_sdk_4.3.1/platform/emlib/src/em_cmu.o
 .text.dpllRefClkGet
                0x080030d8       0x94 ./gecko_sdk_4.3.1/platform/emlib/src/em_cmu.o
 .text.em01GrpaClkGet
                0x0800316c       0xc4 ./gecko_sdk_4.3.1/platform/emlib/src/em_cmu.o
 .text.em23GrpaClkGet
                0x08003230       0x94 ./gecko_sdk_4.3.1/platform/emlib/src/em_cmu.o
 .text.em4GrpaClkGet
                0x080032c4       0x94 ./gecko_sdk_4.3.1/platform/emlib/src/em_cmu.o
 .text.getWaitStatesByFrequencyAndVScale
                0x08003358       0x54 ./gecko_sdk_4.3.1/platform/emlib/src/em_cmu.o
 .text.flashWaitStateControl
                0x080033ac       0x70 ./gecko_sdk_4.3.1/platform/emlib/src/em_cmu.o
 .text.HFRCODPLLDevinfoGet
                0x0800341c      0x1bc ./gecko_sdk_4.3.1/platform/emlib/src/em_cmu.o
 .text.iadcClkGet
                0x080035d8       0x8c ./gecko_sdk_4.3.1/platform/emlib/src/em_cmu.o
 .text.pclkDivOptimize
                0x08003664       0x34 ./gecko_sdk_4.3.1/platform/emlib/src/em_cmu.o
 .text.sysrtcClkGet
                0x08003698       0x94 ./gecko_sdk_4.3.1/platform/emlib/src/em_cmu.o
 .text.wdog0ClkGet
                0x0800372c       0xa8 ./gecko_sdk_4.3.1/platform/emlib/src/em_cmu.o
 .text.wdog1ClkGet
                0x080037d4       0xa8 ./gecko_sdk_4.3.1/platform/emlib/src/em_cmu.o
 .text.sysTickClkGet
                0x0800387c       0x58 ./gecko_sdk_4.3.1/platform/emlib/src/em_cmu.o
 .text.EMU_DCDCLock
                0x080038d4       0x14 ./gecko_sdk_4.3.1/platform/emlib/src/em_emu.o
 .text.EMU_DCDCUnlock
                0x080038e8       0x10 ./gecko_sdk_4.3.1/platform/emlib/src/em_emu.o
 .text.EMU_DCDCSync
                0x080038f8       0x20 ./gecko_sdk_4.3.1/platform/emlib/src/em_emu.o
 .text.EMU_VScaleWait
                0x08003918       0x1c ./gecko_sdk_4.3.1/platform/emlib/src/em_emu.o
 .text.EMU_VScaleGet
                0x08003934       0x1c ./gecko_sdk_4.3.1/platform/emlib/src/em_emu.o
 .text.EMU_Unlock
                0x08003950       0x10 ./gecko_sdk_4.3.1/platform/emlib/src/em_emu.o
 .text.EMU_EnterEM2
                0x08003960       0x48 ./gecko_sdk_4.3.1/platform/emlib/src/em_emu.o
                0x08003960                EMU_EnterEM2
 .text.EMU_EM4Init
                0x080039a8       0x24 ./gecko_sdk_4.3.1/platform/emlib/src/em_emu.o
                0x080039a8                EMU_EM4Init
 .text.EMU_EnterEM4
                0x080039cc       0xa4 ./gecko_sdk_4.3.1/platform/emlib/src/em_emu.o
                0x080039cc                EMU_EnterEM4
 .text.EMU_VScaleEM01ByClock
                0x08003a70       0x5c ./gecko_sdk_4.3.1/platform/emlib/src/em_emu.o
                0x08003a70                EMU_VScaleEM01ByClock
 .text.EMU_VScaleEM01
                0x08003acc       0xdc ./gecko_sdk_4.3.1/platform/emlib/src/em_emu.o
                0x08003acc                EMU_VScaleEM01
 .text.EMU_DCDCModeSet
                0x08003ba8      0x120 ./gecko_sdk_4.3.1/platform/emlib/src/em_emu.o
                0x08003ba8                EMU_DCDCModeSet
 .text.EMU_DCDCInit
                0x08003cc8       0xa8 ./gecko_sdk_4.3.1/platform/emlib/src/em_emu.o
                0x08003cc8                EMU_DCDCInit
 .text.EMU_DCDCSetPFMXModePeakCurrent
                0x08003d70       0xb4 ./gecko_sdk_4.3.1/platform/emlib/src/em_emu.o
                0x08003d70                EMU_DCDCSetPFMXModePeakCurrent
 .text.GPIO_PinOutClear
                0x08003e24       0x84 ./gecko_sdk_4.3.1/platform/emlib/src/em_gpio.o
 .text.GPIO_PinOutSet
                0x08003ea8       0x84 ./gecko_sdk_4.3.1/platform/emlib/src/em_gpio.o
 .text.GPIO_PinModeSet
                0x08003f2c      0x124 ./gecko_sdk_4.3.1/platform/emlib/src/em_gpio.o
                0x08003f2c                GPIO_PinModeSet
 .text.IADC_disable
                0x08004050       0x38 ./gecko_sdk_4.3.1/platform/emlib/src/em_iadc.o
 .text.IADC_init
                0x08004088      0x9bc ./gecko_sdk_4.3.1/platform/emlib/src/em_iadc.o
                0x08004088                IADC_init
 .text.IADC_initSingle
                0x08004a44       0xc4 ./gecko_sdk_4.3.1/platform/emlib/src/em_iadc.o
                0x08004a44                IADC_initSingle
 .text.IADC_updateSingleInput
                0x08004b08       0x8c ./gecko_sdk_4.3.1/platform/emlib/src/em_iadc.o
                0x08004b08                IADC_updateSingleInput
 .text.IADC_reset
                0x08004b94      0x16c ./gecko_sdk_4.3.1/platform/emlib/src/em_iadc.o
                0x08004b94                IADC_reset
 .text.IADC_calcTimebase
                0x08004d00       0xa0 ./gecko_sdk_4.3.1/platform/emlib/src/em_iadc.o
                0x08004d00                IADC_calcTimebase
 .text.IADC_calcSrcClkPrescale
                0x08004da0       0x8c ./gecko_sdk_4.3.1/platform/emlib/src/em_iadc.o
                0x08004da0                IADC_calcSrcClkPrescale
 .text.IADC_calcAdcClkPrescale
                0x08004e2c       0xc4 ./gecko_sdk_4.3.1/platform/emlib/src/em_iadc.o
                0x08004e2c                IADC_calcAdcClkPrescale
 .text.IADC_getReferenceVoltage
                0x08004ef0       0x7c ./gecko_sdk_4.3.1/platform/emlib/src/em_iadc.o
                0x08004ef0                IADC_getReferenceVoltage
 .text.LETIMER_Enable
                0x08004f6c       0x48 ./gecko_sdk_4.3.1/platform/emlib/src/em_letimer.o
                0x08004f6c                LETIMER_Enable
 .text.LETIMER_Init
                0x08004fb4      0x118 ./gecko_sdk_4.3.1/platform/emlib/src/em_letimer.o
                0x08004fb4                LETIMER_Init
 .text.SYSCFG_readChipRev
                0x080050cc        0xc ./gecko_sdk_4.3.1/platform/emlib/src/em_system.o
 .text.SYSTEM_ChipRevisionGet
                0x080050d8       0x50 ./gecko_sdk_4.3.1/platform/emlib/src/em_system.o
                0x080050d8                SYSTEM_ChipRevisionGet
 .text.TIMER_Valid
                0x08005128       0x54 ./gecko_sdk_4.3.1/platform/emlib/src/em_timer.o
 .text.timerPrsConfig
                0x0800517c       0xc0 ./gecko_sdk_4.3.1/platform/emlib/src/em_timer.o
 .text.TIMER_Init
                0x0800523c      0x130 ./gecko_sdk_4.3.1/platform/emlib/src/em_timer.o
                0x0800523c                TIMER_Init
 .text.TIMER_InitCC
                0x0800536c      0x148 ./gecko_sdk_4.3.1/platform/emlib/src/em_timer.o
                0x0800536c                TIMER_InitCC
 .text.prsRxInput
                0x080054b4       0x38 ./gecko_sdk_4.3.1/platform/emlib/src/em_usart.o
 .text.USART_BaudrateAsyncSet
                0x080054ec      0x14c ./gecko_sdk_4.3.1/platform/emlib/src/em_usart.o
                0x080054ec                USART_BaudrateAsyncSet
 .text.USART_BaudrateSyncSet
                0x08005638       0x68 ./gecko_sdk_4.3.1/platform/emlib/src/em_usart.o
                0x08005638                USART_BaudrateSyncSet
 .text.USART_InitAsync
                0x080056a0      0x134 ./gecko_sdk_4.3.1/platform/emlib/src/em_usart.o
                0x080056a0                USART_InitAsync
 .text.USART_InitSync
                0x080057d4      0x108 ./gecko_sdk_4.3.1/platform/emlib/src/em_usart.o
                0x080057d4                USART_InitSync
 .text.USART_Reset
                0x080058dc       0xa0 ./gecko_sdk_4.3.1/platform/emlib/src/em_usart.o
                0x080058dc                USART_Reset
 .text.sl_device_init_dcdc
                0x0800597c       0x34 ./gecko_sdk_4.3.1/platform/service/device_init/src/sl_device_init_dcdc_s2.o
                0x0800597c                sl_device_init_dcdc
 .text.sl_device_init_emu
                0x080059b0       0x34 ./gecko_sdk_4.3.1/platform/service/device_init/src/sl_device_init_emu_s2.o
                0x080059b0                sl_device_init_emu
 .text.sl_device_init_hfrco
                0x080059e4       0x14 ./gecko_sdk_4.3.1/platform/service/device_init/src/sl_device_init_hfrco.o
                0x080059e4                sl_device_init_hfrco
 .text.sl_device_init_hfxo
                0x080059f8       0xcc ./gecko_sdk_4.3.1/platform/service/device_init/src/sl_device_init_hfxo_s2.o
                0x080059f8                sl_device_init_hfxo
 .text.sl_device_init_lfxo
                0x08005ac4       0x3c ./gecko_sdk_4.3.1/platform/service/device_init/src/sl_device_init_lfxo_s2.o
                0x08005ac4                sl_device_init_lfxo
 .text.__NVIC_SetPriority
                0x08005b00       0x50 ./gecko_sdk_4.3.1/platform/service/device_init/src/sl_device_init_nvic.o
 .text.sl_udelay_wait
                0x08005b50       0x80 ./gecko_sdk_4.3.1/platform/service/udelay/src/sl_udelay.o
                0x08005b50                sl_udelay_wait
 .text          0x08005bd0      0x378 c:/siliconlabs/simplicitystudio/v5/developer/toolchains/gnu_arm/10.3_2021.10/bin/../lib/gcc/arm-none-eabi/10.3.1/thumb/v8-m.main+fp/hard\libgcc.a(_arm_addsubdf3.o)
                0x08005bd0                __aeabi_drsub
                0x08005bd8                __aeabi_dsub
                0x08005bd8                __subdf3
                0x08005bdc                __aeabi_dadd
                0x08005bdc                __adddf3
                0x08005e54                __floatunsidf
                0x08005e54                __aeabi_ui2d
                0x08005e74                __floatsidf
                0x08005e74                __aeabi_i2d
                0x08005e98                __aeabi_f2d
                0x08005e98                __extendsfdf2
                0x08005edc                __floatundidf
                0x08005edc                __aeabi_ul2d
                0x08005eec                __floatdidf
                0x08005eec                __aeabi_l2d
 .text          0x08005f48      0x424 c:/siliconlabs/simplicitystudio/v5/developer/toolchains/gnu_arm/10.3_2021.10/bin/../lib/gcc/arm-none-eabi/10.3.1/thumb/v8-m.main+fp/hard\libgcc.a(_arm_muldivdf3.o)
                0x08005f48                __aeabi_dmul
                0x08005f48                __muldf3
                0x0800619c                __divdf3
                0x0800619c                __aeabi_ddiv
 .text          0x0800636c       0x40 c:/siliconlabs/simplicitystudio/v5/developer/toolchains/gnu_arm/10.3_2021.10/bin/../lib/gcc/arm-none-eabi/10.3.1/thumb/v8-m.main+fp/hard\libgcc.a(_arm_fixunsdfsi.o)
                0x0800636c                __aeabi_d2uiz
                0x0800636c                __fixunsdfsi
 .text          0x080063ac       0xa0 c:/siliconlabs/simplicitystudio/v5/developer/toolchains/gnu_arm/10.3_2021.10/bin/../lib/gcc/arm-none-eabi/10.3.1/thumb/v8-m.main+fp/hard\libgcc.a(_arm_truncdfsf2.o)
                0x080063ac                __truncdfsf2
                0x080063ac                __aeabi_d2f
 .text          0x0800644c       0x30 c:/siliconlabs/simplicitystudio/v5/developer/toolchains/gnu_arm/10.3_2021.10/bin/../lib/gcc/arm-none-eabi/10.3.1/thumb/v8-m.main+fp/hard\libgcc.a(_aeabi_uldivmod.o)
                0x0800644c                __aeabi_uldivmod
 .text          0x0800647c      0x2ec c:/siliconlabs/simplicitystudio/v5/developer/toolchains/gnu_arm/10.3_2021.10/bin/../lib/gcc/arm-none-eabi/10.3.1/thumb/v8-m.main+fp/hard\libgcc.a(_udivmoddi4.o)
                0x0800647c                __udivmoddi4
 .text          0x08006768        0x4 c:/siliconlabs/simplicitystudio/v5/developer/toolchains/gnu_arm/10.3_2021.10/bin/../lib/gcc/arm-none-eabi/10.3.1/thumb/v8-m.main+fp/hard\libgcc.a(_dvmd_tls.o)
                0x08006768                __aeabi_idiv0
                0x08006768                __aeabi_ldiv0
 .text.exit     0x0800676c       0x28 c:/siliconlabs/simplicitystudio/v5/developer/toolchains/gnu_arm/10.3_2021.10/bin/../lib/gcc/arm-none-eabi/10.3.1/../../../../arm-none-eabi/lib/thumb/v8-m.main+fp/hard\libc_nano.a(lib_a-exit.o)
                0x0800676c                exit
 .text.__libc_init_array
                0x08006794       0x48 c:/siliconlabs/simplicitystudio/v5/developer/toolchains/gnu_arm/10.3_2021.10/bin/../lib/gcc/arm-none-eabi/10.3.1/../../../../arm-none-eabi/lib/thumb/v8-m.main+fp/hard\libc_nano.a(lib_a-init.o)
                0x08006794                __libc_init_array
 .text.snprintf
                0x080067dc       0x68 c:/siliconlabs/simplicitystudio/v5/developer/toolchains/gnu_arm/10.3_2021.10/bin/../lib/gcc/arm-none-eabi/10.3.1/../../../../arm-none-eabi/lib/thumb/v8-m.main+fp/hard\libc_nano.a(lib_a-snprintf.o)
                0x080067dc                sniprintf
                0x080067dc                snprintf
 .text._svfprintf_r
                0x08006844      0x200 c:/siliconlabs/simplicitystudio/v5/developer/toolchains/gnu_arm/10.3_2021.10/bin/../lib/gcc/arm-none-eabi/10.3.1/../../../../arm-none-eabi/lib/thumb/v8-m.main+fp/hard\libc_nano.a(lib_a-nano-svfprintf.o)
                0x08006844                _svfiprintf_r
                0x08006844                _svfprintf_r
 .text._printf_i
                0x08006a44      0x24c c:/siliconlabs/simplicitystudio/v5/developer/toolchains/gnu_arm/10.3_2021.10/bin/../lib/gcc/arm-none-eabi/10.3.1/../../../../arm-none-eabi/lib/thumb/v8-m.main+fp/hard\libc_nano.a(lib_a-nano-vfprintf_i.o)
                0x08006a44                _printf_i
 .text._free_r  0x08006c90       0x98 c:/siliconlabs/simplicitystudio/v5/developer/toolchains/gnu_arm/10.3_2021.10/bin/../lib/gcc/arm-none-eabi/10.3.1/../../../../arm-none-eabi/lib/thumb/v8-m.main+fp/hard\libc_nano.a(lib_a-nano-freer.o)
                0x08006c90                _free_r
 .text.sbrk_aligned
                0x08006d28       0x40 c:/siliconlabs/simplicitystudio/v5/developer/toolchains/gnu_arm/10.3_2021.10/bin/../lib/gcc/arm-none-eabi/10.3.1/../../../../arm-none-eabi/lib/thumb/v8-m.main+fp/hard\libc_nano.a(lib_a-nano-mallocr.o)
 .text._malloc_r
                0x08006d68       0xe8 c:/siliconlabs/simplicitystudio/v5/developer/toolchains/gnu_arm/10.3_2021.10/bin/../lib/gcc/arm-none-eabi/10.3.1/../../../../arm-none-eabi/lib/thumb/v8-m.main+fp/hard\libc_nano.a(lib_a-nano-mallocr.o)
                0x08006d68                _malloc_r
 .text._sbrk_r  0x08006e50       0x20 c:/siliconlabs/simplicitystudio/v5/developer/toolchains/gnu_arm/10.3_2021.10/bin/../lib/gcc/arm-none-eabi/10.3.1/../../../../arm-none-eabi/lib/thumb/v8-m.main+fp/hard\libc_nano.a(lib_a-sbrkr.o)
                0x08006e50                _sbrk_r
 .text.__malloc_lock
                0x08006e70        0xc c:/siliconlabs/simplicitystudio/v5/developer/toolchains/gnu_arm/10.3_2021.10/bin/../lib/gcc/arm-none-eabi/10.3.1/../../../../arm-none-eabi/lib/thumb/v8-m.main+fp/hard\libc_nano.a(lib_a-mlock.o)
                0x08006e70                __malloc_lock
 .text.__malloc_unlock
                0x08006e7c        0xc c:/siliconlabs/simplicitystudio/v5/developer/toolchains/gnu_arm/10.3_2021.10/bin/../lib/gcc/arm-none-eabi/10.3.1/../../../../arm-none-eabi/lib/thumb/v8-m.main+fp/hard\libc_nano.a(lib_a-mlock.o)
                0x08006e7c                __malloc_unlock
 .text._exit    0x08006e88        0x4 c:/siliconlabs/simplicitystudio/v5/developer/toolchains/gnu_arm/10.3_2021.10/bin/../lib/gcc/arm-none-eabi/10.3.1/../../../../arm-none-eabi/lib/thumb/v8-m.main+fp/hard\libnosys.a(_exit.o)
                0x08006e88                _exit
 .text.BUS_RegBitRead
                0x08006e8c       0x1a ./DHT22.o
 .text.DHT_Start
                0x08006ea6       0x3c ./DHT22.o
                0x08006ea6                DHT_Start
 .text.DHT_Check_Response
                0x08006ee2       0x5c ./DHT22.o
                0x08006ee2                DHT_Check_Response
 .text.DHT_Read
                0x08006f3e       0x9c ./DHT22.o
                0x08006f3e                DHT_Read
 .text.LETIMER_IntClear
                0x08006fda       0x18 ./Letimer.o
 .text.LETIMER_IntEnable
                0x08006ff2       0x18 ./Letimer.o
 .text.LETIMER_IntGet
                0x0800700a        0xe ./Letimer.o
 .text.letimer0Init
                0x08007018       0x6c ./Letimer.o
                0x08007018                letimer0Init
 .text.letimer0Enable
                0x08007084       0x2a ./Letimer.o
                0x08007084                letimer0Enable
 .text.batteryLevel
                0x080070ae       0x32 ./Letimer.o
                0x080070ae                batteryLevel
 .text.BUS_RegBitRead
                0x080070e0       0x1a ./app.o
 .text.app_init
                0x080070fa       0x56 ./app.o
                0x080070fa                app_init
 .text.app_process_action
                0x08007150        0x4 ./app.o
                0x08007150                app_process_action
 .text.IADC_command
                0x08007154       0x12 ./iadc.o
 .text.main     0x08007166       0x16 ./main.o
                0x08007166                main
 .text.calculateLrc
                0x0800717c       0x3c ./uart.o
                0x0800717c                calculateLrc
 .text.sl_board_default_init
                0x080071b8        0xa ./autogen/sl_board_default_init.o
                0x080071b8                sl_board_default_init
 .text.CHIP_Init
                0x080071c2        0x4 ./autogen/sl_event_handler.o
 .text.sl_platform_init
                0x080071c6       0x2e ./autogen/sl_event_handler.o
                0x080071c6                sl_platform_init
 .text.sl_driver_init
                0x080071f4        0xe ./autogen/sl_event_handler.o
                0x080071f4                sl_driver_init
 .text.sl_service_init
                0x08007202        0xa ./autogen/sl_event_handler.o
                0x08007202                sl_service_init
 .text.sl_stack_init
                0x0800720c        0x4 ./autogen/sl_event_handler.o
                0x0800720c                sl_stack_init
 .text.sl_internal_app_init
                0x08007210        0x4 ./autogen/sl_event_handler.o
                0x08007210                sl_internal_app_init
 .text.sl_board_configure_vcom
                0x08007214        0x6 ./gecko_sdk_4.3.1/hardware/board/src/sl_board_control_gpio.o
                0x08007214                sl_board_configure_vcom
 .text.sl_board_disable_vcom
                0x0800721a       0x14 ./gecko_sdk_4.3.1/hardware/board/src/sl_board_control_gpio.o
                0x0800721a                sl_board_disable_vcom
 .text.sl_board_init
                0x0800722e       0x16 ./gecko_sdk_4.3.1/hardware/board/src/sl_board_init.o
                0x0800722e                sl_board_init
 .text.sl_board_preinit
                0x08007244        0xe ./gecko_sdk_4.3.1/hardware/board/src/sl_board_init.o
                0x08007244                sl_board_preinit
 .text.sl_cos_send_config
                0x08007252       0x12 ./gecko_sdk_4.3.1/hardware/driver/configuration_over_swo/src/sl_cos.o
                0x08007252                sl_cos_send_config
 .text.cs_low   0x08007264        0xe ./gecko_sdk_4.3.1/hardware/driver/mx25_flash_shutdown/src/sl_mx25_flash_shutdown_usart/sl_mx25_flash_shutdown.o
 .text.cs_high  0x08007272        0xe ./gecko_sdk_4.3.1/hardware/driver/mx25_flash_shutdown/src/sl_mx25_flash_shutdown_usart/sl_mx25_flash_shutdown.o
 .text.Default_Handler
                0x08007280        0x2 ./gecko_sdk_4.3.1/platform/Device/SiliconLabs/EFR32MG24/Source/startup_efr32mg24.o
                0x08007280                ULFRCO_IRQHandler
                0x08007280                AHB2AHB1_IRQHandler
                0x08007280                SW2_IRQHandler
                0x08007280                TIMER2_IRQHandler
                0x08007280                DebugMon_Handler
                0x08007280                USART0_TX_IRQHandler
                0x08007280                IADC_IRQHandler
                0x08007280                EUSART0_TX_IRQHandler
                0x08007280                I2C0_IRQHandler
                0x08007280                LFXO_IRQHandler
                0x08007280                HardFault_Handler
                0x08007280                SMU_SECURE_IRQHandler
                0x08007280                SysTick_Handler
                0x08007280                SYSRTC_SEQ_IRQHandler
                0x08007280                EMUEFP_IRQHandler
                0x08007280                PendSV_Handler
                0x08007280                NMI_Handler
                0x08007280                SYNTH_IRQHandler
                0x08007280                HOSTMAILBOX_IRQHandler
                0x08007280                HFXO0_IRQHandler
                0x08007280                I2C1_IRQHandler
                0x08007280                WDOG0_IRQHandler
                0x08007280                TIMER3_IRQHandler
                0x08007280                SYSCFG_IRQHandler
                0x08007280                RFECA1_IRQHandler
                0x08007280                EMUDG_IRQHandler
                0x08007280                MSC_IRQHandler
                0x08007280                DPLL0_IRQHandler
                0x08007280                UsageFault_Handler
                0x08007280                WDOG1_IRQHandler
                0x08007280                M33CTI1_IRQHandler
                0x08007280                TIMER4_IRQHandler
                0x08007280                GPIO_EVEN_IRQHandler
                0x08007280                VDAC0_IRQHandler
                0x08007280                LDMA_IRQHandler
                0x08007280                SEMBTX_IRQHandler
                0x08007280                SW0_IRQHandler
                0x08007280                MVP_IRQHandler
                0x08007280                EUSART1_RX_IRQHandler
                0x08007280                TIMER1_IRQHandler
                0x08007280                HFRCO0_IRQHandler
                0x08007280                SecureFault_Handler
                0x08007280                BUFC_IRQHandler
                0x08007280                DCDC_IRQHandler
                0x08007280                MODEM_IRQHandler
                0x08007280                Default_Handler
                0x08007280                RAC_SEQ_IRQHandler
                0x08007280                FRC_PRI_IRQHandler
                0x08007280                SW3_IRQHandler
                0x08007280                EMU_IRQHandler
                0x08007280                KERNEL0_IRQHandler
                0x08007280                FRC_IRQHandler
                0x08007280                PCNT0_IRQHandler
                0x08007280                KERNEL1_IRQHandler
                0x08007280                AGC_IRQHandler
                0x08007280                EUSART1_TX_IRQHandler
                0x08007280                KEYSCAN_IRQHandler
                0x08007280                HFRCOEM23_IRQHandler
                0x08007280                sl_app_properties
                0x08007280                BURTC_IRQHandler
                0x08007280                SEMBRX_IRQHandler
                0x08007280                RFECA0_IRQHandler
                0x08007280                LFRCO_IRQHandler
                0x08007280                VDAC1_IRQHandler
                0x08007280                ACMP0_IRQHandler
                0x08007280                USART0_RX_IRQHandler
                0x08007280                MemManage_Handler
                0x08007280                AHB2AHB0_IRQHandler
                0x08007280                SVC_Handler
                0x08007280                SMU_S_PRIVILEGED_IRQHandler
                0x08007280                SW1_IRQHandler
                0x08007280                CMU_IRQHandler
                0x08007280                EUSART0_RX_IRQHandler
                0x08007280                RAC_RSM_IRQHandler
                0x08007280                SETAMPERHOST_IRQHandler
                0x08007280                GPIO_ODD_IRQHandler
                0x08007280                AES_IRQHandler
                0x08007280                M33CTI0_IRQHandler
                0x08007280                ICACHE0_IRQHandler
                0x08007280                SMU_NS_PRIVILEGED_IRQHandler
                0x08007280                FPUEXH_IRQHandler
                0x08007280                PROTIMER_IRQHandler
                0x08007280                ACMP1_IRQHandler
                0x08007280                BusFault_Handler
                0x08007280                MPAHBRAM_IRQHandler
                0x08007280                SYSRTC_APP_IRQHandler
 .text.SystemCLKIN0Get
                0x08007282        0x6 ./gecko_sdk_4.3.1/platform/Device/SiliconLabs/EFR32MG24/Source/system_efr32mg24.o
                0x08007282                SystemCLKIN0Get
 .text.SystemLFRCOClockGet
                0x08007288        0x8 ./gecko_sdk_4.3.1/platform/Device/SiliconLabs/EFR32MG24/Source/system_efr32mg24.o
                0x08007288                SystemLFRCOClockGet
 .text.SystemULFRCOClockGet
                0x08007290        0x8 ./gecko_sdk_4.3.1/platform/Device/SiliconLabs/EFR32MG24/Source/system_efr32mg24.o
                0x08007290                SystemULFRCOClockGet
 .text.assertEFM
                0x08007298        0x8 ./gecko_sdk_4.3.1/platform/common/src/sl_assert.o
                0x08007298                assertEFM
 .text.sl_debug_swo_enable_itm
                0x080072a0       0x26 ./gecko_sdk_4.3.1/platform/driver/debug/src/sl_debug_swo.o
                0x080072a0                sl_debug_swo_enable_itm
 .text.sl_debug_swo_disable_itm
                0x080072c6       0x28 ./gecko_sdk_4.3.1/platform/driver/debug/src/sl_debug_swo.o
                0x080072c6                sl_debug_swo_disable_itm
 .text.TIMER_CounterGet
                0x080072ee        0xe ./gecko_sdk_4.3.1/platform/emdrv/ustimer/src/ustimer.o
 .text.TIMER_IntClear
                0x080072fc       0x18 ./gecko_sdk_4.3.1/platform/emdrv/ustimer/src/ustimer.o
 .text.TIMER_IntDisable
                0x08007314       0x1a ./gecko_sdk_4.3.1/platform/emdrv/ustimer/src/ustimer.o
 .text.TIMER_IntGet
                0x0800732e        0xe ./gecko_sdk_4.3.1/platform/emdrv/ustimer/src/ustimer.o
 .text.SystemCoreClockGet
                0x0800733c        0xc ./gecko_sdk_4.3.1/platform/emlib/src/em_cmu.o
 .text.BUS_RegBitRead
                0x08007348       0x1a ./gecko_sdk_4.3.1/platform/emlib/src/em_cmu.o
 .text.BUS_RegMaskedWrite
                0x08007362       0x34 ./gecko_sdk_4.3.1/platform/emlib/src/em_cmu.o
 .text.sli_em_cmu_SYSCLKInitPreClockSelect
                0x08007396       0x1a ./gecko_sdk_4.3.1/platform/emlib/src/em_cmu.o
                0x08007396                sli_em_cmu_SYSCLKInitPreClockSelect
 .text.sli_em_cmu_SYSCLKInitPostClockSelect
                0x080073b0       0x2e ./gecko_sdk_4.3.1/platform/emlib/src/em_cmu.o
                0x080073b0                sli_em_cmu_SYSCLKInitPostClockSelect
 .text.CMU_UpdateWaitStates
                0x080073de       0x28 ./gecko_sdk_4.3.1/platform/emlib/src/em_cmu.o
                0x080073de                CMU_UpdateWaitStates
 .text.pclkDivMax
                0x08007406       0x10 ./gecko_sdk_4.3.1/platform/emlib/src/em_cmu.o
 .text.waitStateMax
                0x08007416       0x14 ./gecko_sdk_4.3.1/platform/emlib/src/em_cmu.o
 .text.CORE_EnterCritical
                0x0800742a       0x18 ./gecko_sdk_4.3.1/platform/emlib/src/em_core.o
                0x0800742a                CORE_EnterCritical
 .text.CORE_ExitCritical
                0x08007442       0x14 ./gecko_sdk_4.3.1/platform/emlib/src/em_core.o
                0x08007442                CORE_ExitCritical
 .text.SystemCoreClockUpdate
                0x08007456        0xa ./gecko_sdk_4.3.1/platform/emlib/src/em_emu.o
 .text.BUS_RegBitRead
                0x08007460       0x1a ./gecko_sdk_4.3.1/platform/emlib/src/em_emu.o
 .text.vScaleEM01Cmd
                0x0800747a       0x1c ./gecko_sdk_4.3.1/platform/emlib/src/em_emu.o
 .text.EMU_EM23PresleepHook
                0x08007496        0x4 ./gecko_sdk_4.3.1/platform/emlib/src/em_emu.o
                0x08007496                EMU_EM23PresleepHook
 .text.EMU_EFPEM23PresleepHook
                0x0800749a        0x4 ./gecko_sdk_4.3.1/platform/emlib/src/em_emu.o
                0x0800749a                EMU_EFPEM23PresleepHook
 .text.EMU_EM23PostsleepHook
                0x0800749e        0x4 ./gecko_sdk_4.3.1/platform/emlib/src/em_emu.o
                0x0800749e                EMU_EM23PostsleepHook
 .text.EMU_EFPEM23PostsleepHook
                0x080074a2        0x4 ./gecko_sdk_4.3.1/platform/emlib/src/em_emu.o
                0x080074a2                EMU_EFPEM23PostsleepHook
 .text.EMU_EM4PresleepHook
                0x080074a6        0x4 ./gecko_sdk_4.3.1/platform/emlib/src/em_emu.o
                0x080074a6                EMU_EM4PresleepHook
 .text.EMU_EFPEM4PresleepHook
                0x080074aa        0x4 ./gecko_sdk_4.3.1/platform/emlib/src/em_emu.o
                0x080074aa                EMU_EFPEM4PresleepHook
 .text.EMU_EFPEM01VScale
                0x080074ae        0xe ./gecko_sdk_4.3.1/platform/emlib/src/em_emu.o
                0x080074ae                EMU_EFPEM01VScale
 .text.EMU_DCDCUpdatedHook
                0x080074bc        0x4 ./gecko_sdk_4.3.1/platform/emlib/src/em_emu.o
                0x080074bc                EMU_DCDCUpdatedHook
 .text.BUS_RegMaskedWrite
                0x080074c0       0x34 ./gecko_sdk_4.3.1/platform/emlib/src/em_gpio.o
 .text.GPIO_DbgLocationSet
                0x080074f4        0xa ./gecko_sdk_4.3.1/platform/emlib/src/em_gpio.o
                0x080074f4                GPIO_DbgLocationSet
 .text.IADC_pullSingleFifoData
                0x080074fe        0xe ./gecko_sdk_4.3.1/platform/emlib/src/em_iadc.o
 .text.IADC_readSingleData
                0x0800750c        0xe ./gecko_sdk_4.3.1/platform/emlib/src/em_iadc.o
 .text.IADC_pullScanFifoData
                0x0800751a       0x10 ./gecko_sdk_4.3.1/platform/emlib/src/em_iadc.o
 .text.IADC_readScanData
                0x0800752a       0x10 ./gecko_sdk_4.3.1/platform/emlib/src/em_iadc.o
 .text.IADC_clearInt
                0x0800753a       0x18 ./gecko_sdk_4.3.1/platform/emlib/src/em_iadc.o
 .text.IADC_disableInt
                0x08007552       0x18 ./gecko_sdk_4.3.1/platform/emlib/src/em_iadc.o
 .text.IADC_command
                0x0800756a       0x12 ./gecko_sdk_4.3.1/platform/emlib/src/em_iadc.o
 .text.IADC_enable
                0x0800757c       0x16 ./gecko_sdk_4.3.1/platform/emlib/src/em_iadc.o
 .text.IADC_ConvertRawDataToResult
                0x08007592       0x72 ./gecko_sdk_4.3.1/platform/emlib/src/em_iadc.o
 .text.IADC_readSingleResult
                0x08007604       0x2a ./gecko_sdk_4.3.1/platform/emlib/src/em_iadc.o
                0x08007604                IADC_readSingleResult
 .text.regSync  0x0800762e       0x1c ./gecko_sdk_4.3.1/platform/emlib/src/em_letimer.o
 .text.LETIMER_TopSet
                0x0800764a       0x38 ./gecko_sdk_4.3.1/platform/emlib/src/em_letimer.o
                0x0800764a                LETIMER_TopSet
 .text.TIMER_SyncWait
                0x08007682       0x24 ./gecko_sdk_4.3.1/platform/emlib/src/em_timer.o
                0x08007682                TIMER_SyncWait
 .text.USART_Rx
                0x080076a6       0x1e ./gecko_sdk_4.3.1/platform/emlib/src/em_usart.o
                0x080076a6                USART_Rx
 .text.USART_SpiTransfer
                0x080076c4       0x3a ./gecko_sdk_4.3.1/platform/emlib/src/em_usart.o
                0x080076c4                USART_SpiTransfer
 .text.USART_Tx
                0x080076fe       0x26 ./gecko_sdk_4.3.1/platform/emlib/src/em_usart.o
                0x080076fe                USART_Tx
 .text.sl_device_init_nvic
                0x08007724       0x38 ./gecko_sdk_4.3.1/platform/service/device_init/src/sl_device_init_nvic.o
                0x08007724                sl_device_init_nvic
 .text.sl_system_init
                0x0800775c       0x1a ./gecko_sdk_4.3.1/platform/service/system/src/sl_system_init.o
                0x0800775c                sl_system_init
 .text.SystemCoreClockGet
                0x08007776        0xc ./gecko_sdk_4.3.1/platform/service/udelay/src/sl_udelay.o
 .text.memset   0x08007782       0x10 c:/siliconlabs/simplicitystudio/v5/developer/toolchains/gnu_arm/10.3_2021.10/bin/../lib/gcc/arm-none-eabi/10.3.1/../../../../arm-none-eabi/lib/thumb/v8-m.main+fp/hard\libc_nano.a(lib_a-memset.o)
                0x08007782                memset
 .text.__ssputs_r
                0x08007792       0xb6 c:/siliconlabs/simplicitystudio/v5/developer/toolchains/gnu_arm/10.3_2021.10/bin/../lib/gcc/arm-none-eabi/10.3.1/../../../../arm-none-eabi/lib/thumb/v8-m.main+fp/hard\libc_nano.a(lib_a-nano-svfprintf.o)
                0x08007792                __ssputs_r
 .text._printf_common
                0x08007848       0xe0 c:/siliconlabs/simplicitystudio/v5/developer/toolchains/gnu_arm/10.3_2021.10/bin/../lib/gcc/arm-none-eabi/10.3.1/../../../../arm-none-eabi/lib/thumb/v8-m.main+fp/hard\libc_nano.a(lib_a-nano-vfprintf_i.o)
                0x08007848                _printf_common
 .text.memchr   0x08007928       0x1c c:/siliconlabs/simplicitystudio/v5/developer/toolchains/gnu_arm/10.3_2021.10/bin/../lib/gcc/arm-none-eabi/10.3.1/../../../../arm-none-eabi/lib/thumb/v8-m.main+fp/hard\libc_nano.a(lib_a-memchr-stub.o)
                0x08007928                memchr
 .text.memcpy   0x08007944       0x1a c:/siliconlabs/simplicitystudio/v5/developer/toolchains/gnu_arm/10.3_2021.10/bin/../lib/gcc/arm-none-eabi/10.3.1/../../../../arm-none-eabi/lib/thumb/v8-m.main+fp/hard\libc_nano.a(lib_a-memcpy-stub.o)
                0x08007944                memcpy
 .text.memmove  0x0800795e       0x34 c:/siliconlabs/simplicitystudio/v5/developer/toolchains/gnu_arm/10.3_2021.10/bin/../lib/gcc/arm-none-eabi/10.3.1/../../../../arm-none-eabi/lib/thumb/v8-m.main+fp/hard\libc_nano.a(lib_a-memmove.o)
                0x0800795e                memmove
 .text._realloc_r
                0x08007992       0x5e c:/siliconlabs/simplicitystudio/v5/developer/toolchains/gnu_arm/10.3_2021.10/bin/../lib/gcc/arm-none-eabi/10.3.1/../../../../arm-none-eabi/lib/thumb/v8-m.main+fp/hard\libc_nano.a(lib_a-nano-reallocr.o)
                0x08007992                _realloc_r
 .text._malloc_usable_size_r
                0x080079f0       0x10 c:/siliconlabs/simplicitystudio/v5/developer/toolchains/gnu_arm/10.3_2021.10/bin/../lib/gcc/arm-none-eabi/10.3.1/../../../../arm-none-eabi/lib/thumb/v8-m.main+fp/hard\libc_nano.a(lib_a-nano-msizer.o)
                0x080079f0                _malloc_usable_size_r
 .text.__retarget_lock_acquire_recursive
                0x08007a00        0x2 c:/siliconlabs/simplicitystudio/v5/developer/toolchains/gnu_arm/10.3_2021.10/bin/../lib/gcc/arm-none-eabi/10.3.1/../../../../arm-none-eabi/lib/thumb/v8-m.main+fp/hard\libc_nano.a(lib_a-lock.o)
                0x08007a00                __retarget_lock_acquire_recursive
 .text.__retarget_lock_release_recursive
                0x08007a02        0x2 c:/siliconlabs/simplicitystudio/v5/developer/toolchains/gnu_arm/10.3_2021.10/bin/../lib/gcc/arm-none-eabi/10.3.1/../../../../arm-none-eabi/lib/thumb/v8-m.main+fp/hard\libc_nano.a(lib_a-lock.o)
                0x08007a02                __retarget_lock_release_recursive
                0x08007a04                linker_code_end = .
 *(.init)
 .init          0x08007a04        0x4 c:/siliconlabs/simplicitystudio/v5/developer/toolchains/gnu_arm/10.3_2021.10/bin/../lib/gcc/arm-none-eabi/10.3.1/thumb/v8-m.main+fp/hard/crti.o
                0x08007a04                _init
 .init          0x08007a08        0x8 c:/siliconlabs/simplicitystudio/v5/developer/toolchains/gnu_arm/10.3_2021.10/bin/../lib/gcc/arm-none-eabi/10.3.1/thumb/v8-m.main+fp/hard/crtn.o
 *(.fini)
 .fini          0x08007a10        0x4 c:/siliconlabs/simplicitystudio/v5/developer/toolchains/gnu_arm/10.3_2021.10/bin/../lib/gcc/arm-none-eabi/10.3.1/thumb/v8-m.main+fp/hard/crti.o
                0x08007a10                _fini
 .fini          0x08007a14        0x8 c:/siliconlabs/simplicitystudio/v5/developer/toolchains/gnu_arm/10.3_2021.10/bin/../lib/gcc/arm-none-eabi/10.3.1/thumb/v8-m.main+fp/hard/crtn.o
 *crtbegin.o(.ctors)
 *crtbegin?.o(.ctors)
 *(EXCLUDE_FILE(*crtend.o *crtend?.o) .ctors)
 *(SORT_BY_NAME(.ctors.*))
 *(.ctors)
 *crtbegin.o(.dtors)
 *crtbegin?.o(.dtors)
 *(EXCLUDE_FILE(*crtend.o *crtend?.o) .dtors)
 *(SORT_BY_NAME(.dtors.*))
 *(.dtors)
 *(.rodata*)
 .rodata        0x08007a1c       0x4e ./DHT22.o
 *fill*         0x08007a6a        0x2 
 .rodata        0x08007a6c       0x4e ./app.o
 *fill*         0x08007aba        0x2 
 .rodata        0x08007abc       0x56 ./connect.o
 *fill*         0x08007b12        0x2 
 .rodata        0x08007b14       0x28 ./iadc.o
 .rodata        0x08007b3c       0x21 ./uart.o
 *fill*         0x08007b5d        0x3 
 .rodata        0x08007b60       0x6c ./gecko_sdk_4.3.1/hardware/driver/mx25_flash_shutdown/src/sl_mx25_flash_shutdown_usart/sl_mx25_flash_shutdown.o
 .rodata        0x08007bcc       0x4d ./gecko_sdk_4.3.1/platform/driver/debug/src/sl_debug_swo.o
 *fill*         0x08007c19        0x3 
 .rodata        0x08007c1c       0x4f ./gecko_sdk_4.3.1/platform/emdrv/ustimer/src/ustimer.o
 *fill*         0x08007c6b        0x1 
 .rodata        0x08007c6c       0x9d ./gecko_sdk_4.3.1/platform/emlib/src/em_cmu.o
 *fill*         0x08007d09        0x3 
 .rodata        0x08007d0c       0x4d ./gecko_sdk_4.3.1/platform/emlib/src/em_emu.o
 *fill*         0x08007d59        0x3 
 .rodata        0x08007d5c       0xee ./gecko_sdk_4.3.1/platform/emlib/src/em_gpio.o
 *fill*         0x08007e4a        0x2 
 .rodata        0x08007e4c       0x68 ./gecko_sdk_4.3.1/platform/emlib/src/em_iadc.o
 .rodata        0x08007eb4       0x51 ./gecko_sdk_4.3.1/platform/emlib/src/em_letimer.o
 *fill*         0x08007f05        0x3 
 .rodata        0x08007f08       0x9f ./gecko_sdk_4.3.1/platform/emlib/src/em_timer.o
 *fill*         0x08007fa7        0x1 
 .rodata        0x08007fa8       0x4f ./gecko_sdk_4.3.1/platform/emlib/src/em_usart.o
 *fill*         0x08007ff7        0x1 
 .rodata        0x08007ff8        0x7 ./gecko_sdk_4.3.1/platform/service/device_init/src/sl_device_init_dcdc_s2.o
 *fill*         0x08007fff        0x1 
 .rodata        0x08008000       0x28 ./gecko_sdk_4.3.1/platform/service/device_init/src/sl_device_init_hfxo_s2.o
 .rodata        0x08008028       0x14 ./gecko_sdk_4.3.1/platform/service/device_init/src/sl_device_init_lfxo_s2.o
 .rodata        0x0800803c       0x59 ./gecko_sdk_4.3.1/platform/service/udelay/src/sl_udelay.o
 *fill*         0x08008095        0x3 
 .rodata._global_impure_ptr
                0x08008098        0x4 c:/siliconlabs/simplicitystudio/v5/developer/toolchains/gnu_arm/10.3_2021.10/bin/../lib/gcc/arm-none-eabi/10.3.1/../../../../arm-none-eabi/lib/thumb/v8-m.main+fp/hard\libc_nano.a(lib_a-impure.o)
                0x08008098                _global_impure_ptr
 .rodata._svfprintf_r.str1.1
                0x0800809c       0x11 c:/siliconlabs/simplicitystudio/v5/developer/toolchains/gnu_arm/10.3_2021.10/bin/../lib/gcc/arm-none-eabi/10.3.1/../../../../arm-none-eabi/lib/thumb/v8-m.main+fp/hard\libc_nano.a(lib_a-nano-svfprintf.o)
 .rodata._printf_i.str1.1
                0x080080ad       0x22 c:/siliconlabs/simplicitystudio/v5/developer/toolchains/gnu_arm/10.3_2021.10/bin/../lib/gcc/arm-none-eabi/10.3.1/../../../../arm-none-eabi/lib/thumb/v8-m.main+fp/hard\libc_nano.a(lib_a-nano-vfprintf_i.o)
 *(.eh_frame*)
 *fill*         0x080080cf        0x1 
 .eh_frame      0x080080d0        0x0 c:/siliconlabs/simplicitystudio/v5/developer/toolchains/gnu_arm/10.3_2021.10/bin/../lib/gcc/arm-none-eabi/10.3.1/thumb/v8-m.main+fp/hard/crtbegin.o

.glue_7         0x080080d0        0x0
 .glue_7        0x080080d0        0x0 linker stubs

.glue_7t        0x080080d0        0x0
 .glue_7t       0x080080d0        0x0 linker stubs

.vfp11_veneer   0x080080d0        0x0
 .vfp11_veneer  0x080080d0        0x0 linker stubs

.v4_bx          0x080080d0        0x0
 .v4_bx         0x080080d0        0x0 linker stubs

.iplt           0x080080d0        0x0
 .iplt          0x080080d0        0x0 c:/siliconlabs/simplicitystudio/v5/developer/toolchains/gnu_arm/10.3_2021.10/bin/../lib/gcc/arm-none-eabi/10.3.1/thumb/v8-m.main+fp/hard/crtbegin.o

.ARM.extab
 *(.ARM.extab* .gnu.linkonce.armextab.*)
                0x080080d0                __exidx_start = .

.ARM.exidx      0x080080d0        0x8
 *(.ARM.exidx* .gnu.linkonce.armexidx.*)
 .ARM.exidx     0x080080d0        0x8 c:/siliconlabs/simplicitystudio/v5/developer/toolchains/gnu_arm/10.3_2021.10/bin/../lib/gcc/arm-none-eabi/10.3.1/../../../../arm-none-eabi/lib/thumb/v8-m.main+fp/hard/crt0.o
                                 0x10 (size before relaxing)
 .ARM.exidx     0x080080d8        0x0 c:/siliconlabs/simplicitystudio/v5/developer/toolchains/gnu_arm/10.3_2021.10/bin/../lib/gcc/arm-none-eabi/10.3.1/thumb/v8-m.main+fp/hard\libgcc.a(_udivmoddi4.o)
                                  0x8 (size before relaxing)
                0x080080d8                __exidx_end = .

.rel.dyn        0x080080d8        0x0
 .rel.iplt      0x080080d8        0x0 c:/siliconlabs/simplicitystudio/v5/developer/toolchains/gnu_arm/10.3_2021.10/bin/../lib/gcc/arm-none-eabi/10.3.1/thumb/v8-m.main+fp/hard/crtbegin.o

.copy.table     0x080080d8        0xc
                0x080080d8                . = ALIGN (0x4)
                0x080080d8                __copy_table_start__ = .
                0x080080d8        0x4 LONG 0x80080e4 __etext
                0x080080dc        0x4 LONG 0x20001000 __data_start__
                0x080080e0        0x4 LONG 0x22 ((__data_end__ - __data_start__) / 0x4)
                0x080080e4                __copy_table_end__ = .

.zero.table     0x080080e4        0x0
                0x080080e4                . = ALIGN (0x4)
                0x080080e4                __zero_table_start__ = .
                0x080080e4                __zero_table_end__ = .
                0x080080e4                __etext = .
                0x20000000                . = ORIGIN (RAM)

.stack          0x20000000     0x1000
                0x20000000                __StackLimit = .
 *(.stack*)
 .stack         0x20000000     0x1000 ./gecko_sdk_4.3.1/platform/common/toolchain/src/sl_memory.o
                0x20001000                . = ALIGN (0x4)
                0x20001000                __StackTop = .
                0x20001000                PROVIDE (__stack = __StackTop)

.noinit
 *(.noinit*)

.data           0x20001000       0x88 load address 0x080080e4
                0x20001000                . = ALIGN (0x4)
                0x20001000                __data_start__ = .
 *(vtable)
 *(SORT_BY_ALIGNMENT(.data*))
 .data.SystemHFXOClock
                0x20001000        0x4 ./gecko_sdk_4.3.1/platform/Device/SiliconLabs/EFR32MG24/Source/system_efr32mg24.o
 .data.SystemLFXOClock
                0x20001004        0x4 ./gecko_sdk_4.3.1/platform/Device/SiliconLabs/EFR32MG24/Source/system_efr32mg24.o
 .data.SystemHFRCODPLLClock
                0x20001008        0x4 ./gecko_sdk_4.3.1/platform/Device/SiliconLabs/EFR32MG24/Source/system_efr32mg24.o
 .data.SystemCoreClock
                0x2000100c        0x4 ./gecko_sdk_4.3.1/platform/Device/SiliconLabs/EFR32MG24/Source/system_efr32mg24.o
                0x2000100c                SystemCoreClock
 .data.heap_end.0
                0x20001010        0x4 ./gecko_sdk_4.3.1/platform/common/toolchain/src/sl_memory.o
 .data._impure_ptr
                0x20001014        0x4 c:/siliconlabs/simplicitystudio/v5/developer/toolchains/gnu_arm/10.3_2021.10/bin/../lib/gcc/arm-none-eabi/10.3.1/../../../../arm-none-eabi/lib/thumb/v8-m.main+fp/hard\libc_nano.a(lib_a-impure.o)
                0x20001014                _impure_ptr
 .data.impure_data
                0x20001018       0x60 c:/siliconlabs/simplicitystudio/v5/developer/toolchains/gnu_arm/10.3_2021.10/bin/../lib/gcc/arm-none-eabi/10.3.1/../../../../arm-none-eabi/lib/thumb/v8-m.main+fp/hard\libc_nano.a(lib_a-impure.o)
 .data.battery  0x20001078        0x2 ./Letimer.o
                0x20001078                battery
 .data.lfxo_precision
                0x2000107a        0x2 ./gecko_sdk_4.3.1/platform/emlib/src/em_cmu.o
 .data.hfxo_precision
                0x2000107c        0x2 ./gecko_sdk_4.3.1/platform/emlib/src/em_cmu.o
 .data.ctuneDelta
                0x2000107e        0x1 ./gecko_sdk_4.3.1/platform/emlib/src/em_cmu.o
                0x20001080                . = ALIGN (0x4)
 *fill*         0x2000107f        0x1 
                [!provide]                PROVIDE (__ram_func_section_start = .)
 *(.ram)
                [!provide]                PROVIDE (__ram_func_section_end = .)
                0x20001080                . = ALIGN (0x4)
                0x20001080                PROVIDE (__preinit_array_start = .)
 *(.preinit_array)
                0x20001080                PROVIDE (__preinit_array_end = .)
                0x20001080                . = ALIGN (0x4)
                0x20001080                PROVIDE (__init_array_start = .)
 *(SORT_BY_NAME(.init_array.*))
 *(.init_array)
 .init_array    0x20001080        0x4 c:/siliconlabs/simplicitystudio/v5/developer/toolchains/gnu_arm/10.3_2021.10/bin/../lib/gcc/arm-none-eabi/10.3.1/thumb/v8-m.main+fp/hard/crtbegin.o
                0x20001084                PROVIDE (__init_array_end = .)
                0x20001084                . = ALIGN (0x4)
                [!provide]                PROVIDE (__fini_array_start = .)
 *(SORT_BY_NAME(.fini_array.*))
 *(.fini_array)
 .fini_array    0x20001084        0x4 c:/siliconlabs/simplicitystudio/v5/developer/toolchains/gnu_arm/10.3_2021.10/bin/../lib/gcc/arm-none-eabi/10.3.1/thumb/v8-m.main+fp/hard/crtbegin.o
                [!provide]                PROVIDE (__fini_array_end = .)
                0x20001088                . = ALIGN (0x4)
                0x20001088                __data_end__ = .

.igot.plt       0x20001088        0x0 load address 0x0800816c
 .igot.plt      0x20001088        0x0 c:/siliconlabs/simplicitystudio/v5/developer/toolchains/gnu_arm/10.3_2021.10/bin/../lib/gcc/arm-none-eabi/10.3.1/thumb/v8-m.main+fp/hard/crtbegin.o

.bss            0x20001088       0x48 load address 0x0800816c
                0x20001088                . = ALIGN (0x4)
                0x20001088                __bss_start__ = .
 *(SORT_BY_ALIGNMENT(.bss*))
 .bss           0x20001088       0x1c c:/siliconlabs/simplicitystudio/v5/developer/toolchains/gnu_arm/10.3_2021.10/bin/../lib/gcc/arm-none-eabi/10.3.1/thumb/v8-m.main+fp/hard/crtbegin.o
 .bss.address   0x200010a4        0x5 ./connect.o
                0x200010a4                address
 *fill*         0x200010a9        0x3 
 .bss.freq      0x200010ac        0x4 ./gecko_sdk_4.3.1/platform/emdrv/ustimer/src/ustimer.o
 .bss.minTicks  0x200010b0        0x4 ./gecko_sdk_4.3.1/platform/emdrv/ustimer/src/ustimer.o
 .bss.vScaleEM01Config
                0x200010b4        0x1 ./gecko_sdk_4.3.1/platform/emlib/src/em_emu.o
 *fill*         0x200010b5        0x3 
 .bss.__malloc_free_list
                0x200010b8        0x4 c:/siliconlabs/simplicitystudio/v5/developer/toolchains/gnu_arm/10.3_2021.10/bin/../lib/gcc/arm-none-eabi/10.3.1/../../../../arm-none-eabi/lib/thumb/v8-m.main+fp/hard\libc_nano.a(lib_a-nano-mallocr.o)
                0x200010b8                __malloc_free_list
 .bss.__malloc_sbrk_start
                0x200010bc        0x4 c:/siliconlabs/simplicitystudio/v5/developer/toolchains/gnu_arm/10.3_2021.10/bin/../lib/gcc/arm-none-eabi/10.3.1/../../../../arm-none-eabi/lib/thumb/v8-m.main+fp/hard\libc_nano.a(lib_a-nano-mallocr.o)
                0x200010bc                __malloc_sbrk_start
 .bss.errno     0x200010c0        0x4 c:/siliconlabs/simplicitystudio/v5/developer/toolchains/gnu_arm/10.3_2021.10/bin/../lib/gcc/arm-none-eabi/10.3.1/../../../../arm-none-eabi/lib/thumb/v8-m.main+fp/hard\libc_nano.a(lib_a-reent.o)
                0x200010c0                errno
 .bss.SUM       0x200010c4        0x2 ./DHT22.o
                0x200010c4                SUM
 .bss.Moisture  0x200010c6        0x2 ./iadc.o
                0x200010c6                Moisture
 .bss.Rh_byte1  0x200010c8        0x1 ./DHT22.o
                0x200010c8                Rh_byte1
 .bss.Rh_byte2  0x200010c9        0x1 ./DHT22.o
                0x200010c9                Rh_byte2
 .bss.Temp_byte1
                0x200010ca        0x1 ./DHT22.o
                0x200010ca                Temp_byte1
 .bss.Temp_byte2
                0x200010cb        0x1 ./DHT22.o
                0x200010cb                Temp_byte2
 .bss.Presence  0x200010cc        0x1 ./DHT22.o
                0x200010cc                Presence
 .bss.count     0x200010cd        0x1 ./Letimer.o
                0x200010cd                count
 .bss.timeElapsed
                0x200010ce        0x1 ./gecko_sdk_4.3.1/platform/emdrv/ustimer/src/ustimer.o
 .bss.__lock___malloc_recursive_mutex
                0x200010cf        0x1 c:/siliconlabs/simplicitystudio/v5/developer/toolchains/gnu_arm/10.3_2021.10/bin/../lib/gcc/arm-none-eabi/10.3.1/../../../../arm-none-eabi/lib/thumb/v8-m.main+fp/hard\libc_nano.a(lib_a-lock.o)
                0x200010cf                __lock___malloc_recursive_mutex
 *(COMMON)
                0x200010d0                . = ALIGN (0x4)
                0x200010d0                __bss_end__ = .

.heap           0x200010d0      0x800
                0x200010d0                __HeapBase = .
                0x200010d0                __end__ = .
                0x200010d0                end = __end__
                0x200010d0                _end = __end__
 *(.heap*)
 .heap          0x200010d0      0x800 ./gecko_sdk_4.3.1/platform/common/toolchain/src/sl_memory.o
                0x20040000                __HeapLimit = (ORIGIN (RAM) + LENGTH (RAM))
                0x0003ef30                __heap_size = (__HeapLimit - __HeapBase)
                0x20040000                __ram_end__ = 0x20040000
                0x0817e000                __main_flash_end__ = 0x817e000

.internal_storage
                0x080080e4        0x0
 *(.internal_storage*)

.nvm            0x080080e4        0x0
 *(.simee*)
                0x0817e000                linker_nvm_end = __main_flash_end__
                0x0817e000                linker_nvm_begin = (linker_nvm_end - SIZEOF (.nvm))
                0x00000000                linker_nvm_size = SIZEOF (.nvm)
                0x0817e000                linker_storage_end = linker_nvm_begin
                0x0817e000                __nvm3Base = linker_nvm_begin
                0x0817e000                linker_storage_begin = (linker_storage_end - SIZEOF (.internal_storage))
                0x00000000                linker_storage_size = SIZEOF (.internal_storage)
                0x00000001                ASSERT ((linker_storage_begin >= (__etext + SIZEOF (.data))), FLASH memory overflowed !)
                0x0817e000                app_flash_end = 0x817e000
                0x00000001                ASSERT (((linker_nvm_begin + SIZEOF (.nvm)) <= app_flash_end), NVM3 is excessing the flash size !)
OUTPUT(IoT.axf elf32-littlearm)
LOAD linker stubs

.ARM.attributes
                0x00000000       0x36
 .ARM.attributes
                0x00000000       0x22 c:/siliconlabs/simplicitystudio/v5/developer/toolchains/gnu_arm/10.3_2021.10/bin/../lib/gcc/arm-none-eabi/10.3.1/thumb/v8-m.main+fp/hard/crti.o
 .ARM.attributes
                0x00000022       0x38 c:/siliconlabs/simplicitystudio/v5/developer/toolchains/gnu_arm/10.3_2021.10/bin/../lib/gcc/arm-none-eabi/10.3.1/thumb/v8-m.main+fp/hard/crtbegin.o
 .ARM.attributes
                0x0000005a       0x20 c:/siliconlabs/simplicitystudio/v5/developer/toolchains/gnu_arm/10.3_2021.10/bin/../lib/gcc/arm-none-eabi/10.3.1/../../../../arm-none-eabi/lib/thumb/v8-m.main+fp/hard/crt0.o
 .ARM.attributes
                0x0000007a       0x3a ./DHT22.o
 .ARM.attributes
                0x000000b4       0x3a ./Letimer.o
 .ARM.attributes
                0x000000ee       0x3a ./app.o
 .ARM.attributes
                0x00000128       0x3a ./connect.o
 .ARM.attributes
                0x00000162       0x3a ./iadc.o
 .ARM.attributes
                0x0000019c       0x3a ./main.o
 .ARM.attributes
                0x000001d6       0x3a ./uart.o
 .ARM.attributes
                0x00000210       0x3a ./autogen/sl_board_default_init.o
 .ARM.attributes
                0x0000024a       0x3a ./autogen/sl_device_init_clocks.o
 .ARM.attributes
                0x00000284       0x3a ./autogen/sl_event_handler.o
 .ARM.attributes
                0x000002be       0x3a ./gecko_sdk_4.3.1/hardware/board/src/sl_board_control_gpio.o
 .ARM.attributes
                0x000002f8       0x3a ./gecko_sdk_4.3.1/hardware/board/src/sl_board_init.o
 .ARM.attributes
                0x00000332       0x3a ./gecko_sdk_4.3.1/hardware/driver/configuration_over_swo/src/sl_cos.o
 .ARM.attributes
                0x0000036c       0x3a ./gecko_sdk_4.3.1/hardware/driver/mx25_flash_shutdown/src/sl_mx25_flash_shutdown_usart/sl_mx25_flash_shutdown.o
 .ARM.attributes
                0x000003a6       0x3a ./gecko_sdk_4.3.1/platform/Device/SiliconLabs/EFR32MG24/Source/startup_efr32mg24.o
 .ARM.attributes
                0x000003e0       0x3a ./gecko_sdk_4.3.1/platform/Device/SiliconLabs/EFR32MG24/Source/system_efr32mg24.o
 .ARM.attributes
                0x0000041a       0x3a ./gecko_sdk_4.3.1/platform/common/src/sl_assert.o
 .ARM.attributes
                0x00000454       0x3a ./gecko_sdk_4.3.1/platform/common/toolchain/src/sl_memory.o
 .ARM.attributes
                0x0000048e       0x3a ./gecko_sdk_4.3.1/platform/driver/debug/src/sl_debug_swo.o
 .ARM.attributes
                0x000004c8       0x3a ./gecko_sdk_4.3.1/platform/emdrv/ustimer/src/ustimer.o
 .ARM.attributes
                0x00000502       0x3a ./gecko_sdk_4.3.1/platform/emlib/src/em_cmu.o
 .ARM.attributes
                0x0000053c       0x3a ./gecko_sdk_4.3.1/platform/emlib/src/em_core.o
 .ARM.attributes
                0x00000576       0x3a ./gecko_sdk_4.3.1/platform/emlib/src/em_emu.o
 .ARM.attributes
                0x000005b0       0x3a ./gecko_sdk_4.3.1/platform/emlib/src/em_gpio.o
 .ARM.attributes
                0x000005ea       0x3a ./gecko_sdk_4.3.1/platform/emlib/src/em_iadc.o
 .ARM.attributes
                0x00000624       0x3a ./gecko_sdk_4.3.1/platform/emlib/src/em_letimer.o
 .ARM.attributes
                0x0000065e       0x3a ./gecko_sdk_4.3.1/platform/emlib/src/em_system.o
 .ARM.attributes
                0x00000698       0x3a ./gecko_sdk_4.3.1/platform/emlib/src/em_timer.o
 .ARM.attributes
                0x000006d2       0x3a ./gecko_sdk_4.3.1/platform/emlib/src/em_usart.o
 .ARM.attributes
                0x0000070c       0x3a ./gecko_sdk_4.3.1/platform/service/device_init/src/sl_device_init_dcdc_s2.o
 .ARM.attributes
                0x00000746       0x3a ./gecko_sdk_4.3.1/platform/service/device_init/src/sl_device_init_emu_s2.o
 .ARM.attributes
                0x00000780       0x3a ./gecko_sdk_4.3.1/platform/service/device_init/src/sl_device_init_hfrco.o
 .ARM.attributes
                0x000007ba       0x3a ./gecko_sdk_4.3.1/platform/service/device_init/src/sl_device_init_hfxo_s2.o
 .ARM.attributes
                0x000007f4       0x3a ./gecko_sdk_4.3.1/platform/service/device_init/src/sl_device_init_lfxo_s2.o
 .ARM.attributes
                0x0000082e       0x3a ./gecko_sdk_4.3.1/platform/service/device_init/src/sl_device_init_nvic.o
 .ARM.attributes
                0x00000868       0x3a ./gecko_sdk_4.3.1/platform/service/system/src/sl_system_init.o
 .ARM.attributes
                0x000008a2       0x3a ./gecko_sdk_4.3.1/platform/service/udelay/src/sl_udelay.o
 .ARM.attributes
                0x000008dc       0x26 ./gecko_sdk_4.3.1/platform/service/udelay/src/sl_udelay_armv6m_gcc.o
 .ARM.attributes
                0x00000902       0x22 c:/siliconlabs/simplicitystudio/v5/developer/toolchains/gnu_arm/10.3_2021.10/bin/../lib/gcc/arm-none-eabi/10.3.1/thumb/v8-m.main+fp/hard\libgcc.a(_arm_addsubdf3.o)
 .ARM.attributes
                0x00000924       0x22 c:/siliconlabs/simplicitystudio/v5/developer/toolchains/gnu_arm/10.3_2021.10/bin/../lib/gcc/arm-none-eabi/10.3.1/thumb/v8-m.main+fp/hard\libgcc.a(_arm_muldivdf3.o)
 .ARM.attributes
                0x00000946       0x22 c:/siliconlabs/simplicitystudio/v5/developer/toolchains/gnu_arm/10.3_2021.10/bin/../lib/gcc/arm-none-eabi/10.3.1/thumb/v8-m.main+fp/hard\libgcc.a(_arm_fixunsdfsi.o)
 .ARM.attributes
                0x00000968       0x22 c:/siliconlabs/simplicitystudio/v5/developer/toolchains/gnu_arm/10.3_2021.10/bin/../lib/gcc/arm-none-eabi/10.3.1/thumb/v8-m.main+fp/hard\libgcc.a(_arm_truncdfsf2.o)
 .ARM.attributes
                0x0000098a       0x22 c:/siliconlabs/simplicitystudio/v5/developer/toolchains/gnu_arm/10.3_2021.10/bin/../lib/gcc/arm-none-eabi/10.3.1/thumb/v8-m.main+fp/hard\libgcc.a(_aeabi_uldivmod.o)
 .ARM.attributes
                0x000009ac       0x38 c:/siliconlabs/simplicitystudio/v5/developer/toolchains/gnu_arm/10.3_2021.10/bin/../lib/gcc/arm-none-eabi/10.3.1/thumb/v8-m.main+fp/hard\libgcc.a(_udivmoddi4.o)
 .ARM.attributes
                0x000009e4       0x22 c:/siliconlabs/simplicitystudio/v5/developer/toolchains/gnu_arm/10.3_2021.10/bin/../lib/gcc/arm-none-eabi/10.3.1/thumb/v8-m.main+fp/hard\libgcc.a(_dvmd_tls.o)
 .ARM.attributes
                0x00000a06       0x38 c:/siliconlabs/simplicitystudio/v5/developer/toolchains/gnu_arm/10.3_2021.10/bin/../lib/gcc/arm-none-eabi/10.3.1/../../../../arm-none-eabi/lib/thumb/v8-m.main+fp/hard\libc_nano.a(lib_a-exit.o)
 .ARM.attributes
                0x00000a3e       0x38 c:/siliconlabs/simplicitystudio/v5/developer/toolchains/gnu_arm/10.3_2021.10/bin/../lib/gcc/arm-none-eabi/10.3.1/../../../../arm-none-eabi/lib/thumb/v8-m.main+fp/hard\libc_nano.a(lib_a-impure.o)
 .ARM.attributes
                0x00000a76       0x38 c:/siliconlabs/simplicitystudio/v5/developer/toolchains/gnu_arm/10.3_2021.10/bin/../lib/gcc/arm-none-eabi/10.3.1/../../../../arm-none-eabi/lib/thumb/v8-m.main+fp/hard\libc_nano.a(lib_a-init.o)
 .ARM.attributes
                0x00000aae       0x38 c:/siliconlabs/simplicitystudio/v5/developer/toolchains/gnu_arm/10.3_2021.10/bin/../lib/gcc/arm-none-eabi/10.3.1/../../../../arm-none-eabi/lib/thumb/v8-m.main+fp/hard\libc_nano.a(lib_a-memset.o)
 .ARM.attributes
                0x00000ae6       0x38 c:/siliconlabs/simplicitystudio/v5/developer/toolchains/gnu_arm/10.3_2021.10/bin/../lib/gcc/arm-none-eabi/10.3.1/../../../../arm-none-eabi/lib/thumb/v8-m.main+fp/hard\libc_nano.a(lib_a-snprintf.o)
 .ARM.attributes
                0x00000b1e       0x38 c:/siliconlabs/simplicitystudio/v5/developer/toolchains/gnu_arm/10.3_2021.10/bin/../lib/gcc/arm-none-eabi/10.3.1/../../../../arm-none-eabi/lib/thumb/v8-m.main+fp/hard\libc_nano.a(lib_a-nano-svfprintf.o)
 .ARM.attributes
                0x00000b56       0x38 c:/siliconlabs/simplicitystudio/v5/developer/toolchains/gnu_arm/10.3_2021.10/bin/../lib/gcc/arm-none-eabi/10.3.1/../../../../arm-none-eabi/lib/thumb/v8-m.main+fp/hard\libc_nano.a(lib_a-nano-vfprintf_i.o)
 .ARM.attributes
                0x00000b8e       0x38 c:/siliconlabs/simplicitystudio/v5/developer/toolchains/gnu_arm/10.3_2021.10/bin/../lib/gcc/arm-none-eabi/10.3.1/../../../../arm-none-eabi/lib/thumb/v8-m.main+fp/hard\libc_nano.a(lib_a-memchr-stub.o)
 .ARM.attributes
                0x00000bc6       0x38 c:/siliconlabs/simplicitystudio/v5/developer/toolchains/gnu_arm/10.3_2021.10/bin/../lib/gcc/arm-none-eabi/10.3.1/../../../../arm-none-eabi/lib/thumb/v8-m.main+fp/hard\libc_nano.a(lib_a-memcpy-stub.o)
 .ARM.attributes
                0x00000bfe       0x38 c:/siliconlabs/simplicitystudio/v5/developer/toolchains/gnu_arm/10.3_2021.10/bin/../lib/gcc/arm-none-eabi/10.3.1/../../../../arm-none-eabi/lib/thumb/v8-m.main+fp/hard\libc_nano.a(lib_a-memmove.o)
 .ARM.attributes
                0x00000c36       0x38 c:/siliconlabs/simplicitystudio/v5/developer/toolchains/gnu_arm/10.3_2021.10/bin/../lib/gcc/arm-none-eabi/10.3.1/../../../../arm-none-eabi/lib/thumb/v8-m.main+fp/hard\libc_nano.a(lib_a-nano-freer.o)
 .ARM.attributes
                0x00000c6e       0x38 c:/siliconlabs/simplicitystudio/v5/developer/toolchains/gnu_arm/10.3_2021.10/bin/../lib/gcc/arm-none-eabi/10.3.1/../../../../arm-none-eabi/lib/thumb/v8-m.main+fp/hard\libc_nano.a(lib_a-nano-mallocr.o)
 .ARM.attributes
                0x00000ca6       0x38 c:/siliconlabs/simplicitystudio/v5/developer/toolchains/gnu_arm/10.3_2021.10/bin/../lib/gcc/arm-none-eabi/10.3.1/../../../../arm-none-eabi/lib/thumb/v8-m.main+fp/hard\libc_nano.a(lib_a-nano-reallocr.o)
 .ARM.attributes
                0x00000cde       0x38 c:/siliconlabs/simplicitystudio/v5/developer/toolchains/gnu_arm/10.3_2021.10/bin/../lib/gcc/arm-none-eabi/10.3.1/../../../../arm-none-eabi/lib/thumb/v8-m.main+fp/hard\libc_nano.a(lib_a-sbrkr.o)
 .ARM.attributes
                0x00000d16       0x38 c:/siliconlabs/simplicitystudio/v5/developer/toolchains/gnu_arm/10.3_2021.10/bin/../lib/gcc/arm-none-eabi/10.3.1/../../../../arm-none-eabi/lib/thumb/v8-m.main+fp/hard\libc_nano.a(lib_a-mlock.o)
 .ARM.attributes
                0x00000d4e       0x38 c:/siliconlabs/simplicitystudio/v5/developer/toolchains/gnu_arm/10.3_2021.10/bin/../lib/gcc/arm-none-eabi/10.3.1/../../../../arm-none-eabi/lib/thumb/v8-m.main+fp/hard\libc_nano.a(lib_a-nano-msizer.o)
 .ARM.attributes
                0x00000d86       0x38 c:/siliconlabs/simplicitystudio/v5/developer/toolchains/gnu_arm/10.3_2021.10/bin/../lib/gcc/arm-none-eabi/10.3.1/../../../../arm-none-eabi/lib/thumb/v8-m.main+fp/hard\libc_nano.a(lib_a-reent.o)
 .ARM.attributes
                0x00000dbe       0x38 c:/siliconlabs/simplicitystudio/v5/developer/toolchains/gnu_arm/10.3_2021.10/bin/../lib/gcc/arm-none-eabi/10.3.1/../../../../arm-none-eabi/lib/thumb/v8-m.main+fp/hard\libc_nano.a(lib_a-lock.o)
 .ARM.attributes
                0x00000df6       0x38 c:/siliconlabs/simplicitystudio/v5/developer/toolchains/gnu_arm/10.3_2021.10/bin/../lib/gcc/arm-none-eabi/10.3.1/../../../../arm-none-eabi/lib/thumb/v8-m.main+fp/hard\libnosys.a(_exit.o)
 .ARM.attributes
                0x00000e2e       0x22 c:/siliconlabs/simplicitystudio/v5/developer/toolchains/gnu_arm/10.3_2021.10/bin/../lib/gcc/arm-none-eabi/10.3.1/thumb/v8-m.main+fp/hard/crtn.o

.comment        0x00000000       0x49
 .comment       0x00000000       0x49 ./DHT22.o
                                 0x4a (size before relaxing)
 .comment       0x00000049       0x4a ./Letimer.o
 .comment       0x00000049       0x4a ./app.o
 .comment       0x00000049       0x4a ./connect.o
 .comment       0x00000049       0x4a ./iadc.o
 .comment       0x00000049       0x4a ./main.o
 .comment       0x00000049       0x4a ./uart.o
 .comment       0x00000049       0x4a ./autogen/sl_board_default_init.o
 .comment       0x00000049       0x4a ./autogen/sl_device_init_clocks.o
 .comment       0x00000049       0x4a ./autogen/sl_event_handler.o
 .comment       0x00000049       0x4a ./gecko_sdk_4.3.1/hardware/board/src/sl_board_control_gpio.o
 .comment       0x00000049       0x4a ./gecko_sdk_4.3.1/hardware/board/src/sl_board_init.o
 .comment       0x00000049       0x4a ./gecko_sdk_4.3.1/hardware/driver/configuration_over_swo/src/sl_cos.o
 .comment       0x00000049       0x4a ./gecko_sdk_4.3.1/hardware/driver/mx25_flash_shutdown/src/sl_mx25_flash_shutdown_usart/sl_mx25_flash_shutdown.o
 .comment       0x00000049       0x4a ./gecko_sdk_4.3.1/platform/Device/SiliconLabs/EFR32MG24/Source/startup_efr32mg24.o
 .comment       0x00000049       0x4a ./gecko_sdk_4.3.1/platform/Device/SiliconLabs/EFR32MG24/Source/system_efr32mg24.o
 .comment       0x00000049       0x4a ./gecko_sdk_4.3.1/platform/common/src/sl_assert.o
 .comment       0x00000049       0x4a ./gecko_sdk_4.3.1/platform/common/toolchain/src/sl_memory.o
 .comment       0x00000049       0x4a ./gecko_sdk_4.3.1/platform/driver/debug/src/sl_debug_swo.o
 .comment       0x00000049       0x4a ./gecko_sdk_4.3.1/platform/emdrv/ustimer/src/ustimer.o
 .comment       0x00000049       0x4a ./gecko_sdk_4.3.1/platform/emlib/src/em_cmu.o
 .comment       0x00000049       0x4a ./gecko_sdk_4.3.1/platform/emlib/src/em_core.o
 .comment       0x00000049       0x4a ./gecko_sdk_4.3.1/platform/emlib/src/em_emu.o
 .comment       0x00000049       0x4a ./gecko_sdk_4.3.1/platform/emlib/src/em_gpio.o
 .comment       0x00000049       0x4a ./gecko_sdk_4.3.1/platform/emlib/src/em_iadc.o
 .comment       0x00000049       0x4a ./gecko_sdk_4.3.1/platform/emlib/src/em_letimer.o
 .comment       0x00000049       0x4a ./gecko_sdk_4.3.1/platform/emlib/src/em_system.o
 .comment       0x00000049       0x4a ./gecko_sdk_4.3.1/platform/emlib/src/em_timer.o
 .comment       0x00000049       0x4a ./gecko_sdk_4.3.1/platform/emlib/src/em_usart.o
 .comment       0x00000049       0x4a ./gecko_sdk_4.3.1/platform/service/device_init/src/sl_device_init_dcdc_s2.o
 .comment       0x00000049       0x4a ./gecko_sdk_4.3.1/platform/service/device_init/src/sl_device_init_emu_s2.o
 .comment       0x00000049       0x4a ./gecko_sdk_4.3.1/platform/service/device_init/src/sl_device_init_hfrco.o
 .comment       0x00000049       0x4a ./gecko_sdk_4.3.1/platform/service/device_init/src/sl_device_init_hfxo_s2.o
 .comment       0x00000049       0x4a ./gecko_sdk_4.3.1/platform/service/device_init/src/sl_device_init_lfxo_s2.o
 .comment       0x00000049       0x4a ./gecko_sdk_4.3.1/platform/service/device_init/src/sl_device_init_nvic.o
 .comment       0x00000049       0x4a ./gecko_sdk_4.3.1/platform/service/system/src/sl_system_init.o
 .comment       0x00000049       0x4a ./gecko_sdk_4.3.1/platform/service/udelay/src/sl_udelay.o

.debug_info     0x00000000    0x33b0e
 .debug_info    0x00000000     0x188d ./DHT22.o
 .debug_info    0x0000188d     0x168b ./Letimer.o
 .debug_info    0x00002f18     0x1919 ./app.o
 .debug_info    0x00004831     0x1dd6 ./connect.o
 .debug_info    0x00006607     0x2ad5 ./iadc.o
 .debug_info    0x000090dc       0xa7 ./main.o
 .debug_info    0x00009183     0x236b ./uart.o
 .debug_info    0x0000b4ee       0x87 ./autogen/sl_board_default_init.o
 .debug_info    0x0000b575      0xe55 ./autogen/sl_device_init_clocks.o
 .debug_info    0x0000c3ca      0x14e ./autogen/sl_event_handler.o
 .debug_info    0x0000c518      0x3d4 ./gecko_sdk_4.3.1/hardware/board/src/sl_board_control_gpio.o
 .debug_info    0x0000c8ec      0x25e ./gecko_sdk_4.3.1/hardware/board/src/sl_board_init.o
 .debug_info    0x0000cb4a      0x2f7 ./gecko_sdk_4.3.1/hardware/driver/configuration_over_swo/src/sl_cos.o
 .debug_info    0x0000ce41     0x21ef ./gecko_sdk_4.3.1/hardware/driver/mx25_flash_shutdown/src/sl_mx25_flash_shutdown_usart/sl_mx25_flash_shutdown.o
 .debug_info    0x0000f030      0x2e8 ./gecko_sdk_4.3.1/platform/Device/SiliconLabs/EFR32MG24/Source/startup_efr32mg24.o
 .debug_info    0x0000f318     0x23a8 ./gecko_sdk_4.3.1/platform/Device/SiliconLabs/EFR32MG24/Source/system_efr32mg24.o
 .debug_info    0x000116c0       0x7d ./gecko_sdk_4.3.1/platform/common/src/sl_assert.o
 .debug_info    0x0001173d      0x1f4 ./gecko_sdk_4.3.1/platform/common/toolchain/src/sl_memory.o
 .debug_info    0x00011931     0x31b9 ./gecko_sdk_4.3.1/platform/driver/debug/src/sl_debug_swo.o
 .debug_info    0x00014aea     0x1a0b ./gecko_sdk_4.3.1/platform/emdrv/ustimer/src/ustimer.o
 .debug_info    0x000164f5     0x8bef ./gecko_sdk_4.3.1/platform/emlib/src/em_cmu.o
 .debug_info    0x0001f0e4     0x10b9 ./gecko_sdk_4.3.1/platform/emlib/src/em_core.o
 .debug_info    0x0002019d     0x3570 ./gecko_sdk_4.3.1/platform/emlib/src/em_emu.o
 .debug_info    0x0002370d     0x236b ./gecko_sdk_4.3.1/platform/emlib/src/em_gpio.o
 .debug_info    0x00025a78     0x2399 ./gecko_sdk_4.3.1/platform/emlib/src/em_iadc.o
 .debug_info    0x00027e11      0xa0a ./gecko_sdk_4.3.1/platform/emlib/src/em_letimer.o
 .debug_info    0x0002881b     0x1e19 ./gecko_sdk_4.3.1/platform/emlib/src/em_system.o
 .debug_info    0x0002a634     0x2bc7 ./gecko_sdk_4.3.1/platform/emlib/src/em_timer.o
 .debug_info    0x0002d1fb     0x45c7 ./gecko_sdk_4.3.1/platform/emlib/src/em_usart.o
 .debug_info    0x000317c2      0x312 ./gecko_sdk_4.3.1/platform/service/device_init/src/sl_device_init_dcdc_s2.o
 .debug_info    0x00031ad4      0xb13 ./gecko_sdk_4.3.1/platform/service/device_init/src/sl_device_init_emu_s2.o
 .debug_info    0x000325e7      0x14e ./gecko_sdk_4.3.1/platform/service/device_init/src/sl_device_init_hfrco.o
 .debug_info    0x00032735      0x80b ./gecko_sdk_4.3.1/platform/service/device_init/src/sl_device_init_hfxo_s2.o
 .debug_info    0x00032f40      0x22b ./gecko_sdk_4.3.1/platform/service/device_init/src/sl_device_init_lfxo_s2.o
 .debug_info    0x0003316b      0x834 ./gecko_sdk_4.3.1/platform/service/device_init/src/sl_device_init_nvic.o
 .debug_info    0x0003399f       0x41 ./gecko_sdk_4.3.1/platform/service/system/src/sl_system_init.o
 .debug_info    0x000339e0      0x108 ./gecko_sdk_4.3.1/platform/service/udelay/src/sl_udelay.o
 .debug_info    0x00033ae8       0x26 ./gecko_sdk_4.3.1/platform/service/udelay/src/sl_udelay_armv6m_gcc.o

.debug_abbrev   0x00000000     0x390f
 .debug_abbrev  0x00000000      0x203 ./DHT22.o
 .debug_abbrev  0x00000203      0x235 ./Letimer.o
 .debug_abbrev  0x00000438      0x1a4 ./app.o
 .debug_abbrev  0x000005dc      0x158 ./connect.o
 .debug_abbrev  0x00000734      0x1f7 ./iadc.o
 .debug_abbrev  0x0000092b       0x48 ./main.o
 .debug_abbrev  0x00000973      0x1a6 ./uart.o
 .debug_abbrev  0x00000b19       0x46 ./autogen/sl_board_default_init.o
 .debug_abbrev  0x00000b5f       0xc0 ./autogen/sl_device_init_clocks.o
 .debug_abbrev  0x00000c1f       0x78 ./autogen/sl_event_handler.o
 .debug_abbrev  0x00000c97      0x135 ./gecko_sdk_4.3.1/hardware/board/src/sl_board_control_gpio.o
 .debug_abbrev  0x00000dcc       0x6d ./gecko_sdk_4.3.1/hardware/board/src/sl_board_init.o
 .debug_abbrev  0x00000e39      0x13d ./gecko_sdk_4.3.1/hardware/driver/configuration_over_swo/src/sl_cos.o
 .debug_abbrev  0x00000f76      0x1a6 ./gecko_sdk_4.3.1/hardware/driver/mx25_flash_shutdown/src/sl_mx25_flash_shutdown_usart/sl_mx25_flash_shutdown.o
 .debug_abbrev  0x0000111c      0x1a4 ./gecko_sdk_4.3.1/platform/Device/SiliconLabs/EFR32MG24/Source/startup_efr32mg24.o
 .debug_abbrev  0x000012c0      0x2aa ./gecko_sdk_4.3.1/platform/Device/SiliconLabs/EFR32MG24/Source/system_efr32mg24.o
 .debug_abbrev  0x0000156a       0x69 ./gecko_sdk_4.3.1/platform/common/src/sl_assert.o
 .debug_abbrev  0x000015d3      0x107 ./gecko_sdk_4.3.1/platform/common/toolchain/src/sl_memory.o
 .debug_abbrev  0x000016da      0x20f ./gecko_sdk_4.3.1/platform/driver/debug/src/sl_debug_swo.o
 .debug_abbrev  0x000018e9      0x2df ./gecko_sdk_4.3.1/platform/emdrv/ustimer/src/ustimer.o
 .debug_abbrev  0x00001bc8      0x3d0 ./gecko_sdk_4.3.1/platform/emlib/src/em_cmu.o
 .debug_abbrev  0x00001f98      0x29d ./gecko_sdk_4.3.1/platform/emlib/src/em_core.o
 .debug_abbrev  0x00002235      0x34d ./gecko_sdk_4.3.1/platform/emlib/src/em_emu.o
 .debug_abbrev  0x00002582      0x220 ./gecko_sdk_4.3.1/platform/emlib/src/em_gpio.o
 .debug_abbrev  0x000027a2      0x2aa ./gecko_sdk_4.3.1/platform/emlib/src/em_iadc.o
 .debug_abbrev  0x00002a4c      0x1c6 ./gecko_sdk_4.3.1/platform/emlib/src/em_letimer.o
 .debug_abbrev  0x00002c12      0x22f ./gecko_sdk_4.3.1/platform/emlib/src/em_system.o
 .debug_abbrev  0x00002e41      0x290 ./gecko_sdk_4.3.1/platform/emlib/src/em_timer.o
 .debug_abbrev  0x000030d1      0x235 ./gecko_sdk_4.3.1/platform/emlib/src/em_usart.o
 .debug_abbrev  0x00003306       0xb3 ./gecko_sdk_4.3.1/platform/service/device_init/src/sl_device_init_dcdc_s2.o
 .debug_abbrev  0x000033b9      0x10d ./gecko_sdk_4.3.1/platform/service/device_init/src/sl_device_init_emu_s2.o
 .debug_abbrev  0x000034c6       0x8d ./gecko_sdk_4.3.1/platform/service/device_init/src/sl_device_init_hfrco.o
 .debug_abbrev  0x00003553      0x104 ./gecko_sdk_4.3.1/platform/service/device_init/src/sl_device_init_hfxo_s2.o
 .debug_abbrev  0x00003657       0xb5 ./gecko_sdk_4.3.1/platform/service/device_init/src/sl_device_init_lfxo_s2.o
 .debug_abbrev  0x0000370c      0x12c ./gecko_sdk_4.3.1/platform/service/device_init/src/sl_device_init_nvic.o
 .debug_abbrev  0x00003838       0x30 ./gecko_sdk_4.3.1/platform/service/system/src/sl_system_init.o
 .debug_abbrev  0x00003868       0x93 ./gecko_sdk_4.3.1/platform/service/udelay/src/sl_udelay.o
 .debug_abbrev  0x000038fb       0x14 ./gecko_sdk_4.3.1/platform/service/udelay/src/sl_udelay_armv6m_gcc.o

.debug_loc      0x00000000     0x3d7b
 .debug_loc     0x00000000      0x12c ./DHT22.o
 .debug_loc     0x0000012c      0x1bd ./Letimer.o
 .debug_loc     0x000002e9       0x84 ./app.o
 .debug_loc     0x0000036d       0x70 ./connect.o
 .debug_loc     0x000003dd       0xd5 ./iadc.o
 .debug_loc     0x000004b2       0x20 ./main.o
 .debug_loc     0x000004d2      0x10c ./uart.o
 .debug_loc     0x000005de       0x20 ./autogen/sl_board_default_init.o
 .debug_loc     0x000005fe       0x20 ./autogen/sl_device_init_clocks.o
 .debug_loc     0x0000061e       0x60 ./autogen/sl_event_handler.o
 .debug_loc     0x0000067e      0x1d0 ./gecko_sdk_4.3.1/hardware/board/src/sl_board_control_gpio.o
 .debug_loc     0x0000084e       0x40 ./gecko_sdk_4.3.1/hardware/board/src/sl_board_init.o
 .debug_loc     0x0000088e       0xf4 ./gecko_sdk_4.3.1/hardware/driver/configuration_over_swo/src/sl_cos.o
 .debug_loc     0x00000982       0xe8 ./gecko_sdk_4.3.1/hardware/driver/mx25_flash_shutdown/src/sl_mx25_flash_shutdown_usart/sl_mx25_flash_shutdown.o
 .debug_loc     0x00000a6a       0x2c ./gecko_sdk_4.3.1/platform/Device/SiliconLabs/EFR32MG24/Source/startup_efr32mg24.o
 .debug_loc     0x00000a96      0x1a4 ./gecko_sdk_4.3.1/platform/Device/SiliconLabs/EFR32MG24/Source/system_efr32mg24.o
 .debug_loc     0x00000c3a       0x20 ./gecko_sdk_4.3.1/platform/common/src/sl_assert.o
 .debug_loc     0x00000c5a       0x84 ./gecko_sdk_4.3.1/platform/common/toolchain/src/sl_memory.o
 .debug_loc     0x00000cde      0x184 ./gecko_sdk_4.3.1/platform/driver/debug/src/sl_debug_swo.o
 .debug_loc     0x00000e62      0x3dd ./gecko_sdk_4.3.1/platform/emdrv/ustimer/src/ustimer.o
 .debug_loc     0x0000123f      0xcf5 ./gecko_sdk_4.3.1/platform/emlib/src/em_cmu.o
 .debug_loc     0x00001f34      0x490 ./gecko_sdk_4.3.1/platform/emlib/src/em_core.o
 .debug_loc     0x000023c4      0x5d4 ./gecko_sdk_4.3.1/platform/emlib/src/em_emu.o
 .debug_loc     0x00002998      0x27c ./gecko_sdk_4.3.1/platform/emlib/src/em_gpio.o
 .debug_loc     0x00002c14      0x501 ./gecko_sdk_4.3.1/platform/emlib/src/em_iadc.o
 .debug_loc     0x00003115      0x2c0 ./gecko_sdk_4.3.1/platform/emlib/src/em_letimer.o
 .debug_loc     0x000033d5      0x138 ./gecko_sdk_4.3.1/platform/emlib/src/em_system.o
 .debug_loc     0x0000350d      0x244 ./gecko_sdk_4.3.1/platform/emlib/src/em_timer.o
 .debug_loc     0x00003751      0x44d ./gecko_sdk_4.3.1/platform/emlib/src/em_usart.o
 .debug_loc     0x00003b9e       0x38 ./gecko_sdk_4.3.1/platform/service/device_init/src/sl_device_init_dcdc_s2.o
 .debug_loc     0x00003bd6       0x38 ./gecko_sdk_4.3.1/platform/service/device_init/src/sl_device_init_emu_s2.o
 .debug_loc     0x00003c0e       0x20 ./gecko_sdk_4.3.1/platform/service/device_init/src/sl_device_init_hfrco.o
 .debug_loc     0x00003c2e       0x39 ./gecko_sdk_4.3.1/platform/service/device_init/src/sl_device_init_hfxo_s2.o
 .debug_loc     0x00003c67       0x38 ./gecko_sdk_4.3.1/platform/service/device_init/src/sl_device_init_lfxo_s2.o
 .debug_loc     0x00003c9f       0x64 ./gecko_sdk_4.3.1/platform/service/device_init/src/sl_device_init_nvic.o
 .debug_loc     0x00003d03       0x20 ./gecko_sdk_4.3.1/platform/service/system/src/sl_system_init.o
 .debug_loc     0x00003d23       0x58 ./gecko_sdk_4.3.1/platform/service/udelay/src/sl_udelay.o

.debug_aranges  0x00000000      0xf50
 .debug_aranges
                0x00000000       0x48 ./DHT22.o
 .debug_aranges
                0x00000048       0x60 ./Letimer.o
 .debug_aranges
                0x000000a8       0x38 ./app.o
 .debug_aranges
                0x000000e0       0x28 ./connect.o
 .debug_aranges
                0x00000108       0x38 ./iadc.o
 .debug_aranges
                0x00000140       0x20 ./main.o
 .debug_aranges
                0x00000160       0x40 ./uart.o
 .debug_aranges
                0x000001a0       0x20 ./autogen/sl_board_default_init.o
 .debug_aranges
                0x000001c0       0x20 ./autogen/sl_device_init_clocks.o
 .debug_aranges
                0x000001e0       0x68 ./autogen/sl_event_handler.o
 .debug_aranges
                0x00000248       0x70 ./gecko_sdk_4.3.1/hardware/board/src/sl_board_control_gpio.o
 .debug_aranges
                0x000002b8       0x28 ./gecko_sdk_4.3.1/hardware/board/src/sl_board_init.o
 .debug_aranges
                0x000002e0       0x40 ./gecko_sdk_4.3.1/hardware/driver/configuration_over_swo/src/sl_cos.o
 .debug_aranges
                0x00000320       0x40 ./gecko_sdk_4.3.1/hardware/driver/mx25_flash_shutdown/src/sl_mx25_flash_shutdown_usart/sl_mx25_flash_shutdown.o
 .debug_aranges
                0x00000360       0x28 ./gecko_sdk_4.3.1/platform/Device/SiliconLabs/EFR32MG24/Source/startup_efr32mg24.o
 .debug_aranges
                0x00000388       0xa0 ./gecko_sdk_4.3.1/platform/Device/SiliconLabs/EFR32MG24/Source/system_efr32mg24.o
 .debug_aranges
                0x00000428       0x20 ./gecko_sdk_4.3.1/platform/common/src/sl_assert.o
 .debug_aranges
                0x00000448       0x30 ./gecko_sdk_4.3.1/platform/common/toolchain/src/sl_memory.o