Archive member included to satisfy reference by file (symbol)

c:/siliconlabs/simplicitystudio/v5/developer/toolchains/gnu_arm/10.3_2021.10/bin/../lib/gcc/arm-none-eabi/10.3.1/thumb/v8-m.main+fp/hard\libgcc.a(_arm_muldf3.o)
                              ./iadc.o (__aeabi_dmul)
c:/siliconlabs/simplicitystudio/v5/developer/toolchains/gnu_arm/10.3_2021.10/bin/../lib/gcc/arm-none-eabi/10.3.1/thumb/v8-m.main+fp/hard\libgcc.a(_arm_addsubdf3.o)
                              ./iadc.o (__aeabi_dsub)
c:/siliconlabs/simplicitystudio/v5/developer/toolchains/gnu_arm/10.3_2021.10/bin/../lib/gcc/arm-none-eabi/10.3.1/thumb/v8-m.main+fp/hard\libgcc.a(_arm_muldivdf3.o)
                              ./iadc.o (__aeabi_ddiv)
c:/siliconlabs/simplicitystudio/v5/developer/toolchains/gnu_arm/10.3_2021.10/bin/../lib/gcc/arm-none-eabi/10.3.1/thumb/v8-m.main+fp/hard\libgcc.a(_arm_fixunsdfsi.o)
                              ./iadc.o (__aeabi_d2uiz)
c:/siliconlabs/simplicitystudio/v5/developer/toolchains/gnu_arm/10.3_2021.10/bin/../lib/gcc/arm-none-eabi/10.3.1/thumb/v8-m.main+fp/hard\libgcc.a(_arm_truncdfsf2.o)
                              ./iadc.o (__aeabi_d2f)
c:/siliconlabs/simplicitystudio/v5/developer/toolchains/gnu_arm/10.3_2021.10/bin/../lib/gcc/arm-none-eabi/10.3.1/thumb/v8-m.main+fp/hard\libgcc.a(_aeabi_uldivmod.o)
                              ./gecko_sdk_4.3.1/platform/emdrv/ustimer/src/ustimer.o (__aeabi_uldivmod)
c:/siliconlabs/simplicitystudio/v5/developer/toolchains/gnu_arm/10.3_2021.10/bin/../lib/gcc/arm-none-eabi/10.3.1/thumb/v8-m.main+fp/hard\libgcc.a(_udivmoddi4.o)
                              c:/siliconlabs/simplicitystudio/v5/developer/toolchains/gnu_arm/10.3_2021.10/bin/../lib/gcc/arm-none-eabi/10.3.1/thumb/v8-m.main+fp/hard\libgcc.a(_aeabi_uldivmod.o) (__udivmoddi4)
c:/siliconlabs/simplicitystudio/v5/developer/toolchains/gnu_arm/10.3_2021.10/bin/../lib/gcc/arm-none-eabi/10.3.1/thumb/v8-m.main+fp/hard\libgcc.a(_dvmd_tls.o)
                              c:/siliconlabs/simplicitystudio/v5/developer/toolchains/gnu_arm/10.3_2021.10/bin/../lib/gcc/arm-none-eabi/10.3.1/thumb/v8-m.main+fp/hard\libgcc.a(_aeabi_uldivmod.o) (__aeabi_ldiv0)
c:/siliconlabs/simplicitystudio/v5/developer/toolchains/gnu_arm/10.3_2021.10/bin/../lib/gcc/arm-none-eabi/10.3.1/../../../../arm-none-eabi/lib/thumb/v8-m.main+fp/hard\libc_nano.a(lib_a-calloc.o)
                              ./gecko_sdk_4.3.1/util/silicon_labs/silabs_core/memory_manager/sl_malloc.o (calloc)
c:/siliconlabs/simplicitystudio/v5/developer/toolchains/gnu_arm/10.3_2021.10/bin/../lib/gcc/arm-none-eabi/10.3.1/../../../../arm-none-eabi/lib/thumb/v8-m.main+fp/hard\libc_nano.a(lib_a-exit.o)
                              c:/siliconlabs/simplicitystudio/v5/developer/toolchains/gnu_arm/10.3_2021.10/bin/../lib/gcc/arm-none-eabi/10.3.1/../../../../arm-none-eabi/lib/thumb/v8-m.main+fp/hard/crt0.o (exit)
c:/siliconlabs/simplicitystudio/v5/developer/toolchains/gnu_arm/10.3_2021.10/bin/../lib/gcc/arm-none-eabi/10.3.1/../../../../arm-none-eabi/lib/thumb/v8-m.main+fp/hard\libc_nano.a(lib_a-impure.o)
                              c:/siliconlabs/simplicitystudio/v5/developer/toolchains/gnu_arm/10.3_2021.10/bin/../lib/gcc/arm-none-eabi/10.3.1/../../../../arm-none-eabi/lib/thumb/v8-m.main+fp/hard\libc_nano.a(lib_a-exit.o) (_global_impure_ptr)
c:/siliconlabs/simplicitystudio/v5/developer/toolchains/gnu_arm/10.3_2021.10/bin/../lib/gcc/arm-none-eabi/10.3.1/../../../../arm-none-eabi/lib/thumb/v8-m.main+fp/hard\libc_nano.a(lib_a-init.o)
                              c:/siliconlabs/simplicitystudio/v5/developer/toolchains/gnu_arm/10.3_2021.10/bin/../lib/gcc/arm-none-eabi/10.3.1/../../../../arm-none-eabi/lib/thumb/v8-m.main+fp/hard/crt0.o (__libc_init_array)
c:/siliconlabs/simplicitystudio/v5/developer/toolchains/gnu_arm/10.3_2021.10/bin/../lib/gcc/arm-none-eabi/10.3.1/../../../../arm-none-eabi/lib/thumb/v8-m.main+fp/hard\libc_nano.a(lib_a-malloc.o)
                              ./gecko_sdk_4.3.1/util/silicon_labs/silabs_core/memory_manager/sl_malloc.o (malloc)
c:/siliconlabs/simplicitystudio/v5/developer/toolchains/gnu_arm/10.3_2021.10/bin/../lib/gcc/arm-none-eabi/10.3.1/../../../../arm-none-eabi/lib/thumb/v8-m.main+fp/hard\libc_nano.a(lib_a-memcpy-stub.o)
                              ./Letimer.o (memcpy)
c:/siliconlabs/simplicitystudio/v5/developer/toolchains/gnu_arm/10.3_2021.10/bin/../lib/gcc/arm-none-eabi/10.3.1/../../../../arm-none-eabi/lib/thumb/v8-m.main+fp/hard\libc_nano.a(lib_a-memmove.o)
                              ./gecko_sdk_4.3.1/platform/security/sl_component/sl_psa_driver/src/sli_se_driver_cipher.o (memmove)
c:/siliconlabs/simplicitystudio/v5/developer/toolchains/gnu_arm/10.3_2021.10/bin/../lib/gcc/arm-none-eabi/10.3.1/../../../../arm-none-eabi/lib/thumb/v8-m.main+fp/hard\libc_nano.a(lib_a-memset.o)
[...]
Memory Configuration

Name             Origin             Length             Attributes
FLASH            0x08000000         0x0017e000         xr
RAM              0x20000000         0x00040000         xrw
*default*        0x00000000         0xffffffff

Linker script and memory map

LOAD c:/siliconlabs/simplicitystudio/v5/developer/toolchains/gnu_arm/10.3_2021.10/bin/../lib/gcc/arm-none-eabi/10.3.1/thumb/v8-m.main+fp/hard/crti.o
LOAD c:/siliconlabs/simplicitystudio/v5/developer/toolchains/gnu_arm/10.3_2021.10/bin/../lib/gcc/arm-none-eabi/10.3.1/thumb/v8-m.main+fp/hard/crtbegin.o
LOAD c:/siliconlabs/simplicitystudio/v5/developer/toolchains/gnu_arm/10.3_2021.10/bin/../lib/gcc/arm-none-eabi/10.3.1/../../../../arm-none-eabi/lib/thumb/v8-m.main+fp/hard/crt0.o
START GROUP
LOAD ./DHT22.o
LOAD ./Letimer.o
LOAD ./app.o
LOAD ./connect.o
LOAD ./crypt.o
LOAD ./iadc.o
LOAD ./main.o
LOAD ./uart.o
LOAD ./autogen/sl_board_default_init.o
LOAD ./autogen/sl_device_init_clocks.o
LOAD ./autogen/sl_event_handler.o
LOAD ./gecko_sdk_4.3.1/hardware/board/src/sl_board_control_gpio.o
LOAD ./gecko_sdk_4.3.1/hardware/board/src/sl_board_init.o
LOAD ./gecko_sdk_4.3.1/hardware/driver/configuration_over_swo/src/sl_cos.o
LOAD ./gecko_sdk_4.3.1/hardware/driver/mx25_flash_shutdown/src/sl_mx25_flash_shutdown_usart/sl_mx25_flash_shutdown.o
LOAD ./gecko_sdk_4.3.1/platform/Device/SiliconLabs/EFR32MG24/Source/startup_efr32mg24.o
LOAD ./gecko_sdk_4.3.1/platform/Device/SiliconLabs/EFR32MG24/Source/system_efr32mg24.o
LOAD ./gecko_sdk_4.3.1/platform/common/src/sl_assert.o
LOAD ./gecko_sdk_4.3.1/platform/common/toolchain/src/sl_memory.o
LOAD ./gecko_sdk_4.3.1/platform/driver/debug/src/sl_debug_swo.o
LOAD ./gecko_sdk_4.3.1/platform/emdrv/ustimer/src/ustimer.o
LOAD ./gecko_sdk_4.3.1/platform/emlib/src/em_cmu.o
LOAD ./gecko_sdk_4.3.1/platform/emlib/src/em_core.o
LOAD ./gecko_sdk_4.3.1/platform/emlib/src/em_emu.o
LOAD ./gecko_sdk_4.3.1/platform/emlib/src/em_eusart.o
LOAD ./gecko_sdk_4.3.1/platform/emlib/src/em_gpio.o
LOAD ./gecko_sdk_4.3.1/platform/emlib/src/em_iadc.o
LOAD ./gecko_sdk_4.3.1/platform/emlib/src/em_letimer.o
LOAD ./gecko_sdk_4.3.1/platform/emlib/src/em_msc.o
LOAD ./gecko_sdk_4.3.1/platform/emlib/src/em_se.o
LOAD ./gecko_sdk_4.3.1/platform/emlib/src/em_system.o
LOAD ./gecko_sdk_4.3.1/platform/emlib/src/em_timer.o
LOAD ./gecko_sdk_4.3.1/platform/emlib/src/em_usart.o
LOAD ./gecko_sdk_4.3.1/platform/security/sl_component/se_manager/src/sl_se_manager.o
LOAD ./gecko_sdk_4.3.1/platform/security/sl_component/se_manager/src/sl_se_manager_attestation.o
LOAD ./gecko_sdk_4.3.1/platform/security/sl_component/se_manager/src/sl_se_manager_cipher.o
LOAD ./gecko_sdk_4.3.1/platform/security/sl_component/se_manager/src/sl_se_manager_entropy.o
LOAD ./gecko_sdk_4.3.1/platform/security/sl_component/se_manager/src/sl_se_manager_hash.o
LOAD ./gecko_sdk_4.3.1/platform/security/sl_component/se_manager/src/sl_se_manager_key_derivation.o
LOAD ./gecko_sdk_4.3.1/platform/security/sl_component/se_manager/src/sl_se_manager_key_handling.o
LOAD ./gecko_sdk_4.3.1/platform/security/sl_component/se_manager/src/sl_se_manager_signature.o
LOAD ./gecko_sdk_4.3.1/platform/security/sl_component/se_manager/src/sl_se_manager_util.o
LOAD ./gecko_sdk_4.3.1/platform/security/sl_component/sl_mbedtls_support/src/se_aes.o
LOAD ./gecko_sdk_4.3.1/platform/security/sl_component/sl_mbedtls_support/src/sl_mbedtls.o
LOAD ./gecko_sdk_4.3.1/platform/security/sl_component/sl_psa_driver/src/sli_psa_driver_common.o
LOAD ./gecko_sdk_4.3.1/platform/security/sl_component/sl_psa_driver/src/sli_psa_driver_init.o
LOAD ./gecko_sdk_4.3.1/platform/security/sl_component/sl_psa_driver/src/sli_se_driver_aead.o
LOAD ./gecko_sdk_4.3.1/platform/security/sl_component/sl_psa_driver/src/sli_se_driver_builtin_keys.o
LOAD ./gecko_sdk_4.3.1/platform/security/sl_component/sl_psa_driver/src/sli_se_driver_cipher.o
LOAD ./gecko_sdk_4.3.1/platform/security/sl_component/sl_psa_driver/src/sli_se_driver_key_derivation.o
LOAD ./gecko_sdk_4.3.1/platform/security/sl_component/sl_psa_driver/src/sli_se_driver_key_management.o
LOAD ./gecko_sdk_4.3.1/platform/security/sl_component/sl_psa_driver/src/sli_se_driver_mac.o
LOAD ./gecko_sdk_4.3.1/platform/security/sl_component/sl_psa_driver/src/sli_se_driver_signature.o
LOAD ./gecko_sdk_4.3.1/platform/security/sl_component/sl_psa_driver/src/sli_se_opaque_driver_aead.o
LOAD ./gecko_sdk_4.3.1/platform/security/sl_component/sl_psa_driver/src/sli_se_opaque_driver_cipher.o
LOAD ./gecko_sdk_4.3.1/platform/security/sl_component/sl_psa_driver/src/sli_se_opaque_driver_mac.o
LOAD ./gecko_sdk_4.3.1/platform/security/sl_component/sl_psa_driver/src/sli_se_opaque_key_derivation.o
LOAD ./gecko_sdk_4.3.1/platform/security/sl_component/sl_psa_driver/src/sli_se_transparent_driver_aead.o
LOAD ./gecko_sdk_4.3.1/platform/security/sl_component/sl_psa_driver/src/sli_se_transparent_driver_cipher.o
LOAD ./gecko_sdk_4.3.1/platform/security/sl_component/sl_psa_driver/src/sli_se_transparent_driver_hash.o
LOAD ./gecko_sdk_4.3.1/platform/security/sl_component/sl_psa_driver/src/sli_se_transparent_driver_mac.o
LOAD ./gecko_sdk_4.3.1/platform/security/sl_component/sl_psa_driver/src/sli_se_transparent_key_derivation.o
LOAD ./gecko_sdk_4.3.1/platform/security/sl_component/sl_psa_driver/src/sli_se_version_dependencies.o
LOAD ./gecko_sdk_4.3.1/platform/service/device_init/src/sl_device_init_dcdc_s2.o
LOAD ./gecko_sdk_4.3.1/platform/service/device_init/src/sl_device_init_emu_s2.o
LOAD ./gecko_sdk_4.3.1/platform/service/device_init/src/sl_device_init_hfrco.o
LOAD ./gecko_sdk_4.3.1/platform/service/device_init/src/sl_device_init_hfxo_s2.o
LOAD ./gecko_sdk_4.3.1/platform/service/device_init/src/sl_device_init_lfxo_s2.o
LOAD ./gecko_sdk_4.3.1/platform/service/device_init/src/sl_device_init_nvic.o
LOAD ./gecko_sdk_4.3.1/platform/service/system/src/sl_system_init.o
LOAD ./gecko_sdk_4.3.1/platform/service/system/src/sl_system_process_action.o
LOAD ./gecko_sdk_4.3.1/platform/service/udelay/src/sl_udelay.o
LOAD ./gecko_sdk_4.3.1/platform/service/udelay/src/sl_udelay_armv6m_gcc.o
LOAD ./gecko_sdk_4.3.1/util/silicon_labs/silabs_core/memory_manager/sl_malloc.o
LOAD ./gecko_sdk_4.3.1/util/third_party/mbedtls/library/aes.o
LOAD ./gecko_sdk_4.3.1/util/third_party/mbedtls/library/constant_time.o
LOAD ./gecko_sdk_4.3.1/util/third_party/mbedtls/library/platform.o
LOAD ./gecko_sdk_4.3.1/util/third_party/mbedtls/library/platform_util.o
LOAD ./gecko_sdk_4.3.1/util/third_party/mbedtls/library/psa_crypto_client.o
LOAD ./gecko_sdk_4.3.1/util/third_party/mbedtls/library/threading.o
LOAD c:/siliconlabs/simplicitystudio/v5/developer/toolchains/gnu_arm/10.3_2021.10/bin/../lib/gcc/arm-none-eabi/10.3.1/thumb/v8-m.main+fp/hard\libgcc.a
LOAD c:/siliconlabs/simplicitystudio/v5/developer/toolchains/gnu_arm/10.3_2021.10/bin/../lib/gcc/arm-none-eabi/10.3.1/../../../../arm-none-eabi/lib/thumb/v8-m.main+fp/hard\libc_nano.a
LOAD c:/siliconlabs/simplicitystudio/v5/developer/toolchains/gnu_arm/10.3_2021.10/bin/../lib/gcc/arm-none-eabi/10.3.1/../../../../arm-none-eabi/lib/thumb/v8-m.main+fp/hard\libm.a
LOAD c:/siliconlabs/simplicitystudio/v5/developer/toolchains/gnu_arm/10.3_2021.10/bin/../lib/gcc/arm-none-eabi/10.3.1/../../../../arm-none-eabi/lib/thumb/v8-m.main+fp/hard\libnosys.a
END GROUP
START GROUP
LOAD c:/siliconlabs/simplicitystudio/v5/developer/toolchains/gnu_arm/10.3_2021.10/bin/../lib/gcc/arm-none-eabi/10.3.1/thumb/v8-m.main+fp/hard\libgcc.a
LOAD c:/siliconlabs/simplicitystudio/v5/developer/toolchains/gnu_arm/10.3_2021.10/bin/../lib/gcc/arm-none-eabi/10.3.1/../../../../arm-none-eabi/lib/thumb/v8-m.main+fp/hard\libc_nano.a
LOAD c:/siliconlabs/simplicitystudio/v5/developer/toolchains/gnu_arm/10.3_2021.10/bin/../lib/gcc/arm-none-eabi/10.3.1/../../../../arm-none-eabi/lib/thumb/v8-m.main+fp/hard\libnosys.a
END GROUP
START GROUP
LOAD c:/siliconlabs/simplicitystudio/v5/developer/toolchains/gnu_arm/10.3_2021.10/bin/../lib/gcc/arm-none-eabi/10.3.1/thumb/v8-m.main+fp/hard\libgcc.a
LOAD c:/siliconlabs/simplicitystudio/v5/developer/toolchains/gnu_arm/10.3_2021.10/bin/../lib/gcc/arm-none-eabi/10.3.1/../../../../arm-none-eabi/lib/thumb/v8-m.main+fp/hard\libg_nano.a
LOAD c:/siliconlabs/simplicitystudio/v5/developer/toolchains/gnu_arm/10.3_2021.10/bin/../lib/gcc/arm-none-eabi/10.3.1/../../../../arm-none-eabi/lib/thumb/v8-m.main+fp/hard\libc_nano.a
END GROUP
START GROUP
LOAD c:/siliconlabs/simplicitystudio/v5/developer/toolchains/gnu_arm/10.3_2021.10/bin/../lib/gcc/arm-none-eabi/10.3.1/thumb/v8-m.main+fp/hard\libgcc.a
LOAD c:/siliconlabs/simplicitystudio/v5/developer/toolchains/gnu_arm/10.3_2021.10/bin/../lib/gcc/arm-none-eabi/10.3.1/../../../../arm-none-eabi/lib/thumb/v8-m.main+fp/hard\libc_nano.a
END GROUP
LOAD c:/siliconlabs/simplicitystudio/v5/developer/toolchains/gnu_arm/10.3_2021.10/bin/../lib/gcc/arm-none-eabi/10.3.1/thumb/v8-m.main+fp/hard/crtend.o
LOAD c:/siliconlabs/simplicitystudio/v5/developer/toolchains/gnu_arm/10.3_2021.10/bin/../lib/gcc/arm-none-eabi/10.3.1/thumb/v8-m.main+fp/hard/crtn.o

.text           0x08000000     0x9f9c
                0x08000000                linker_vectors_begin = .
 *(.vectors)
 .vectors       0x08000000      0x170 ./gecko_sdk_4.3.1/platform/Device/SiliconLabs/EFR32MG24/Source/startup_efr32mg24.o
                0x08000000                __Vectors
                0x08000170                linker_vectors_end = .
                0x08000170                __Vectors_End = .
                0x08000170                __Vectors_Size = (__Vectors_End - __Vectors)
                0x08000170                linker_code_begin = .
 *(SORT_BY_ALIGNMENT(.text*))
 .text          0x08000170        0x8 ./gecko_sdk_4.3.1/platform/service/udelay/src/sl_udelay_armv6m_gcc.o
                0x08000170                sli_delay_loop
 .text.getMoisture
                0x08000178      0x114 ./iadc.o
                0x08000178                getMoisture
 .text          0x0800028c       0x40 c:/siliconlabs/simplicitystudio/v5/developer/toolchains/gnu_arm/10.3_2021.10/bin/../lib/gcc/arm-none-eabi/10.3.1/thumb/v8-m.main+fp/hard/crtbegin.o
 .text          0x080002cc       0x7c c:/siliconlabs/simplicitystudio/v5/developer/toolchains/gnu_arm/10.3_2021.10/bin/../lib/gcc/arm-none-eabi/10.3.1/../../../../arm-none-eabi/lib/thumb/v8-m.main+fp/hard/crt0.o
                0x080002cc                _stack_init
                0x080002d4                _start
                0x080002d4                _mainCRTStartup
 .text.GPIO_PinInGet
                0x08000348       0x88 ./DHT22.o
 .text.DHT_GetData
                0x080003d0       0xc8 ./DHT22.o
                0x080003d0                DHT_GetData
 .text.__NVIC_EnableIRQ
                0x08000498       0x34 ./Letimer.o
 .text.__NVIC_ClearPendingIRQ
                0x080004cc       0x38 ./Letimer.o
 .text.GPIO_PinOutClear
                0x08000504       0x84 ./Letimer.o
 .text.GPIO_PinOutSet
                0x08000588       0x84 ./Letimer.o
 .text.GPIO_PinOutToggle
                0x0800060c       0x84 ./Letimer.o
 .text.LETIMER0_IRQHandler
                0x08000690      0x20c ./Letimer.o
                0x08000690                LETIMER0_IRQHandler
 .text.__NVIC_EnableIRQ
                0x0800089c       0x34 ./connect.o
 .text.__NVIC_ClearPendingIRQ
                0x080008d0       0x38 ./connect.o
 .text.GPIO_IntClear
                0x08000908       0x1c ./connect.o
 .text.GPIO_IntGet
                0x08000924       0x10 ./connect.o
 .text.GPIO_PinOutClear
                0x08000934       0x84 ./connect.o
 .text.GPIO_PinOutSet
                0x080009b8       0x84 ./connect.o
 .text.GPIO_ODD_IRQHandler
                0x08000a3c       0xd8 ./connect.o
                0x08000a3c                GPIO_ODD_IRQHandler
 .text.EncryptDataECB
                0x08000b14       0x3c ./crypt.o
                0x08000b14                EncryptDataECB
 .text.iadcInit
                0x08000b50       0xf4 ./iadc.o
                0x08000b50                iadcInit
 .text.__NVIC_EnableIRQ
                0x08000c44       0x34 ./uart.o
 .text.__NVIC_ClearPendingIRQ
                0x08000c78       0x38 ./uart.o
 .text.GPIO_PinOutClear
                0x08000cb0       0x84 ./uart.o
 .text.GPIO_PinOutSet
                0x08000d34       0x84 ./uart.o
 .text.GPIO_PinOutToggle
                0x08000db8       0x84 ./uart.o
 .text.uartInit
                0x08000e3c       0xa8 ./uart.o
                0x08000e3c                uartInit
 .text.EUSART0_RX_IRQHandler
                0x08000ee4      0x138 ./uart.o
                0x08000ee4                EUSART0_RX_IRQHandler
 .text.transmitData
                0x0800101c       0x58 ./uart.o
                0x0800101c                transmitData
 .text.uint16ToUnsignedCharArray
                0x08001074       0x28 ./uart.o
                0x08001074                uint16ToUnsignedCharArray
 .text.sl_device_init_clocks
                0x0800109c       0xb0 ./autogen/sl_device_init_clocks.o
                0x0800109c                sl_device_init_clocks
 .text.GPIO_PinOutClear
                0x0800114c       0x84 ./gecko_sdk_4.3.1/hardware/driver/mx25_flash_shutdown/src/sl_mx25_flash_shutdown_usart/sl_mx25_flash_shutdown.o
 .text.GPIO_PinOutSet
                0x080011d0       0x84 ./gecko_sdk_4.3.1/hardware/driver/mx25_flash_shutdown/src/sl_mx25_flash_shutdown_usart/sl_mx25_flash_shutdown.o
 .text.sl_mx25_flash_shutdown
                0x08001254      0x134 ./gecko_sdk_4.3.1/hardware/driver/mx25_flash_shutdown/src/sl_mx25_flash_shutdown_usart/sl_mx25_flash_shutdown.o
                0x08001254                sl_mx25_flash_shutdown
 .text.Reset_Handler
                0x08001388       0x98 ./gecko_sdk_4.3.1/platform/Device/SiliconLabs/EFR32MG24/Source/startup_efr32mg24.o
                0x08001388                Reset_Handler
 .text.__NVIC_EnableIRQ
                0x08001420       0x34 ./gecko_sdk_4.3.1/platform/Device/SiliconLabs/EFR32MG24/Source/system_efr32mg24.o
 .text.__NVIC_ClearPendingIRQ
                0x08001454       0x38 ./gecko_sdk_4.3.1/platform/Device/SiliconLabs/EFR32MG24/Source/system_efr32mg24.o
 .text.SystemInit
                0x0800148c       0x90 ./gecko_sdk_4.3.1/platform/Device/SiliconLabs/EFR32MG24/Source/system_efr32mg24.o
                0x0800148c                SystemInit
 .text.SystemHFRCODPLLClockGet
                0x0800151c        0xc ./gecko_sdk_4.3.1/platform/Device/SiliconLabs/EFR32MG24/Source/system_efr32mg24.o
                0x0800151c                SystemHFRCODPLLClockGet
 .text.SystemHFRCODPLLClockSet
                0x08001528       0x14 ./gecko_sdk_4.3.1/platform/Device/SiliconLabs/EFR32MG24/Source/system_efr32mg24.o
                0x08001528                SystemHFRCODPLLClockSet
 .text.SystemSYSCLKGet
                0x0800153c       0x50 ./gecko_sdk_4.3.1/platform/Device/SiliconLabs/EFR32MG24/Source/system_efr32mg24.o
                0x0800153c                SystemSYSCLKGet
 .text.SystemHCLKGet
                0x0800158c       0x3c ./gecko_sdk_4.3.1/platform/Device/SiliconLabs/EFR32MG24/Source/system_efr32mg24.o
                0x0800158c                SystemHCLKGet
 .text.SystemMaxCoreClockGet
                0x080015c8        0xc ./gecko_sdk_4.3.1/platform/Device/SiliconLabs/EFR32MG24/Source/system_efr32mg24.o
                0x080015c8                SystemMaxCoreClockGet
 .text.SystemHFXOClockGet
                0x080015d4        0xc ./gecko_sdk_4.3.1/platform/Device/SiliconLabs/EFR32MG24/Source/system_efr32mg24.o
                0x080015d4                SystemHFXOClockGet
 .text.SystemHFXOClockSet
                0x080015e0       0x2c ./gecko_sdk_4.3.1/platform/Device/SiliconLabs/EFR32MG24/Source/system_efr32mg24.o
                0x080015e0                SystemHFXOClockSet
 .text.SystemFSRCOClockGet
                0x0800160c        0xc ./gecko_sdk_4.3.1/platform/Device/SiliconLabs/EFR32MG24/Source/system_efr32mg24.o
                0x0800160c                SystemFSRCOClockGet
 .text.SystemHFRCOEM23ClockGet
                0x08001618       0xe0 ./gecko_sdk_4.3.1/platform/Device/SiliconLabs/EFR32MG24/Source/system_efr32mg24.o
                0x08001618                SystemHFRCOEM23ClockGet
 .text.SystemLFXOClockGet
                0x080016f8        0xc ./gecko_sdk_4.3.1/platform/Device/SiliconLabs/EFR32MG24/Source/system_efr32mg24.o
                0x080016f8                SystemLFXOClockGet
 .text._sbrk    0x08001704       0x3c ./gecko_sdk_4.3.1/platform/common/toolchain/src/sl_memory.o
                0x08001704                _sbrk
 .text.BUS_RegBitWrite
                0x08001740       0x48 ./gecko_sdk_4.3.1/platform/driver/debug/src/sl_debug_swo.o
 .text.GPIO_DbgSWOEnable
                0x08001788       0x30 ./gecko_sdk_4.3.1/platform/driver/debug/src/sl_debug_swo.o
 .text.sl_debug_swo_init
                0x080017b8      0x178 ./gecko_sdk_4.3.1/platform/driver/debug/src/sl_debug_swo.o
                0x080017b8                sl_debug_swo_init
 .text.__NVIC_EnableIRQ
                0x08001930       0x34 ./gecko_sdk_4.3.1/platform/emdrv/ustimer/src/ustimer.o
 .text.__NVIC_DisableIRQ
                0x08001964       0x44 ./gecko_sdk_4.3.1/platform/emdrv/ustimer/src/ustimer.o
 .text.__NVIC_ClearPendingIRQ
                0x080019a8       0x38 ./gecko_sdk_4.3.1/platform/emdrv/ustimer/src/ustimer.o
 .text.TIMER_Valid
                0x080019e0       0x54 ./gecko_sdk_4.3.1/platform/emdrv/ustimer/src/ustimer.o
 .text.TIMER_MaxCount
                0x08001a34       0xf0 ./gecko_sdk_4.3.1/platform/emdrv/ustimer/src/ustimer.o
 .text.TIMER_Enable
                0x08001b24       0x44 ./gecko_sdk_4.3.1/platform/emdrv/ustimer/src/ustimer.o
 .text.TIMER_TopSet
                0x08001b68       0x48 ./gecko_sdk_4.3.1/platform/emdrv/ustimer/src/ustimer.o
 .text.USTIMER_Init
                0x08001bb0      0x130 ./gecko_sdk_4.3.1/platform/emdrv/ustimer/src/ustimer.o
                0x08001bb0                USTIMER_Init
 .text.USTIMER_DeInit
                0x08001ce0       0x38 ./gecko_sdk_4.3.1/platform/emdrv/ustimer/src/ustimer.o
                0x08001ce0                USTIMER_DeInit
 .text.USTIMER_DelayIntSafe
                0x08001d18       0x9c ./gecko_sdk_4.3.1/platform/emdrv/ustimer/src/ustimer.o
                0x08001d18                USTIMER_DelayIntSafe
 .text.TIMER0_IRQHandler
                0x08001db4       0x34 ./gecko_sdk_4.3.1/platform/emdrv/ustimer/src/ustimer.o
                0x08001db4                TIMER0_IRQHandler
 .text.DelayTicksPolled
                0x08001de8       0x50 ./gecko_sdk_4.3.1/platform/emdrv/ustimer/src/ustimer.o
 .text.BUS_RegBitWrite
                0x08001e38       0x48 ./gecko_sdk_4.3.1/platform/emlib/src/em_cmu.o
 .text.EMU_VScaleWait
                0x08001e80       0x1c ./gecko_sdk_4.3.1/platform/emlib/src/em_cmu.o
 .text.EMU_VScaleGet
                0x08001e9c       0x1c ./gecko_sdk_4.3.1/platform/emlib/src/em_cmu.o
 .text.SYSCFG_setSysTicExtClkEnCfgSysTic
                0x08001eb8       0x14 ./gecko_sdk_4.3.1/platform/emlib/src/em_cmu.o
 .text.SYSCFG_clearSysTicExtClkEnCfgSysTic
                0x08001ecc       0x14 ./gecko_sdk_4.3.1/platform/emlib/src/em_cmu.o
 .text.MSC_LockGetLocked
                0x08001ee0       0x1c ./gecko_sdk_4.3.1/platform/emlib/src/em_cmu.o
 .text.MSC_LockSetLocked
                0x08001efc       0x10 ./gecko_sdk_4.3.1/platform/emlib/src/em_cmu.o
 .text.MSC_LockSetUnlocked
                0x08001f0c       0x10 ./gecko_sdk_4.3.1/platform/emlib/src/em_cmu.o
 .text.MSC_ReadCTRLGet
                0x08001f1c        0xc ./gecko_sdk_4.3.1/platform/emlib/src/em_cmu.o
 .text.MSC_ReadCTRLSet
                0x08001f28       0x14 ./gecko_sdk_4.3.1/platform/emlib/src/em_cmu.o
 .text.CMU_ClockDivGet
                0x08001f3c       0xec ./gecko_sdk_4.3.1/platform/emlib/src/em_cmu.o
                0x08001f3c                CMU_ClockDivGet
 .text.CMU_ClockDivSet
                0x08002028      0x1b0 ./gecko_sdk_4.3.1/platform/emlib/src/em_cmu.o
                0x08002028                CMU_ClockDivSet
 .text.CMU_ClockEnable
                0x080021d8       0x74 ./gecko_sdk_4.3.1/platform/emlib/src/em_cmu.o
                0x080021d8                CMU_ClockEnable
 .text.CMU_ClockFreqGet
                0x0800224c      0x6a8 ./gecko_sdk_4.3.1/platform/emlib/src/em_cmu.o
                0x0800224c                CMU_ClockFreqGet
 .text.CMU_ClockSelectGet
                0x080028f4      0x3e4 ./gecko_sdk_4.3.1/platform/emlib/src/em_cmu.o
                0x080028f4                CMU_ClockSelectGet
 .text.CMU_ClockSelectSet
                0x08002cd8      0xb7c ./gecko_sdk_4.3.1/platform/emlib/src/em_cmu.o
                0x08002cd8                CMU_ClockSelectSet
 .text.CMU_HFRCODPLLBandSet
                0x08003854      0x178 ./gecko_sdk_4.3.1/platform/emlib/src/em_cmu.o
                0x08003854                CMU_HFRCODPLLBandSet
 .text.CMU_HFXOInit
                0x080039cc      0x310 ./gecko_sdk_4.3.1/platform/emlib/src/em_cmu.o
                0x080039cc                CMU_HFXOInit
 .text.CMU_HFXOCTuneDeltaGet
                0x08003cdc       0x10 ./gecko_sdk_4.3.1/platform/emlib/src/em_cmu.o
                0x08003cdc                CMU_HFXOCTuneDeltaGet
 .text.CMU_LFXOInit
                0x08003cec      0x120 ./gecko_sdk_4.3.1/platform/emlib/src/em_cmu.o
                0x08003cec                CMU_LFXOInit
 .text.CMU_LFXOPrecisionSet
                0x08003e0c       0x1c ./gecko_sdk_4.3.1/platform/emlib/src/em_cmu.o
                0x08003e0c                CMU_LFXOPrecisionSet
 .text.CMU_HFXOPrecisionSet
                0x08003e28       0x1c ./gecko_sdk_4.3.1/platform/emlib/src/em_cmu.o
                0x08003e28                CMU_HFXOPrecisionSet
 .text.eusart0ClkGet
                0x08003e44       0xac ./gecko_sdk_4.3.1/platform/emlib/src/em_cmu.o
 .text.em01GrpcClkGet
                0x08003ef0       0xbc ./gecko_sdk_4.3.1/platform/emlib/src/em_cmu.o
 .text.vdac0ClkGet
                0x08003fac       0xa8 ./gecko_sdk_4.3.1/platform/emlib/src/em_cmu.o
 .text.vdac1ClkGet
                0x08004054       0xa8 ./gecko_sdk_4.3.1/platform/emlib/src/em_cmu.o
 .text.pcnt0ClkGet
                0x080040fc       0x74 ./gecko_sdk_4.3.1/platform/emlib/src/em_cmu.o
 .text.rhclkPrescMax
                0x08004170       0x18 ./gecko_sdk_4.3.1/platform/emlib/src/em_cmu.o
 .text.rhclkPrescOptimize
                0x08004188       0x2c ./gecko_sdk_4.3.1/platform/emlib/src/em_cmu.o
 .text.traceClkGet
                0x080041b4       0x84 ./gecko_sdk_4.3.1/platform/emlib/src/em_cmu.o
 .text.dpllRefClkGet
                0x08004238       0x94 ./gecko_sdk_4.3.1/platform/emlib/src/em_cmu.o
 .text.em01GrpaClkGet
                0x080042cc       0xc4 ./gecko_sdk_4.3.1/platform/emlib/src/em_cmu.o
 .text.em23GrpaClkGet
                0x08004390       0x94 ./gecko_sdk_4.3.1/platform/emlib/src/em_cmu.o
 .text.em4GrpaClkGet
                0x08004424       0x94 ./gecko_sdk_4.3.1/platform/emlib/src/em_cmu.o
 .text.getWaitStatesByFrequencyAndVScale
                0x080044b8       0x54 ./gecko_sdk_4.3.1/platform/emlib/src/em_cmu.o
 .text.flashWaitStateControl
                0x0800450c       0x70 ./gecko_sdk_4.3.1/platform/emlib/src/em_cmu.o
 .text.HFRCODPLLDevinfoGet
                0x0800457c      0x1bc ./gecko_sdk_4.3.1/platform/emlib/src/em_cmu.o
 .text.iadcClkGet
                0x08004738       0x8c ./gecko_sdk_4.3.1/platform/emlib/src/em_cmu.o
 .text.pclkDivOptimize
                0x080047c4       0x34 ./gecko_sdk_4.3.1/platform/emlib/src/em_cmu.o
 .text.sysrtcClkGet
                0x080047f8       0x94 ./gecko_sdk_4.3.1/platform/emlib/src/em_cmu.o
 .text.wdog0ClkGet
                0x0800488c       0xa8 ./gecko_sdk_4.3.1/platform/emlib/src/em_cmu.o
 .text.wdog1ClkGet
                0x08004934       0xa8 ./gecko_sdk_4.3.1/platform/emlib/src/em_cmu.o
 .text.sysTickClkGet
                0x080049dc       0x58 ./gecko_sdk_4.3.1/platform/emlib/src/em_cmu.o
 .text.EMU_DCDCLock
                0x08004a34       0x14 ./gecko_sdk_4.3.1/platform/emlib/src/em_emu.o
 .text.EMU_DCDCUnlock
                0x08004a48       0x10 ./gecko_sdk_4.3.1/platform/emlib/src/em_emu.o
 .text.EMU_DCDCSync
                0x08004a58       0x20 ./gecko_sdk_4.3.1/platform/emlib/src/em_emu.o
 .text.EMU_VScaleWait
                0x08004a78       0x1c ./gecko_sdk_4.3.1/platform/emlib/src/em_emu.o
 .text.EMU_VScaleGet
                0x08004a94       0x1c ./gecko_sdk_4.3.1/platform/emlib/src/em_emu.o
 .text.EMU_EnterEM2
                0x08004ab0       0x48 ./gecko_sdk_4.3.1/platform/emlib/src/em_emu.o
                0x08004ab0                EMU_EnterEM2
 .text.EMU_EM4Init
                0x08004af8       0x24 ./gecko_sdk_4.3.1/platform/emlib/src/em_emu.o
                0x08004af8                EMU_EM4Init
 .text.EMU_VScaleEM01ByClock
                0x08004b1c       0x5c ./gecko_sdk_4.3.1/platform/emlib/src/em_emu.o
                0x08004b1c                EMU_VScaleEM01ByClock
 .text.EMU_VScaleEM01
                0x08004b78       0xdc ./gecko_sdk_4.3.1/platform/emlib/src/em_emu.o
                0x08004b78                EMU_VScaleEM01
 .text.EMU_DCDCModeSet
                0x08004c54      0x120 ./gecko_sdk_4.3.1/platform/emlib/src/em_emu.o
                0x08004c54                EMU_DCDCModeSet
 .text.EMU_DCDCInit
                0x08004d74       0xa8 ./gecko_sdk_4.3.1/platform/emlib/src/em_emu.o
                0x08004d74                EMU_DCDCInit
 .text.EMU_DCDCSetPFMXModePeakCurrent
                0x08004e1c       0xb4 ./gecko_sdk_4.3.1/platform/emlib/src/em_emu.o
                0x08004e1c                EMU_DCDCSetPFMXModePeakCurrent
 .text.EUSART_UartInitLf
                0x08004ed0       0xf8 ./gecko_sdk_4.3.1/platform/emlib/src/em_eusart.o
                0x08004ed0                EUSART_UartInitLf
 .text.EUSART_Reset
                0x08004fc8       0xa4 ./gecko_sdk_4.3.1/platform/emlib/src/em_eusart.o
                0x08004fc8                EUSART_Reset
 .text.EUSART_Enable
                0x0800506c       0xbc ./gecko_sdk_4.3.1/platform/emlib/src/em_eusart.o
                0x0800506c                EUSART_Enable
 .text.EUSART_BaudrateSet
                0x08005128      0x290 ./gecko_sdk_4.3.1/platform/emlib/src/em_eusart.o
                0x08005128                EUSART_BaudrateSet
 .text.EUSART_ClockGet
                0x080053b8       0x48 ./gecko_sdk_4.3.1/platform/emlib/src/em_eusart.o
 .text.EUSART_AsyncInitCommon
                0x08005400      0x3b8 ./gecko_sdk_4.3.1/platform/emlib/src/em_eusart.o
 .text.BUS_RegBitWrite
                0x080057b8       0x48 ./gecko_sdk_4.3.1/platform/emlib/src/em_gpio.o
 .text.GPIO_IntClear
                0x08005800       0x1c ./gecko_sdk_4.3.1/platform/emlib/src/em_gpio.o
 .text.GPIO_PinOutClear
                0x0800581c       0x84 ./gecko_sdk_4.3.1/platform/emlib/src/em_gpio.o
 .text.GPIO_PinOutSet
                0x080058a0       0x84 ./gecko_sdk_4.3.1/platform/emlib/src/em_gpio.o
 .text.GPIO_ExtIntConfig
                0x08005924      0x16c ./gecko_sdk_4.3.1/platform/emlib/src/em_gpio.o
                0x08005924                GPIO_ExtIntConfig
 .text.GPIO_PinModeSet
                0x08005a90      0x124 ./gecko_sdk_4.3.1/platform/emlib/src/em_gpio.o
                0x08005a90                GPIO_PinModeSet
 .text.IADC_disable
                0x08005bb4       0x38 ./gecko_sdk_4.3.1/platform/emlib/src/em_iadc.o
 .text.IADC_init
                0x08005bec      0x9bc ./gecko_sdk_4.3.1/platform/emlib/src/em_iadc.o
                0x08005bec                IADC_init
 .text.IADC_initSingle
                0x080065a8       0xc4 ./gecko_sdk_4.3.1/platform/emlib/src/em_iadc.o
                0x080065a8                IADC_initSingle
 .text.IADC_updateSingleInput
                0x0800666c       0x8c ./gecko_sdk_4.3.1/platform/emlib/src/em_iadc.o
                0x0800666c                IADC_updateSingleInput
 .text.IADC_calcTimebase
                0x080066f8       0xa0 ./gecko_sdk_4.3.1/platform/emlib/src/em_iadc.o
                0x080066f8                IADC_calcTimebase
 .text.IADC_calcSrcClkPrescale
                0x08006798       0x8c ./gecko_sdk_4.3.1/platform/emlib/src/em_iadc.o
                0x08006798                IADC_calcSrcClkPrescale
 .text.IADC_calcAdcClkPrescale
                0x08006824       0xc4 ./gecko_sdk_4.3.1/platform/emlib/src/em_iadc.o
                0x08006824                IADC_calcAdcClkPrescale
 .text.IADC_getReferenceVoltage
                0x080068e8       0x7c ./gecko_sdk_4.3.1/platform/emlib/src/em_iadc.o
                0x080068e8                IADC_getReferenceVoltage
 .text.LETIMER_Enable
                0x08006964       0x48 ./gecko_sdk_4.3.1/platform/emlib/src/em_letimer.o
                0x08006964                LETIMER_Enable
 .text.LETIMER_Init
                0x080069ac      0x118 ./gecko_sdk_4.3.1/platform/emlib/src/em_letimer.o
                0x080069ac                LETIMER_Init
 .text.SE_addParameter
                0x08006ac4       0x4c ./gecko_sdk_4.3.1/platform/emlib/src/em_se.o
                0x08006ac4                SE_addParameter
 .text.SE_executeCommand
                0x08006b10       0x94 ./gecko_sdk_4.3.1/platform/emlib/src/em_se.o
                0x08006b10                SE_executeCommand
 .text.SYSCFG_readChipRev
                0x08006ba4        0xc ./gecko_sdk_4.3.1/platform/emlib/src/em_system.o
 .text.SYSTEM_ChipRevisionGet
                0x08006bb0       0x50 ./gecko_sdk_4.3.1/platform/emlib/src/em_system.o
                0x08006bb0                SYSTEM_ChipRevisionGet
 .text.TIMER_Valid
                0x08006c00       0x54 ./gecko_sdk_4.3.1/platform/emlib/src/em_timer.o
 .text.timerPrsConfig
                0x08006c54       0xc0 ./gecko_sdk_4.3.1/platform/emlib/src/em_timer.o
 .text.TIMER_Init
                0x08006d14      0x130 ./gecko_sdk_4.3.1/platform/emlib/src/em_timer.o
                0x08006d14                TIMER_Init
 .text.TIMER_InitCC
                0x08006e44      0x148 ./gecko_sdk_4.3.1/platform/emlib/src/em_timer.o
                0x08006e44                TIMER_InitCC
 .text.prsRxInput
                0x08006f8c       0x38 ./gecko_sdk_4.3.1/platform/emlib/src/em_usart.o
 .text.USART_BaudrateSyncSet
                0x08006fc4       0x68 ./gecko_sdk_4.3.1/platform/emlib/src/em_usart.o
                0x08006fc4                USART_BaudrateSyncSet
 .text.USART_InitSync
                0x0800702c      0x108 ./gecko_sdk_4.3.1/platform/emlib/src/em_usart.o
                0x0800702c                USART_InitSync
 .text.USART_Reset
                0x08007134       0xa0 ./gecko_sdk_4.3.1/platform/emlib/src/em_usart.o
                0x08007134                USART_Reset
 .text.BUS_RegBitWrite
                0x080071d4       0x48 ./gecko_sdk_4.3.1/platform/security/sl_component/se_manager/src/sl_se_manager.o
 .text.sli_se_lock_acquire
                0x0800721c       0x28 ./gecko_sdk_4.3.1/platform/security/sl_component/se_manager/src/sl_se_manager.o
                0x0800721c                sli_se_lock_acquire
 .text.sli_se_lock_release
                0x08007244       0x18 ./gecko_sdk_4.3.1/platform/security/sl_component/se_manager/src/sl_se_manager.o
                0x08007244                sli_se_lock_release
 .text.mbedtls_aes_crypt_ecb
                0x0800725c       0xf4 ./gecko_sdk_4.3.1/platform/security/sl_component/sl_mbedtls_support/src/se_aes.o
                0x0800725c                mbedtls_aes_crypt_ecb
 .text.sl_mbedtls_init
                0x08007350       0x24 ./gecko_sdk_4.3.1/platform/security/sl_component/sl_mbedtls_support/src/sl_mbedtls.o
                0x08007350                sl_mbedtls_init
 .text.sl_device_init_dcdc
                0x08007374       0x34 ./gecko_sdk_4.3.1/platform/service/device_init/src/sl_device_init_dcdc_s2.o
                0x08007374                sl_device_init_dcdc
 .text.sl_device_init_emu
                0x080073a8       0x34 ./gecko_sdk_4.3.1/platform/service/device_init/src/sl_device_init_emu_s2.o
                0x080073a8                sl_device_init_emu
 .text.sl_device_init_hfrco
                0x080073dc       0x14 ./gecko_sdk_4.3.1/platform/service/device_init/src/sl_device_init_hfrco.o
                0x080073dc                sl_device_init_hfrco
 .text.sl_device_init_hfxo
                0x080073f0       0xcc ./gecko_sdk_4.3.1/platform/service/device_init/src/sl_device_init_hfxo_s2.o
                0x080073f0                sl_device_init_hfxo
 .text.sl_device_init_lfxo
                0x080074bc       0x3c ./gecko_sdk_4.3.1/platform/service/device_init/src/sl_device_init_lfxo_s2.o
                0x080074bc                sl_device_init_lfxo
 .text.__NVIC_SetPriority
                0x080074f8       0x50 ./gecko_sdk_4.3.1/platform/service/device_init/src/sl_device_init_nvic.o
 .text.sl_udelay_wait
                0x08007548       0x80 ./gecko_sdk_4.3.1/platform/service/udelay/src/sl_udelay.o
                0x08007548                sl_udelay_wait
 .text          0x080075c8      0x378 c:/siliconlabs/simplicitystudio/v5/developer/toolchains/gnu_arm/10.3_2021.10/bin/../lib/gcc/arm-none-eabi/10.3.1/thumb/v8-m.main+fp/hard\libgcc.a(_arm_addsubdf3.o)
                0x080075c8                __aeabi_drsub
                0x080075d0                __aeabi_dsub
                0x080075d0                __subdf3
                0x080075d4                __aeabi_dadd
                0x080075d4                __adddf3
                0x0800784c                __floatunsidf
                0x0800784c                __aeabi_ui2d
                0x0800786c                __floatsidf
                0x0800786c                __aeabi_i2d
                0x08007890                __aeabi_f2d
                0x08007890                __extendsfdf2
                0x080078d4                __floatundidf
                0x080078d4                __aeabi_ul2d
                0x080078e4                __floatdidf
                0x080078e4                __aeabi_l2d
 .text          0x08007940      0x424 c:/siliconlabs/simplicitystudio/v5/developer/toolchains/gnu_arm/10.3_2021.10/bin/../lib/gcc/arm-none-eabi/10.3.1/thumb/v8-m.main+fp/hard\libgcc.a(_arm_muldivdf3.o)
                0x08007940                __aeabi_dmul
                0x08007940                __muldf3
                0x08007b94                __divdf3
                0x08007b94                __aeabi_ddiv
 .text          0x08007d64       0x40 c:/siliconlabs/simplicitystudio/v5/developer/toolchains/gnu_arm/10.3_2021.10/bin/../lib/gcc/arm-none-eabi/10.3.1/thumb/v8-m.main+fp/hard\libgcc.a(_arm_fixunsdfsi.o)
                0x08007d64                __aeabi_d2uiz
                0x08007d64                __fixunsdfsi
 .text          0x08007da4       0xa0 c:/siliconlabs/simplicitystudio/v5/developer/toolchains/gnu_arm/10.3_2021.10/bin/../lib/gcc/arm-none-eabi/10.3.1/thumb/v8-m.main+fp/hard\libgcc.a(_arm_truncdfsf2.o)
                0x08007da4                __truncdfsf2
                0x08007da4                __aeabi_d2f
 .text          0x08007e44       0x30 c:/siliconlabs/simplicitystudio/v5/developer/toolchains/gnu_arm/10.3_2021.10/bin/../lib/gcc/arm-none-eabi/10.3.1/thumb/v8-m.main+fp/hard\libgcc.a(_aeabi_uldivmod.o)
                0x08007e44                __aeabi_uldivmod
 .text          0x08007e74      0x2ec c:/siliconlabs/simplicitystudio/v5/developer/toolchains/gnu_arm/10.3_2021.10/bin/../lib/gcc/arm-none-eabi/10.3.1/thumb/v8-m.main+fp/hard\libgcc.a(_udivmoddi4.o)
                0x08007e74                __udivmoddi4
 .text          0x08008160        0x4 c:/siliconlabs/simplicitystudio/v5/developer/toolchains/gnu_arm/10.3_2021.10/bin/../lib/gcc/arm-none-eabi/10.3.1/thumb/v8-m.main+fp/hard\libgcc.a(_dvmd_tls.o)
                0x08008160                __aeabi_idiv0
                0x08008160                __aeabi_ldiv0
 .text.exit     0x08008164       0x28 c:/siliconlabs/simplicitystudio/v5/developer/toolchains/gnu_arm/10.3_2021.10/bin/../lib/gcc/arm-none-eabi/10.3.1/../../../../arm-none-eabi/lib/thumb/v8-m.main+fp/hard\libc_nano.a(lib_a-exit.o)
                0x08008164                exit
 .text.__libc_init_array
                0x0800818c       0x48 c:/siliconlabs/simplicitystudio/v5/developer/toolchains/gnu_arm/10.3_2021.10/bin/../lib/gcc/arm-none-eabi/10.3.1/../../../../arm-none-eabi/lib/thumb/v8-m.main+fp/hard\libc_nano.a(lib_a-init.o)
                0x0800818c                __libc_init_array
 .text._free_r  0x080081d4       0x98 c:/siliconlabs/simplicitystudio/v5/developer/toolchains/gnu_arm/10.3_2021.10/bin/../lib/gcc/arm-none-eabi/10.3.1/../../../../arm-none-eabi/lib/thumb/v8-m.main+fp/hard\libc_nano.a(lib_a-nano-freer.o)
                0x080081d4                _free_r
 .text.sbrk_aligned
                0x0800826c       0x40 c:/siliconlabs/simplicitystudio/v5/developer/toolchains/gnu_arm/10.3_2021.10/bin/../lib/gcc/arm-none-eabi/10.3.1/../../../../arm-none-eabi/lib/thumb/v8-m.main+fp/hard\libc_nano.a(lib_a-nano-mallocr.o)
 .text._malloc_r
                0x080082ac       0xe8 c:/siliconlabs/simplicitystudio/v5/developer/toolchains/gnu_arm/10.3_2021.10/bin/../lib/gcc/arm-none-eabi/10.3.1/../../../../arm-none-eabi/lib/thumb/v8-m.main+fp/hard\libc_nano.a(lib_a-nano-mallocr.o)
                0x080082ac                _malloc_r
 .text._sbrk_r  0x08008394       0x20 c:/siliconlabs/simplicitystudio/v5/developer/toolchains/gnu_arm/10.3_2021.10/bin/../lib/gcc/arm-none-eabi/10.3.1/../../../../arm-none-eabi/lib/thumb/v8-m.main+fp/hard\libc_nano.a(lib_a-sbrkr.o)
                0x08008394                _sbrk_r
 .text.snprintf
                0x080083b4       0x68 c:/siliconlabs/simplicitystudio/v5/developer/toolchains/gnu_arm/10.3_2021.10/bin/../lib/gcc/arm-none-eabi/10.3.1/../../../../arm-none-eabi/lib/thumb/v8-m.main+fp/hard\libc_nano.a(lib_a-snprintf.o)
                0x080083b4                sniprintf
                0x080083b4                snprintf
 .text.__malloc_lock
                0x0800841c        0xc c:/siliconlabs/simplicitystudio/v5/developer/toolchains/gnu_arm/10.3_2021.10/bin/../lib/gcc/arm-none-eabi/10.3.1/../../../../arm-none-eabi/lib/thumb/v8-m.main+fp/hard\libc_nano.a(lib_a-mlock.o)
                0x0800841c                __malloc_lock
 .text.__malloc_unlock
                0x08008428        0xc c:/siliconlabs/simplicitystudio/v5/developer/toolchains/gnu_arm/10.3_2021.10/bin/../lib/gcc/arm-none-eabi/10.3.1/../../../../arm-none-eabi/lib/thumb/v8-m.main+fp/hard\libc_nano.a(lib_a-mlock.o)
                0x08008428                __malloc_unlock
 .text._svfprintf_r
                0x08008434      0x200 c:/siliconlabs/simplicitystudio/v5/developer/toolchains/gnu_arm/10.3_2021.10/bin/../lib/gcc/arm-none-eabi/10.3.1/../../../../arm-none-eabi/lib/thumb/v8-m.main+fp/hard\libc_nano.a(lib_a-nano-svfprintf.o)
                0x08008434                _svfiprintf_r
                0x08008434                _svfprintf_r
 .text._printf_i
                0x08008634      0x24c c:/siliconlabs/simplicitystudio/v5/developer/toolchains/gnu_arm/10.3_2021.10/bin/../lib/gcc/arm-none-eabi/10.3.1/../../../../arm-none-eabi/lib/thumb/v8-m.main+fp/hard\libc_nano.a(lib_a-nano-vfprintf_i.o)
                0x08008634                _printf_i
 .text._exit    0x08008880        0x4 c:/siliconlabs/simplicitystudio/v5/developer/toolchains/gnu_arm/10.3_2021.10/bin/../lib/gcc/arm-none-eabi/10.3.1/../../../../arm-none-eabi/lib/thumb/v8-m.main+fp/hard\libnosys.a(_exit.o)
                0x08008880                _exit
 .text.BUS_RegBitRead
                0x08008884       0x1a ./DHT22.o
 .text.DHT_Start
                0x0800889e       0x3c ./DHT22.o
                0x0800889e                DHT_Start
 .text.DHT_Check_Response
                0x080088da       0x5c ./DHT22.o
                0x080088da                DHT_Check_Response
 .text.DHT_Read
                0x08008936       0x9c ./DHT22.o
                0x08008936                DHT_Read
 .text.LETIMER_IntClear
                0x080089d2       0x18 ./Letimer.o
 .text.LETIMER_IntEnable
                0x080089ea       0x18 ./Letimer.o
 .text.LETIMER_IntGet
                0x08008a02        0xe ./Letimer.o
 .text.EUSART_IntDisable
                0x08008a10       0x18 ./Letimer.o
 .text.EUSART_IntEnable
                0x08008a28       0x18 ./Letimer.o
 .text.letimer0Init
                0x08008a40       0x72 ./Letimer.o
                0x08008a40                letimer0Init
 .text.letimer0Enable
                0x08008ab2       0x2a ./Letimer.o
                0x08008ab2                letimer0Enable
 .text.letimer0Disable
                0x08008adc       0x2a ./Letimer.o
                0x08008adc                letimer0Disable
 .text.batteryLevel
                0x08008b06       0x32 ./Letimer.o
                0x08008b06                batteryLevel
 .text.app_init
                0x08008b38       0x16 ./app.o
                0x08008b38                app_init
 .text.app_process_action
                0x08008b4e        0x4 ./app.o
                0x08008b4e                app_process_action
 .text.EUSART_IntEnable
                0x08008b52       0x18 ./connect.o
 .text.gpioSetup
                0x08008b6a       0x90 ./connect.o
                0x08008b6a                gpioSetup
 .text.IADC_command
                0x08008bfa       0x12 ./iadc.o
 .text.main     0x08008c0c       0x16 ./main.o
                0x08008c0c                main
 .text.EUSART_IntClear
                0x08008c22       0x18 ./uart.o
 .text.EUSART_IntDisable
                0x08008c3a       0x18 ./uart.o
 .text.calculateLrc
                0x08008c52       0x3c ./uart.o
                0x08008c52                calculateLrc
 .text.sl_board_default_init
                0x08008c8e        0xa ./autogen/sl_board_default_init.o
                0x08008c8e                sl_board_default_init
 .text.CHIP_Init
                0x08008c98        0x4 ./autogen/sl_event_handler.o
 .text.sl_platform_init
                0x08008c9c       0x2e ./autogen/sl_event_handler.o
                0x08008c9c                sl_platform_init
 .text.sl_driver_init
                0x08008cca        0xe ./autogen/sl_event_handler.o
                0x08008cca                sl_driver_init
 .text.sl_service_init
                0x08008cd8        0xe ./autogen/sl_event_handler.o
                0x08008cd8                sl_service_init
 .text.sl_stack_init
                0x08008ce6        0x4 ./autogen/sl_event_handler.o
                0x08008ce6                sl_stack_init
 .text.sl_internal_app_init
                0x08008cea        0x4 ./autogen/sl_event_handler.o
                0x08008cea                sl_internal_app_init
 .text.sl_board_configure_vcom
                0x08008cee        0x6 ./gecko_sdk_4.3.1/hardware/board/src/sl_board_control_gpio.o
                0x08008cee                sl_board_configure_vcom
 .text.sl_board_disable_vcom
                0x08008cf4       0x14 ./gecko_sdk_4.3.1/hardware/board/src/sl_board_control_gpio.o
                0x08008cf4                sl_board_disable_vcom
 .text.sl_board_init
                0x08008d08       0x16 ./gecko_sdk_4.3.1/hardware/board/src/sl_board_init.o
                0x08008d08                sl_board_init
 .text.sl_board_preinit
                0x08008d1e        0xe ./gecko_sdk_4.3.1/hardware/board/src/sl_board_init.o
                0x08008d1e                sl_board_preinit
 .text.sl_cos_send_config
                0x08008d2c       0x12 ./gecko_sdk_4.3.1/hardware/driver/configuration_over_swo/src/sl_cos.o
                0x08008d2c                sl_cos_send_config
 .text.cs_low   0x08008d3e        0xe ./gecko_sdk_4.3.1/hardware/driver/mx25_flash_shutdown/src/sl_mx25_flash_shutdown_usart/sl_mx25_flash_shutdown.o
 .text.cs_high  0x08008d4c        0xe ./gecko_sdk_4.3.1/hardware/driver/mx25_flash_shutdown/src/sl_mx25_flash_shutdown_usart/sl_mx25_flash_shutdown.o
 .text.Default_Handler
                0x08008d5a        0x2 ./gecko_sdk_4.3.1/platform/Device/SiliconLabs/EFR32MG24/Source/startup_efr32mg24.o
                0x08008d5a                ULFRCO_IRQHandler
                0x08008d5a                AHB2AHB1_IRQHandler
                0x08008d5a                SW2_IRQHandler
                0x08008d5a                TIMER2_IRQHandler
                0x08008d5a                DebugMon_Handler
                0x08008d5a                USART0_TX_IRQHandler
                0x08008d5a                IADC_IRQHandler
                0x08008d5a                EUSART0_TX_IRQHandler
                0x08008d5a                I2C0_IRQHandler
                0x08008d5a                LFXO_IRQHandler
                0x08008d5a                HardFault_Handler
                0x08008d5a                SMU_SECURE_IRQHandler
                0x08008d5a                SysTick_Handler
                0x08008d5a                SYSRTC_SEQ_IRQHandler
                0x08008d5a                EMUEFP_IRQHandler
                0x08008d5a                PendSV_Handler
                0x08008d5a                NMI_Handler
                0x08008d5a                SYNTH_IRQHandler
                0x08008d5a                HOSTMAILBOX_IRQHandler
                0x08008d5a                HFXO0_IRQHandler
                0x08008d5a                I2C1_IRQHandler
                0x08008d5a                WDOG0_IRQHandler
                0x08008d5a                TIMER3_IRQHandler
                0x08008d5a                SYSCFG_IRQHandler
                0x08008d5a                RFECA1_IRQHandler
                0x08008d5a                EMUDG_IRQHandler
                0x08008d5a                MSC_IRQHandler
                0x08008d5a                DPLL0_IRQHandler
                0x08008d5a                UsageFault_Handler
                0x08008d5a                WDOG1_IRQHandler
                0x08008d5a                M33CTI1_IRQHandler
                0x08008d5a                TIMER4_IRQHandler
                0x08008d5a                GPIO_EVEN_IRQHandler
                0x08008d5a                VDAC0_IRQHandler
                0x08008d5a                LDMA_IRQHandler
                0x08008d5a                SEMBTX_IRQHandler
                0x08008d5a                SW0_IRQHandler
                0x08008d5a                MVP_IRQHandler
                0x08008d5a                EUSART1_RX_IRQHandler
                0x08008d5a                TIMER1_IRQHandler
                0x08008d5a                HFRCO0_IRQHandler
                0x08008d5a                SecureFault_Handler
                0x08008d5a                BUFC_IRQHandler
                0x08008d5a                DCDC_IRQHandler
                0x08008d5a                MODEM_IRQHandler
                0x08008d5a                Default_Handler
                0x08008d5a                RAC_SEQ_IRQHandler
                0x08008d5a                FRC_PRI_IRQHandler
                0x08008d5a                SW3_IRQHandler
                0x08008d5a                EMU_IRQHandler
                0x08008d5a                KERNEL0_IRQHandler
                0x08008d5a                FRC_IRQHandler
                0x08008d5a                PCNT0_IRQHandler
                0x08008d5a                KERNEL1_IRQHandler
                0x08008d5a                AGC_IRQHandler
                0x08008d5a                EUSART1_TX_IRQHandler
                0x08008d5a                KEYSCAN_IRQHandler
                0x08008d5a                HFRCOEM23_IRQHandler
                0x08008d5a                sl_app_properties
                0x08008d5a                BURTC_IRQHandler
                0x08008d5a                SEMBRX_IRQHandler
                0x08008d5a                RFECA0_IRQHandler
                0x08008d5a                LFRCO_IRQHandler
                0x08008d5a                VDAC1_IRQHandler
                0x08008d5a                ACMP0_IRQHandler
                0x08008d5a                USART0_RX_IRQHandler
                0x08008d5a                MemManage_Handler
                0x08008d5a                AHB2AHB0_IRQHandler
                0x08008d5a                SVC_Handler
                0x08008d5a                SMU_S_PRIVILEGED_IRQHandler
                0x08008d5a                SW1_IRQHandler
                0x08008d5a                CMU_IRQHandler
                0x08008d5a                RAC_RSM_IRQHandler
                0x08008d5a                SETAMPERHOST_IRQHandler
                0x08008d5a                AES_IRQHandler
                0x08008d5a                M33CTI0_IRQHandler
                0x08008d5a                ICACHE0_IRQHandler
                0x08008d5a                SMU_NS_PRIVILEGED_IRQHandler
                0x08008d5a                FPUEXH_IRQHandler
                0x08008d5a                PROTIMER_IRQHandler
                0x08008d5a                ACMP1_IRQHandler
                0x08008d5a                BusFault_Handler
                0x08008d5a                MPAHBRAM_IRQHandler
                0x08008d5a                SYSRTC_APP_IRQHandler
 .text.SystemCLKIN0Get
                0x08008d5c        0x6 ./gecko_sdk_4.3.1/platform/Device/SiliconLabs/EFR32MG24/Source/system_efr32mg24.o
                0x08008d5c                SystemCLKIN0Get
 .text.SystemLFRCOClockGet
                0x08008d62        0x8 ./gecko_sdk_4.3.1/platform/Device/SiliconLabs/EFR32MG24/Source/system_efr32mg24.o
                0x08008d62                SystemLFRCOClockGet
 .text.SystemULFRCOClockGet
                0x08008d6a        0x8 ./gecko_sdk_4.3.1/platform/Device/SiliconLabs/EFR32MG24/Source/system_efr32mg24.o
                0x08008d6a                SystemULFRCOClockGet
 .text.assertEFM
                0x08008d72        0x8 ./gecko_sdk_4.3.1/platform/common/src/sl_assert.o
                0x08008d72                assertEFM
 .text.sl_debug_swo_enable_itm
                0x08008d7a       0x26 ./gecko_sdk_4.3.1/platform/driver/debug/src/sl_debug_swo.o
                0x08008d7a                sl_debug_swo_enable_itm
 .text.sl_debug_swo_disable_itm
                0x08008da0       0x28 ./gecko_sdk_4.3.1/platform/driver/debug/src/sl_debug_swo.o
                0x08008da0                sl_debug_swo_disable_itm
 .text.TIMER_CounterGet
                0x08008dc8        0xe ./gecko_sdk_4.3.1/platform/emdrv/ustimer/src/ustimer.o
 .text.TIMER_IntClear
                0x08008dd6       0x18 ./gecko_sdk_4.3.1/platform/emdrv/ustimer/src/ustimer.o
 .text.TIMER_IntDisable
                0x08008dee       0x1a ./gecko_sdk_4.3.1/platform/emdrv/ustimer/src/ustimer.o
 .text.TIMER_IntGet
                0x08008e08        0xe ./gecko_sdk_4.3.1/platform/emdrv/ustimer/src/ustimer.o
 .text.SystemCoreClockGet
                0x08008e16        0xc ./gecko_sdk_4.3.1/platform/emlib/src/em_cmu.o
 .text.BUS_RegBitRead
                0x08008e22       0x1a ./gecko_sdk_4.3.1/platform/emlib/src/em_cmu.o
 .text.BUS_RegMaskedWrite
                0x08008e3c       0x34 ./gecko_sdk_4.3.1/platform/emlib/src/em_cmu.o
 .text.sli_em_cmu_SYSCLKInitPreClockSelect
                0x08008e70       0x1a ./gecko_sdk_4.3.1/platform/emlib/src/em_cmu.o
                0x08008e70                sli_em_cmu_SYSCLKInitPreClockSelect
 .text.sli_em_cmu_SYSCLKInitPostClockSelect
                0x08008e8a       0x2e ./gecko_sdk_4.3.1/platform/emlib/src/em_cmu.o
                0x08008e8a                sli_em_cmu_SYSCLKInitPostClockSelect
 .text.CMU_UpdateWaitStates
                0x08008eb8       0x28 ./gecko_sdk_4.3.1/platform/emlib/src/em_cmu.o
                0x08008eb8                CMU_UpdateWaitStates
 .text.pclkDivMax
                0x08008ee0       0x10 ./gecko_sdk_4.3.1/platform/emlib/src/em_cmu.o
 .text.waitStateMax
                0x08008ef0       0x14 ./gecko_sdk_4.3.1/platform/emlib/src/em_cmu.o
 .text.CORE_EnterCritical
                0x08008f04       0x18 ./gecko_sdk_4.3.1/platform/emlib/src/em_core.o
                0x08008f04                CORE_EnterCritical
 .text.CORE_ExitCritical
                0x08008f1c       0x14 ./gecko_sdk_4.3.1/platform/emlib/src/em_core.o
                0x08008f1c                CORE_ExitCritical
 .text.SystemCoreClockUpdate
                0x08008f30        0xa ./gecko_sdk_4.3.1/platform/emlib/src/em_emu.o
 .text.BUS_RegBitRead
                0x08008f3a       0x1a ./gecko_sdk_4.3.1/platform/emlib/src/em_emu.o
 .text.vScaleEM01Cmd
                0x08008f54       0x1c ./gecko_sdk_4.3.1/platform/emlib/src/em_emu.o
 .text.EMU_EM23PresleepHook
                0x08008f70        0x4 ./gecko_sdk_4.3.1/platform/emlib/src/em_emu.o
                0x08008f70                EMU_EM23PresleepHook
 .text.EMU_EFPEM23PresleepHook
                0x08008f74        0x4 ./gecko_sdk_4.3.1/platform/emlib/src/em_emu.o
                0x08008f74                EMU_EFPEM23PresleepHook
 .text.EMU_EM23PostsleepHook
                0x08008f78        0x4 ./gecko_sdk_4.3.1/platform/emlib/src/em_emu.o
                0x08008f78                EMU_EM23PostsleepHook
 .text.EMU_EFPEM23PostsleepHook
                0x08008f7c        0x4 ./gecko_sdk_4.3.1/platform/emlib/src/em_emu.o
                0x08008f7c                EMU_EFPEM23PostsleepHook
 .text.EMU_EFPEM01VScale
                0x08008f80        0xe ./gecko_sdk_4.3.1/platform/emlib/src/em_emu.o
                0x08008f80                EMU_EFPEM01VScale
 .text.EMU_DCDCUpdatedHook
                0x08008f8e        0x4 ./gecko_sdk_4.3.1/platform/emlib/src/em_emu.o
                0x08008f8e                EMU_DCDCUpdatedHook
 .text.EUSART_StatusGet
                0x08008f92        0xe ./gecko_sdk_4.3.1/platform/emlib/src/em_eusart.o
 .text.eusart_sync
                0x08008fa0       0x1c ./gecko_sdk_4.3.1/platform/emlib/src/em_eusart.o
 .text.EUSART_Tx
                0x08008fbc       0x26 ./gecko_sdk_4.3.1/platform/emlib/src/em_eusart.o
                0x08008fbc                EUSART_Tx
 .text.EUSART_Disable
                0x08008fe2       0x68 ./gecko_sdk_4.3.1/platform/emlib/src/em_eusart.o
 .text.BUS_RegMaskedWrite
                0x0800904a       0x34 ./gecko_sdk_4.3.1/platform/emlib/src/em_gpio.o
 .text.GPIO_DbgLocationSet
                0x0800907e        0xa ./gecko_sdk_4.3.1/platform/emlib/src/em_gpio.o
                0x0800907e                GPIO_DbgLocationSet
 .text.IADC_command
                0x08009088       0x12 ./gecko_sdk_4.3.1/platform/emlib/src/em_iadc.o
 .text.IADC_enable
                0x0800909a       0x16 ./gecko_sdk_4.3.1/platform/emlib/src/em_iadc.o
 .text.IADC_ConvertRawDataToResult
                0x080090b0       0x72 ./gecko_sdk_4.3.1/platform/emlib/src/em_iadc.o
 .text.IADC_readSingleResult
                0x08009122       0x2a ./gecko_sdk_4.3.1/platform/emlib/src/em_iadc.o
                0x08009122                IADC_readSingleResult
 .text.regSync  0x0800914c       0x1c ./gecko_sdk_4.3.1/platform/emlib/src/em_letimer.o
 .text.LETIMER_Reset
                0x08009168       0x3c ./gecko_sdk_4.3.1/platform/emlib/src/em_letimer.o
                0x08009168                LETIMER_Reset
 .text.LETIMER_SyncWait
                0x080091a4       0x1c ./gecko_sdk_4.3.1/platform/emlib/src/em_letimer.o
                0x080091a4                LETIMER_SyncWait
 .text.LETIMER_TopSet
                0x080091c0       0x38 ./gecko_sdk_4.3.1/platform/emlib/src/em_letimer.o
                0x080091c0                LETIMER_TopSet
 .text.writeToFifo
                0x080091f8       0x12 ./gecko_sdk_4.3.1/platform/emlib/src/em_se.o
 .text.SE_addDataInput
                0x0800920a       0x38 ./gecko_sdk_4.3.1/platform/emlib/src/em_se.o
                0x0800920a                SE_addDataInput
 .text.SE_addDataOutput
                0x08009242       0x38 ./gecko_sdk_4.3.1/platform/emlib/src/em_se.o
                0x08009242                SE_addDataOutput
 .text.TIMER_SyncWait
                0x0800927a       0x24 ./gecko_sdk_4.3.1/platform/emlib/src/em_timer.o
                0x0800927a                TIMER_SyncWait
 .text.USART_SpiTransfer
                0x0800929e       0x3a ./gecko_sdk_4.3.1/platform/emlib/src/em_usart.o
                0x0800929e                USART_SpiTransfer
 .text.sl_se_init
                0x080092d8        0xe ./gecko_sdk_4.3.1/platform/security/sl_component/se_manager/src/sl_se_manager.o
                0x080092d8                sl_se_init
 .text.SE_isCommandCompleted
                0x080092e6       0x18 ./gecko_sdk_4.3.1/platform/security/sl_component/sl_mbedtls_support/src/se_aes.o
 .text.SE_readCommandResponse
                0x080092fe       0x14 ./gecko_sdk_4.3.1/platform/security/sl_component/sl_mbedtls_support/src/se_aes.o
 .text.SE_waitCommandCompletion
                0x08009312       0x1a ./gecko_sdk_4.3.1/platform/security/sl_component/sl_mbedtls_support/src/se_aes.o
 .text.se_management_acquire
                0x0800932c       0x18 ./gecko_sdk_4.3.1/platform/security/sl_component/sl_mbedtls_support/src/se_aes.o
 .text.se_management_release
                0x08009344       0x18 ./gecko_sdk_4.3.1/platform/security/sl_component/sl_mbedtls_support/src/se_aes.o
 .text.mbedtls_aes_init
                0x0800935c       0x18 ./gecko_sdk_4.3.1/platform/security/sl_component/sl_mbedtls_support/src/se_aes.o
                0x0800935c                mbedtls_aes_init
 .text.mbedtls_aes_free
                0x08009374       0x20 ./gecko_sdk_4.3.1/platform/security/sl_component/sl_mbedtls_support/src/se_aes.o
                0x08009374                mbedtls_aes_free
 .text.mbedtls_aes_setkey_enc
                0x08009394       0x4e ./gecko_sdk_4.3.1/platform/security/sl_component/sl_mbedtls_support/src/se_aes.o
                0x08009394                mbedtls_aes_setkey_enc
 .text.sl_device_init_nvic
                0x080093e2       0x38 ./gecko_sdk_4.3.1/platform/service/device_init/src/sl_device_init_nvic.o
                0x080093e2                sl_device_init_nvic
 .text.sl_system_init
                0x0800941a       0x1a ./gecko_sdk_4.3.1/platform/service/system/src/sl_system_init.o
                0x0800941a                sl_system_init
 .text.SystemCoreClockGet
                0x08009434        0xc ./gecko_sdk_4.3.1/platform/service/udelay/src/sl_udelay.o
 .text.memcpy   0x08009440       0x1a c:/siliconlabs/simplicitystudio/v5/developer/toolchains/gnu_arm/10.3_2021.10/bin/../lib/gcc/arm-none-eabi/10.3.1/../../../../arm-none-eabi/lib/thumb/v8-m.main+fp/hard\libc_nano.a(lib_a-memcpy-stub.o)
                0x08009440                memcpy
 .text.memmove  0x0800945a       0x34 c:/siliconlabs/simplicitystudio/v5/developer/toolchains/gnu_arm/10.3_2021.10/bin/../lib/gcc/arm-none-eabi/10.3.1/../../../../arm-none-eabi/lib/thumb/v8-m.main+fp/hard\libc_nano.a(lib_a-memmove.o)
                0x0800945a                memmove
 .text.memset   0x0800948e       0x10 c:/siliconlabs/simplicitystudio/v5/developer/toolchains/gnu_arm/10.3_2021.10/bin/../lib/gcc/arm-none-eabi/10.3.1/../../../../arm-none-eabi/lib/thumb/v8-m.main+fp/hard\libc_nano.a(lib_a-memset.o)
                0x0800948e                memset
 .text._realloc_r
                0x0800949e       0x5e c:/siliconlabs/simplicitystudio/v5/developer/toolchains/gnu_arm/10.3_2021.10/bin/../lib/gcc/arm-none-eabi/10.3.1/../../../../arm-none-eabi/lib/thumb/v8-m.main+fp/hard\libc_nano.a(lib_a-nano-reallocr.o)
                0x0800949e                _realloc_r
 .text.__ssputs_r
                0x080094fc       0xb6 c:/siliconlabs/simplicitystudio/v5/developer/toolchains/gnu_arm/10.3_2021.10/bin/../lib/gcc/arm-none-eabi/10.3.1/../../../../arm-none-eabi/lib/thumb/v8-m.main+fp/hard\libc_nano.a(lib_a-nano-svfprintf.o)
                0x080094fc                __ssputs_r
 .text._printf_common
                0x080095b2       0xe0 c:/siliconlabs/simplicitystudio/v5/developer/toolchains/gnu_arm/10.3_2021.10/bin/../lib/gcc/arm-none-eabi/10.3.1/../../../../arm-none-eabi/lib/thumb/v8-m.main+fp/hard\libc_nano.a(lib_a-nano-vfprintf_i.o)
                0x080095b2                _printf_common
 .text.__retarget_lock_acquire_recursive
                0x08009692        0x2 c:/siliconlabs/simplicitystudio/v5/developer/toolchains/gnu_arm/10.3_2021.10/bin/../lib/gcc/arm-none-eabi/10.3.1/../../../../arm-none-eabi/lib/thumb/v8-m.main+fp/hard\libc_nano.a(lib_a-lock.o)
                0x08009692                __retarget_lock_acquire_recursive
 .text.__retarget_lock_release_recursive
                0x08009694        0x2 c:/siliconlabs/simplicitystudio/v5/developer/toolchains/gnu_arm/10.3_2021.10/bin/../lib/gcc/arm-none-eabi/10.3.1/../../../../arm-none-eabi/lib/thumb/v8-m.main+fp/hard\libc_nano.a(lib_a-lock.o)
                0x08009694                __retarget_lock_release_recursive
 .text.memchr   0x08009696       0x1c c:/siliconlabs/simplicitystudio/v5/developer/toolchains/gnu_arm/10.3_2021.10/bin/../lib/gcc/arm-none-eabi/10.3.1/../../../../arm-none-eabi/lib/thumb/v8-m.main+fp/hard\libc_nano.a(lib_a-memchr-stub.o)
                0x08009696                memchr
 .text._malloc_usable_size_r
                0x080096b2       0x10 c:/siliconlabs/simplicitystudio/v5/developer/toolchains/gnu_arm/10.3_2021.10/bin/../lib/gcc/arm-none-eabi/10.3.1/../../../../arm-none-eabi/lib/thumb/v8-m.main+fp/hard\libc_nano.a(lib_a-nano-msizer.o)
                0x080096b2                _malloc_usable_size_r
                0x080096c2                linker_code_end = .
 *(.init)
 *fill*         0x080096c2        0x2 
 .init          0x080096c4        0x4 c:/siliconlabs/simplicitystudio/v5/developer/toolchains/gnu_arm/10.3_2021.10/bin/../lib/gcc/arm-none-eabi/10.3.1/thumb/v8-m.main+fp/hard/crti.o
                0x080096c4                _init
 .init          0x080096c8        0x8 c:/siliconlabs/simplicitystudio/v5/developer/toolchains/gnu_arm/10.3_2021.10/bin/../lib/gcc/arm-none-eabi/10.3.1/thumb/v8-m.main+fp/hard/crtn.o
 *(.fini)
 .fini          0x080096d0        0x4 c:/siliconlabs/simplicitystudio/v5/developer/toolchains/gnu_arm/10.3_2021.10/bin/../lib/gcc/arm-none-eabi/10.3.1/thumb/v8-m.main+fp/hard/crti.o
                0x080096d0                _fini
 .fini          0x080096d4        0x8 c:/siliconlabs/simplicitystudio/v5/developer/toolchains/gnu_arm/10.3_2021.10/bin/../lib/gcc/arm-none-eabi/10.3.1/thumb/v8-m.main+fp/hard/crtn.o
 *crtbegin.o(.ctors)
 *crtbegin?.o(.ctors)
 *(EXCLUDE_FILE(*crtend.o *crtend?.o) .ctors)
 *(SORT_BY_NAME(.ctors.*))
 *(.ctors)
 *crtbegin.o(.dtors)
 *crtbegin?.o(.dtors)
 *(EXCLUDE_FILE(*crtend.o *crtend?.o) .dtors)
 *(SORT_BY_NAME(.dtors.*))
 *(.dtors)
 *(.rodata*)
 .rodata        0x080096dc       0x4c ./DHT22.o
 .rodata        0x08009728       0x53 ./Letimer.o
 *fill*         0x0800977b        0x1 
 .rodata        0x0800977c       0x53 ./connect.o
 *fill*         0x080097cf        0x1 
 .rodata        0x080097d0       0x28 ./iadc.o
 .rodata        0x080097f8       0x85 ./uart.o
 *fill*         0x0800987d        0x3 
 .rodata        0x08009880       0x68 ./gecko_sdk_4.3.1/hardware/driver/mx25_flash_shutdown/src/sl_mx25_flash_shutdown_usart/sl_mx25_flash_shutdown.o
 .rodata        0x080098e8       0x4b ./gecko_sdk_4.3.1/platform/driver/debug/src/sl_debug_swo.o
 *fill*         0x08009933        0x1 
 .rodata        0x08009934       0x4d ./gecko_sdk_4.3.1/platform/emdrv/ustimer/src/ustimer.o
 *fill*         0x08009981        0x3 
 .rodata        0x08009984       0x97 ./gecko_sdk_4.3.1/platform/emlib/src/em_cmu.o
 *fill*         0x08009a1b        0x1 
 .rodata        0x08009a1c       0x4b ./gecko_sdk_4.3.1/platform/emlib/src/em_emu.o
 *fill*         0x08009a67        0x1 
 .rodata        0x08009a68       0x4e ./gecko_sdk_4.3.1/platform/emlib/src/em_eusart.o
 *fill*         0x08009ab6        0x2 
 .rodata        0x08009ab8       0xe4 ./gecko_sdk_4.3.1/platform/emlib/src/em_gpio.o
 .rodata        0x08009b9c       0x64 ./gecko_sdk_4.3.1/platform/emlib/src/em_iadc.o
 .rodata        0x08009c00       0x4f ./gecko_sdk_4.3.1/platform/emlib/src/em_letimer.o
 *fill*         0x08009c4f        0x1 
 .rodata        0x08009c50       0x58 ./gecko_sdk_4.3.1/platform/emlib/src/em_se.o
 .rodata        0x08009ca8       0x9d ./gecko_sdk_4.3.1/platform/emlib/src/em_timer.o
 *fill*         0x08009d45        0x3 
 .rodata        0x08009d48       0x4d ./gecko_sdk_4.3.1/platform/emlib/src/em_usart.o
 *fill*         0x08009d95        0x3 
 .rodata        0x08009d98       0xb9 ./gecko_sdk_4.3.1/platform/security/sl_component/se_manager/src/sl_se_manager.o
 *fill*         0x08009e51        0x3 
 .rodata        0x08009e54       0x72 ./gecko_sdk_4.3.1/platform/security/sl_component/sl_mbedtls_support/src/sl_mbedtls.o
 *fill*         0x08009ec6        0x2 
 .rodata        0x08009ec8        0x7 ./gecko_sdk_4.3.1/platform/service/device_init/src/sl_device_init_dcdc_s2.o
 *fill*         0x08009ecf        0x1 
 .rodata        0x08009ed0       0x28 ./gecko_sdk_4.3.1/platform/service/device_init/src/sl_device_init_hfxo_s2.o
 .rodata        0x08009ef8       0x14 ./gecko_sdk_4.3.1/platform/service/device_init/src/sl_device_init_lfxo_s2.o
 .rodata        0x08009f0c       0x57 ./gecko_sdk_4.3.1/platform/service/udelay/src/sl_udelay.o
 *fill*         0x08009f63        0x1 
 .rodata._global_impure_ptr
                0x08009f64        0x4 c:/siliconlabs/simplicitystudio/v5/developer/toolchains/gnu_arm/10.3_2021.10/bin/../lib/gcc/arm-none-eabi/10.3.1/../../../../arm-none-eabi/lib/thumb/v8-m.main+fp/hard\libc_nano.a(lib_a-impure.o)
                0x08009f64                _global_impure_ptr
 .rodata._svfprintf_r.str1.1
                0x08009f68       0x11 c:/siliconlabs/simplicitystudio/v5/developer/toolchains/gnu_arm/10.3_2021.10/bin/../lib/gcc/arm-none-eabi/10.3.1/../../../../arm-none-eabi/lib/thumb/v8-m.main+fp/hard\libc_nano.a(lib_a-nano-svfprintf.o)
 .rodata._printf_i.str1.1
                0x08009f79       0x22 c:/siliconlabs/simplicitystudio/v5/developer/toolchains/gnu_arm/10.3_2021.10/bin/../lib/gcc/arm-none-eabi/10.3.1/../../../../arm-none-eabi/lib/thumb/v8-m.main+fp/hard\libc_nano.a(lib_a-nano-vfprintf_i.o)
 *(.eh_frame*)
 *fill*         0x08009f9b        0x1 
 .eh_frame      0x08009f9c        0x0 c:/siliconlabs/simplicitystudio/v5/developer/toolchains/gnu_arm/10.3_2021.10/bin/../lib/gcc/arm-none-eabi/10.3.1/thumb/v8-m.main+fp/hard/crtbegin.o

.glue_7         0x08009f9c        0x0
 .glue_7        0x08009f9c        0x0 linker stubs

.glue_7t        0x08009f9c        0x0
 .glue_7t       0x08009f9c        0x0 linker stubs

.vfp11_veneer   0x08009f9c        0x0
 .vfp11_veneer  0x08009f9c        0x0 linker stubs

.v4_bx          0x08009f9c        0x0
 .v4_bx         0x08009f9c        0x0 linker stubs

.iplt           0x08009f9c        0x0
 .iplt          0x08009f9c        0x0 c:/siliconlabs/simplicitystudio/v5/developer/toolchains/gnu_arm/10.3_2021.10/bin/../lib/gcc/arm-none-eabi/10.3.1/thumb/v8-m.main+fp/hard/crtbegin.o

.ARM.extab
 *(.ARM.extab* .gnu.linkonce.armextab.*)
                0x08009f9c                __exidx_start = .

.ARM.exidx      0x08009f9c        0x8
 *(.ARM.exidx* .gnu.linkonce.armexidx.*)
 .ARM.exidx     0x08009f9c        0x8 c:/siliconlabs/simplicitystudio/v5/developer/toolchains/gnu_arm/10.3_2021.10/bin/../lib/gcc/arm-none-eabi/10.3.1/../../../../arm-none-eabi/lib/thumb/v8-m.main+fp/hard/crt0.o
                                 0x10 (size before relaxing)
 .ARM.exidx     0x08009fa4        0x0 c:/siliconlabs/simplicitystudio/v5/developer/toolchains/gnu_arm/10.3_2021.10/bin/../lib/gcc/arm-none-eabi/10.3.1/thumb/v8-m.main+fp/hard\libgcc.a(_udivmoddi4.o)
                                  0x8 (size before relaxing)
                0x08009fa4                __exidx_end = .

.rel.dyn        0x08009fa4        0x0
 .rel.iplt      0x08009fa4        0x0 c:/siliconlabs/simplicitystudio/v5/developer/toolchains/gnu_arm/10.3_2021.10/bin/../lib/gcc/arm-none-eabi/10.3.1/thumb/v8-m.main+fp/hard/crtbegin.o

.copy.table     0x08009fa4        0xc
                0x08009fa4                . = ALIGN (0x4)
                0x08009fa4                __copy_table_start__ = .
                0x08009fa4        0x4 LONG 0x8009fb0 __etext
                0x08009fa8        0x4 LONG 0x20001000 __data_start__
                0x08009fac        0x4 LONG 0x2b ((__data_end__ - __data_start__) / 0x4)
                0x08009fb0                __copy_table_end__ = .

.zero.table     0x08009fb0        0x0
                0x08009fb0                . = ALIGN (0x4)
                0x08009fb0                __zero_table_start__ = .
                0x08009fb0                __zero_table_end__ = .
                0x08009fb0                __etext = .
                0x20000000                . = ORIGIN (RAM)

.stack          0x20000000     0x1000
                0x20000000                __StackLimit = .
 *(.stack*)
 .stack         0x20000000     0x1000 ./gecko_sdk_4.3.1/platform/common/toolchain/src/sl_memory.o
                0x20001000                . = ALIGN (0x4)
                0x20001000                __StackTop = .
                0x20001000                PROVIDE (__stack = __StackTop)

.noinit
 *(.noinit*)

.data           0x20001000       0xac load address 0x08009fb0
                0x20001000                . = ALIGN (0x4)
                0x20001000                __data_start__ = .
 *(vtable)
 *(SORT_BY_ALIGNMENT(.data*))
 .data.AES_KEY  0x20001000       0x10 ./crypt.o
 .data.SystemHFXOClock
                0x20001010        0x4 ./gecko_sdk_4.3.1/platform/Device/SiliconLabs/EFR32MG24/Source/system_efr32mg24.o
 .data.SystemLFXOClock
                0x20001014        0x4 ./gecko_sdk_4.3.1/platform/Device/SiliconLabs/EFR32MG24/Source/system_efr32mg24.o
 .data.SystemHFRCODPLLClock
                0x20001018        0x4 ./gecko_sdk_4.3.1/platform/Device/SiliconLabs/EFR32MG24/Source/system_efr32mg24.o
 .data.SystemCoreClock
                0x2000101c        0x4 ./gecko_sdk_4.3.1/platform/Device/SiliconLabs/EFR32MG24/Source/system_efr32mg24.o
                0x2000101c                SystemCoreClock
 .data.heap_end.0
                0x20001020        0x4 ./gecko_sdk_4.3.1/platform/common/toolchain/src/sl_memory.o
 .data.reservedSettings.0
                0x20001024       0x14 ./gecko_sdk_4.3.1/platform/emlib/src/em_se.o
 .data._impure_ptr
                0x20001038        0x4 c:/siliconlabs/simplicitystudio/v5/developer/toolchains/gnu_arm/10.3_2021.10/bin/../lib/gcc/arm-none-eabi/10.3.1/../../../../arm-none-eabi/lib/thumb/v8-m.main+fp/hard\libc_nano.a(lib_a-impure.o)
                0x20001038                _impure_ptr
 .data.impure_data
                0x2000103c       0x60 c:/siliconlabs/simplicitystudio/v5/developer/toolchains/gnu_arm/10.3_2021.10/bin/../lib/gcc/arm-none-eabi/10.3.1/../../../../arm-none-eabi/lib/thumb/v8-m.main+fp/hard\libc_nano.a(lib_a-impure.o)
 .data.battery  0x2000109c        0x2 ./Letimer.o
                0x2000109c                battery
 .data.lfxo_precision
                0x2000109e        0x2 ./gecko_sdk_4.3.1/platform/emlib/src/em_cmu.o
 .data.hfxo_precision
                0x200010a0        0x2 ./gecko_sdk_4.3.1/platform/emlib/src/em_cmu.o
 .data.ctuneDelta
                0x200010a2        0x1 ./gecko_sdk_4.3.1/platform/emlib/src/em_cmu.o
                0x200010a4                . = ALIGN (0x4)
 *fill*         0x200010a3        0x1 
                [!provide]                PROVIDE (__ram_func_section_start = .)
 *(.ram)
                [!provide]                PROVIDE (__ram_func_section_end = .)
                0x200010a4                . = ALIGN (0x4)
                0x200010a4                PROVIDE (__preinit_array_start = .)
 *(.preinit_array)
                0x200010a4                PROVIDE (__preinit_array_end = .)
                0x200010a4                . = ALIGN (0x4)
                0x200010a4                PROVIDE (__init_array_start = .)
 *(SORT_BY_NAME(.init_array.*))
 *(.init_array)
 .init_array    0x200010a4        0x4 c:/siliconlabs/simplicitystudio/v5/developer/toolchains/gnu_arm/10.3_2021.10/bin/../lib/gcc/arm-none-eabi/10.3.1/thumb/v8-m.main+fp/hard/crtbegin.o
                0x200010a8                PROVIDE (__init_array_end = .)
                0x200010a8                . = ALIGN (0x4)
                [!provide]                PROVIDE (__fini_array_start = .)
 *(SORT_BY_NAME(.fini_array.*))
 *(.fini_array)
 .fini_array    0x200010a8        0x4 c:/siliconlabs/simplicitystudio/v5/developer/toolchains/gnu_arm/10.3_2021.10/bin/../lib/gcc/arm-none-eabi/10.3.1/thumb/v8-m.main+fp/hard/crtbegin.o
                [!provide]                PROVIDE (__fini_array_end = .)
                0x200010ac                . = ALIGN (0x4)
                0x200010ac                __data_end__ = .

.igot.plt       0x200010ac        0x0 load address 0x0800a05c
 .igot.plt      0x200010ac        0x0 c:/siliconlabs/simplicitystudio/v5/developer/toolchains/gnu_arm/10.3_2021.10/bin/../lib/gcc/arm-none-eabi/10.3.1/thumb/v8-m.main+fp/hard/crtbegin.o

.bss            0x200010ac       0x70 load address 0x0800a05c
                0x200010ac                . = ALIGN (0x4)
                0x200010ac                __bss_start__ = .
 *(SORT_BY_ALIGNMENT(.bss*))
 .bss           0x200010ac       0x1c c:/siliconlabs/simplicitystudio/v5/developer/toolchains/gnu_arm/10.3_2021.10/bin/../lib/gcc/arm-none-eabi/10.3.1/thumb/v8-m.main+fp/hard/crtbegin.o
 .bss.dataTransmit
                0x200010c8       0x17 ./Letimer.o
                0x200010c8                dataTransmit
 *fill*         0x200010df        0x1 
 .bss.response  0x200010e0        0xa ./uart.o
                0x200010e0                response
 *fill*         0x200010ea        0x2 
 .bss.freq      0x200010ec        0x4 ./gecko_sdk_4.3.1/platform/emdrv/ustimer/src/ustimer.o
 .bss.minTicks  0x200010f0        0x4 ./gecko_sdk_4.3.1/platform/emdrv/ustimer/src/ustimer.o
 .bss.vScaleEM01Config
                0x200010f4        0x1 ./gecko_sdk_4.3.1/platform/emlib/src/em_emu.o
 *fill*         0x200010f5        0x3 
 .bss.dali_tx_nb_packets
                0x200010f8        0x2 ./gecko_sdk_4.3.1/platform/emlib/src/em_eusart.o
 *fill*         0x200010fa        0x2 
 .bss.dali_rx_nb_packets
                0x200010fc        0x2 ./gecko_sdk_4.3.1/platform/emlib/src/em_eusart.o
 *fill*         0x200010fe        0x2 
 .bss.__malloc_free_list
                0x20001100        0x4 c:/siliconlabs/simplicitystudio/v5/developer/toolchains/gnu_arm/10.3_2021.10/bin/../lib/gcc/arm-none-eabi/10.3.1/../../../../arm-none-eabi/lib/thumb/v8-m.main+fp/hard\libc_nano.a(lib_a-nano-mallocr.o)
                0x20001100                __malloc_free_list
 .bss.__malloc_sbrk_start
                0x20001104        0x4 c:/siliconlabs/simplicitystudio/v5/developer/toolchains/gnu_arm/10.3_2021.10/bin/../lib/gcc/arm-none-eabi/10.3.1/../../../../arm-none-eabi/lib/thumb/v8-m.main+fp/hard\libc_nano.a(lib_a-nano-mallocr.o)
                0x20001104                __malloc_sbrk_start
 .bss.errno     0x20001108        0x4 c:/siliconlabs/simplicitystudio/v5/developer/toolchains/gnu_arm/10.3_2021.10/bin/../lib/gcc/arm-none-eabi/10.3.1/../../../../arm-none-eabi/lib/thumb/v8-m.main+fp/hard\libc_nano.a(lib_a-reent.o)
                0x20001108                errno
 .bss.SUM       0x2000110c        0x2 ./DHT22.o
                0x2000110c                SUM
 .bss.Rh_byte1  0x2000110e        0x1 ./DHT22.o
                0x2000110e                Rh_byte1
 .bss.Rh_byte2  0x2000110f        0x1 ./DHT22.o
                0x2000110f                Rh_byte2
 .bss.Temp_byte1
                0x20001110        0x1 ./DHT22.o
                0x20001110                Temp_byte1
 .bss.Temp_byte2
                0x20001111        0x1 ./DHT22.o
                0x20001111                Temp_byte2
 .bss.Presence  0x20001112        0x1 ./DHT22.o
                0x20001112                Presence
 .bss.interrupt
                0x20001113        0x1 ./Letimer.o
                0x20001113                interrupt
 .bss.count     0x20001114        0x1 ./Letimer.o
                0x20001114                count
 .bss.work      0x20001115        0x1 ./connect.o
                0x20001115                work
 .bss.connect   0x20001116        0x1 ./connect.o
                0x20001116                connect
 .bss.j         0x20001117        0x1 ./uart.o
                0x20001117                j
 .bss.timeElapsed
                0x20001118        0x1 ./gecko_sdk_4.3.1/platform/emdrv/ustimer/src/ustimer.o
 .bss.__lock___malloc_recursive_mutex
                0x20001119        0x1 c:/siliconlabs/simplicitystudio/v5/developer/toolchains/gnu_arm/10.3_2021.10/bin/../lib/gcc/arm-none-eabi/10.3.1/../../../../arm-none-eabi/lib/thumb/v8-m.main+fp/hard\libc_nano.a(lib_a-lock.o)
                0x20001119                __lock___malloc_recursive_mutex
 *(COMMON)
                0x2000111c                . = ALIGN (0x4)
 *fill*         0x2000111a        0x2 
                0x2000111c                __bss_end__ = .

.heap           0x20001120      0x800
                0x20001120                __HeapBase = .
                0x20001120                __end__ = .
                0x20001120                end = __end__
                0x20001120                _end = __end__
 *(.heap*)
 .heap          0x20001120      0x800 ./gecko_sdk_4.3.1/platform/common/toolchain/src/sl_memory.o
                0x20040000                __HeapLimit = (ORIGIN (RAM) + LENGTH (RAM))
                0x0003eee0                __heap_size = (__HeapLimit - __HeapBase)
                0x20040000                __ram_end__ = 0x20040000
                0x0817e000                __main_flash_end__ = 0x817e000

.internal_storage
                0x08009fb0        0x0
 *(.internal_storage*)

.nvm            0x08009fb0        0x0
 *(.simee*)
                0x0817e000                linker_nvm_end = __main_flash_end__
                0x0817e000                linker_nvm_begin = (linker_nvm_end - SIZEOF (.nvm))
                0x00000000                linker_nvm_size = SIZEOF (.nvm)
                0x0817e000                linker_storage_end = linker_nvm_begin
                0x0817e000                __nvm3Base = linker_nvm_begin
                0x0817e000                linker_storage_begin = (linker_storage_end - SIZEOF (.internal_storage))
                0x00000000                linker_storage_size = SIZEOF (.internal_storage)
                0x00000001                ASSERT ((linker_storage_begin >= (__etext + SIZEOF (.data))), FLASH memory overflowed !)
                0x0817e000                app_flash_end = 0x817e000
                0x00000001                ASSERT (((linker_nvm_begin + SIZEOF (.nvm)) <= app_flash_end), NVM3 is excessing the flash size !)
OUTPUT(Node-Sensor_Final.axf elf32-littlearm)
LOAD linker stubs

.ARM.attributes
                0x00000000       0x36
 .ARM.attributes
                0x00000000       0x22 c:/siliconlabs/simplicitystudio/v5/developer/toolchains/gnu_arm/10.3_2021.10/bin/../lib/gcc/arm-none-eabi/10.3.1/thumb/v8-m.main+fp/hard/crti.o
 .ARM.attributes
                0x00000022       0x38 c:/siliconlabs/simplicitystudio/v5/developer/toolchains/gnu_arm/10.3_2021.10/bin/../lib/gcc/arm-none-eabi/10.3.1/thumb/v8-m.main+fp/hard/crtbegin.o
 .ARM.attributes
                0x0000005a       0x20 c:/siliconlabs/simplicitystudio/v5/developer/toolchains/gnu_arm/10.3_2021.10/bin/../lib/gcc/arm-none-eabi/10.3.1/../../../../arm-none-eabi/lib/thumb/v8-m.main+fp/hard/crt0.o
 .ARM.attributes
                0x0000007a       0x3a ./DHT22.o
 .ARM.attributes
                0x000000b4       0x3a ./Letimer.o
 .ARM.attributes
                0x000000ee       0x3a ./app.o
 .ARM.attributes
                0x00000128       0x3a ./connect.o
 .ARM.attributes
                0x00000162       0x3a ./crypt.o
 .ARM.attributes
                0x0000019c       0x3a ./iadc.o
 .ARM.attributes
                0x000001d6       0x3a ./main.o
 .ARM.attributes
                0x00000210       0x3a ./uart.o
 .ARM.attributes
                0x0000024a       0x3a ./autogen/sl_board_default_init.o
 .ARM.attributes
                0x00000284       0x3a ./autogen/sl_device_init_clocks.o
 .ARM.attributes
                0x000002be       0x3a ./autogen/sl_event_handler.o
 .ARM.attributes
                0x000002f8       0x3a ./gecko_sdk_4.3.1/hardware/board/src/sl_board_control_gpio.o
 .ARM.attributes
                0x00000332       0x3a ./gecko_sdk_4.3.1/hardware/board/src/sl_board_init.o
 .ARM.attributes
                0x0000036c       0x3a ./gecko_sdk_4.3.1/hardware/driver/configuration_over_swo/src/sl_cos.o
 .ARM.attributes
                0x000003a6       0x3a ./gecko_sdk_4.3.1/hardware/driver/mx25_flash_shutdown/src/sl_mx25_flash_shutdown_usart/sl_mx25_flash_shutdown.o
 .ARM.attributes
                0x000003e0       0x3a ./gecko_sdk_4.3.1/platform/Device/SiliconLabs/EFR32MG24/Source/startup_efr32mg24.o
 .ARM.attributes
                0x0000041a       0x3a ./gecko_sdk_4.3.1/platform/Device/SiliconLabs/EFR32MG24/Source/system_efr32mg24.o
 .ARM.attributes
                0x00000454       0x3a ./gecko_sdk_4.3.1/platform/common/src/sl_assert.o
 .ARM.attributes
                0x0000048e       0x3a ./gecko_sdk_4.3.1/platform/common/toolchain/src/sl_memory.o
 .ARM.attributes
                0x000004c8       0x3a ./gecko_sdk_4.3.1/platform/driver/debug/src/sl_debug_swo.o
 .ARM.attributes
                0x00000502       0x3a ./gecko_sdk_4.3.1/platform/emdrv/ustimer/src/ustimer.o
 .ARM.attributes
                0x0000053c       0x3a ./gecko_sdk_4.3.1/platform/emlib/src/em_cmu.o
 .ARM.attributes
                0x00000576       0x3a ./gecko_sdk_4.3.1/platform/emlib/src/em_core.o
 .ARM.attributes
                0x000005b0       0x3a ./gecko_sdk_4.3.1/platform/emlib/src/em_emu.o
 .ARM.attributes
                0x000005ea       0x3a ./gecko_sdk_4.3.1/platform/emlib/src/em_eusart.o
 .ARM.attributes
                0x00000624       0x3a ./gecko_sdk_4.3.1/platform/emlib/src/em_gpio.o
 .ARM.attributes
                0x0000065e       0x3a ./gecko_sdk_4.3.1/platform/emlib/src/em_iadc.o
 .ARM.attributes
                0x00000698       0x3a ./gecko_sdk_4.3.1/platform/emlib/src/em_letimer.o
 .ARM.attributes
                0x000006d2       0x3a ./gecko_sdk_4.3.1/platform/emlib/src/em_se.o
 .ARM.attributes
                0x0000070c       0x3a ./gecko_sdk_4.3.1/platform/emlib/src/em_system.o
 .ARM.attributes
                0x00000746       0x3a ./gecko_sdk_4.3.1/platform/emlib/src/em_timer.o
 .ARM.attributes
                0x00000780       0x3a ./gecko_sdk_4.3.1/platform/emlib/src/em_usart.o
 .ARM.attributes
                0x000007ba       0x3a ./gecko_sdk_4.3.1/platform/security/sl_component/se_manager/src/sl_se_manager.o
 .ARM.attributes
                0x000007f4       0x3a ./gecko_sdk_4.3.1/platform/security/sl_component/sl_mbedtls_support/src/se_aes.o
 .ARM.attributes
                0x0000082e       0x3a ./gecko_sdk_4.3.1/platform/security/sl_component/sl_mbedtls_support/src/sl_mbedtls.o
 .ARM.attributes
                0x00000868       0x3a ./gecko_sdk_4.3.1/platform/service/device_init/src/sl_device_init_dcdc_s2.o
 .ARM.attributes
                0x000008a2       0x3a ./gecko_sdk_4.3.1/platform/service/device_init/src/sl_device_init_emu_s2.o
 .ARM.attributes
                0x000008dc       0x3a ./gecko_sdk_4.3.1/platform/service/device_init/src/sl_device_init_hfrco.o
 .ARM.attributes
                0x00000916       0x3a ./gecko_sdk_4.3.1/platform/service/device_init/src/sl_device_init_hfxo_s2.o
 .ARM.attributes
                0x00000950       0x3a ./gecko_sdk_4.3.1/platform/service/device_init/src/sl_device_init_lfxo_s2.o
 .ARM.attributes
                0x0000098a       0x3a ./gecko_sdk_4.3.1/platform/service/device_init/src/sl_device_init_nvic.o
 .ARM.attributes
                0x000009c4       0x3a ./gecko_sdk_4.3.1/platform/service/system/src/sl_system_init.o
 .ARM.attributes
                0x000009fe       0x3a ./gecko_sdk_4.3.1/platform/service/udelay/src/sl_udelay.o
 .ARM.attributes
                0x00000a38       0x26 ./gecko_sdk_4.3.1/platform/service/udelay/src/sl_udelay_armv6m_gcc.o
 .ARM.attributes
                0x00000a5e       0x22 c:/siliconlabs/simplicitystudio/v5/developer/toolchains/gnu_arm/10.3_2021.10/bin/../lib/gcc/arm-none-eabi/10.3.1/thumb/v8-m.main+fp/hard\libgcc.a(_arm_addsubdf3.o)
 .ARM.attributes
                0x00000a80       0x22 c:/siliconlabs/simplicitystudio/v5/developer/toolchains/gnu_arm/10.3_2021.10/bin/../lib/gcc/arm-none-eabi/10.3.1/thumb/v8-m.main+fp/hard\libgcc.a(_arm_muldivdf3.o)
 .ARM.attributes
                0x00000aa2       0x22 c:/siliconlabs/simplicitystudio/v5/developer/toolchains/gnu_arm/10.3_2021.10/bin/../lib/gcc/arm-none-eabi/10.3.1/thumb/v8-m.main+fp/hard\libgcc.a(_arm_fixunsdfsi.o)
 .ARM.attributes
                0x00000ac4       0x22 c:/siliconlabs/simplicitystudio/v5/developer/toolchains/gnu_arm/10.3_2021.10/bin/../lib/gcc/arm-none-eabi/10.3.1/thumb/v8-m.main+fp/hard\libgcc.a(_arm_truncdfsf2.o)
 .ARM.attributes
                0x00000ae6       0x22 c:/siliconlabs/simplicitystudio/v5/developer/toolchains/gnu_arm/10.3_2021.10/bin/../lib/gcc/arm-none-eabi/10.3.1/thumb/v8-m.main+fp/hard\libgcc.a(_aeabi_uldivmod.o)
 .ARM.attributes
                0x00000b08       0x38 c:/siliconlabs/simplicitystudio/v5/developer/toolchains/gnu_arm/10.3_2021.10/bin/../lib/gcc/arm-none-eabi/10.3.1/thumb/v8-m.main+fp/hard\libgcc.a(_udivmoddi4.o)
 .ARM.attributes
                0x00000b40       0x22 c:/siliconlabs/simplicitystudio/v5/developer/toolchains/gnu_arm/10.3_2021.10/bin/../lib/gcc/arm-none-eabi/10.3.1/thumb/v8-m.main+fp/hard\libgcc.a(_dvmd_tls.o)
 .ARM.attributes
                0x00000b62       0x38 c:/siliconlabs/simplicitystudio/v5/developer/toolchains/gnu_arm/10.3_2021.10/bin/../lib/gcc/arm-none-eabi/10.3.1/../../../../arm-none-eabi/lib/thumb/v8-m.main+fp/hard\libc_nano.a(lib_a-exit.o)
 .ARM.attributes
                0x00000b9a       0x38 c:/siliconlabs/simplicitystudio/v5/developer/toolchains/gnu_arm/10.3_2021.10/bin/../lib/gcc/arm-none-eabi/10.3.1/../../../../arm-none-eabi/lib/thumb/v8-m.main+fp/hard\libc_nano.a(lib_a-impure.o)
 .ARM.attributes
                0x00000bd2       0x38 c:/siliconlabs/simplicitystudio/v5/developer/toolchains/gnu_arm/10.3_2021.10/bin/../lib/gcc/arm-none-eabi/10.3.1/../../../../arm-none-eabi/lib/thumb/v8-m.main+fp/hard\libc_nano.a(lib_a-init.o)
 .ARM.attributes
                0x00000c0a       0x38 c:/siliconlabs/simplicitystudio/v5/developer/toolchains/gnu_arm/10.3_2021.10/bin/../lib/gcc/arm-none-eabi/10.3.1/../../../../arm-none-eabi/lib/thumb/v8-m.main+fp/hard\libc_nano.a(lib_a-memcpy-stub.o)
 .ARM.attributes
                0x00000c42       0x38 c:/siliconlabs/simplicitystudio/v5/developer/toolchains/gnu_arm/10.3_2021.10/bin/../lib/gcc/arm-none-eabi/10.3.1/../../../../arm-none-eabi/lib/thumb/v8-m.main+fp/hard\libc_nano.a(lib_a-memmove.o)
 .ARM.attributes
                0x00000c7a       0x38 c:/siliconlabs/simplicitystudio/v5/developer/toolchains/gnu_arm/10.3_2021.10/bin/../lib/gcc/arm-none-eabi/10.3.1/../../../../arm-none-eabi/lib/thumb/v8-m.main+fp/hard\libc_nano.a(lib_a-memset.o)
 .ARM.attributes
                0x00000cb2       0x38 c:/siliconlabs/simplicitystudio/v5/developer/toolchains/gnu_arm/10.3_2021.10/bin/../lib/gcc/arm-none-eabi/10.3.1/../../../../arm-none-eabi/lib/thumb/v8-m.main+fp/hard\libc_nano.a(lib_a-nano-freer.o)
 .ARM.attributes
                0x00000cea       0x38 c:/siliconlabs/simplicitystudio/v5/developer/toolchains/gnu_arm/10.3_2021.10/bin/../lib/gcc/arm-none-eabi/10.3.1/../../../../arm-none-eabi/lib/thumb/v8-m.main+fp/hard\libc_nano.a(lib_a-nano-mallocr.o)
 .ARM.attributes
                0x00000d22       0x38 c:/siliconlabs/simplicitystudio/v5/developer/toolchains/gnu_arm/10.3_2021.10/bin/../lib/gcc/arm-none-eabi/10.3.1/../../../../arm-none-eabi/lib/thumb/v8-m.main+fp/hard\libc_nano.a(lib_a-sbrkr.o)
 .ARM.attributes
                0x00000d5a       0x38 c:/siliconlabs/simplicitystudio/v5/developer/toolchains/gnu_arm/10.3_2021.10/bin/../lib/gcc/arm-none-eabi/10.3.1/../../../../arm-none-eabi/lib/thumb/v8-m.main+fp/hard\libc_nano.a(lib_a-snprintf.o)
 .ARM.attributes
                0x00000d92       0x38 c:/siliconlabs/simplicitystudio/v5/developer/toolchains/gnu_arm/10.3_2021.10/bin/../lib/gcc/arm-none-eabi/10.3.1/../../../../arm-none-eabi/lib/thumb/v8-m.main+fp/hard\libc_nano.a(lib_a-mlock.o)
 .ARM.attributes
                0x00000dca       0x38 c:/siliconlabs/simplicitystudio/v5/developer/toolchains/gnu_arm/10.3_2021.10/bin/../lib/gcc/arm-none-eabi/10.3.1/../../../../arm-none-eabi/lib/thumb/v8-m.main+fp/hard\libc_nano.a(lib_a-nano-reallocr.o)
 .ARM.attributes
                0x00000e02       0x38 c:/siliconlabs/simplicitystudio/v5/developer/toolchains/gnu_arm/10.3_2021.10/bin/../lib/gcc/arm-none-eabi/10.3.1/../../../../arm-none-eabi/lib/thumb/v8-m.main+fp/hard\libc_nano.a(lib_a-nano-svfprintf.o)
 .ARM.attributes
                0x00000e3a       0x38 c:/siliconlabs/simplicitystudio/v5/developer/toolchains/gnu_arm/10.3_2021.10/bin/../lib/gcc/arm-none-eabi/10.3.1/../../../../arm-none-eabi/lib/thumb/v8-m.main+fp/hard\libc_nano.a(lib_a-nano-vfprintf_i.o)
 .ARM.attributes
                0x00000e72       0x38 c:/siliconlabs/simplicitystudio/v5/developer/toolchains/gnu_arm/10.3_2021.10/bin/../lib/gcc/arm-none-eabi/10.3.1/../../../../arm-none-eabi/lib/thumb/v8-m.main+fp/hard\libc_nano.a(lib_a-reent.o)
 .ARM.attributes
                0x00000eaa       0x38 c:/siliconlabs/simplicitystudio/v5/developer/toolchains/gnu_arm/10.3_2021.10/bin/../lib/gcc/arm-none-eabi/10.3.1/../../../../arm-none-eabi/lib/thumb/v8-m.main+fp/hard\libc_nano.a(lib_a-lock.o)
 .ARM.attributes
                0x00000ee2       0x38 c:/siliconlabs/simplicitystudio/v5/developer/toolchains/gnu_arm/10.3_2021.10/bin/../lib/gcc/arm-none-eabi/10.3.1/../../../../arm-none-eabi/lib/thumb/v8-m.main+fp/hard\libc_nano.a(lib_a-memchr-stub.o)
 .ARM.attributes
                0x00000f1a       0x38 c:/siliconlabs/simplicitystudio/v5/developer/toolchains/gnu_arm/10.3_2021.10/bin/../lib/gcc/arm-none-eabi/10.3.1/../../../../arm-none-eabi/lib/thumb/v8-m.main+fp/hard\libc_nano.a(lib_a-nano-msizer.o)
 .ARM.attributes
                0x00000f52       0x38 c:/siliconlabs/simplicitystudio/v5/developer/toolchains/gnu_arm/10.3_2021.10/bin/../lib/gcc/arm-none-eabi/10.3.1/../../../../arm-none-eabi/lib/thumb/v8-m.main+fp/hard\libnosys.a(_exit.o)
 .ARM.attributes
                0x00000f8a       0x22 c:/siliconlabs/simplicitystudio/v5/developer/toolchains/gnu_arm/10.3_2021.10/bin/../lib/gcc/arm-none-eabi/10.3.1/thumb/v8-m.main+fp/hard/crtn.o

.comment        0x00000000       0x49
 .comment       0x00000000       0x49 ./DHT22.o
                                 0x4a (size before relaxing)
 .comment       0x00000049       0x4a ./Letimer.o
 .comment       0x00000049       0x4a ./app.o
 .comment       0x00000049       0x4a ./connect.o
 .comment       0x00000049       0x4a ./crypt.o
 .comment       0x00000049       0x4a ./iadc.o
 .comment       0x00000049       0x4a ./main.o
 .comment       0x00000049       0x4a ./uart.o
 .comment       0x00000049       0x4a ./autogen/sl_board_default_init.o
 .comment       0x00000049       0x4a ./autogen/sl_device_init_clocks.o
 .comment       0x00000049       0x4a ./autogen/sl_event_handler.o
 .comment       0x00000049       0x4a ./gecko_sdk_4.3.1/hardware/board/src/sl_board_control_gpio.o
 .comment       0x00000049       0x4a ./gecko_sdk_4.3.1/hardware/board/src/sl_board_init.o
 .comment       0x00000049       0x4a ./gecko_sdk_4.3.1/hardware/driver/configuration_over_swo/src/sl_cos.o
 .comment       0x00000049       0x4a ./gecko_sdk_4.3.1/hardware/driver/mx25_flash_shutdown/src/sl_mx25_flash_shutdown_usart/sl_mx25_flash_shutdown.o
 .comment       0x00000049       0x4a ./gecko_sdk_4.3.1/platform/Device/SiliconLabs/EFR32MG24/Source/startup_efr32mg24.o
 .comment       0x00000049       0x4a ./gecko_sdk_4.3.1/platform/Device/SiliconLabs/EFR32MG24/Source/system_efr32mg24.o
 .comment       0x00000049       0x4a ./gecko_sdk_4.3.1/platform/common/src/sl_assert.o
 .comment       0x00000049       0x4a ./gecko_sdk_4.3.1/platform/common/toolchain/src/sl_memory.o
 .comment       0x00000049       0x4a ./gecko_sdk_4.3.1/platform/driver/debug/src/sl_debug_swo.o
 .comment       0x00000049       0x4a ./gecko_sdk_4.3.1/platform/emdrv/ustimer/src/ustimer.o
 .comment       0x00000049       0x4a ./gecko_sdk_4.3.1/platform/emlib/src/em_cmu.o
 .comment       0x00000049       0x4a ./gecko_sdk_4.3.1/platform/emlib/src/em_core.o
 .comment       0x00000049       0x4a ./gecko_sdk_4.3.1/platform/emlib/src/em_emu.o
 .comment       0x00000049       0x4a ./gecko_sdk_4.3.1/platform/emlib/src/em_eusart.o
 .comment       0x00000049       0x4a ./gecko_sdk_4.3.1/platform/emlib/src/em_gpio.o
 .comment       0x00000049       0x4a ./gecko_sdk_4.3.1/platform/emlib/src/em_iadc.o
 .comment       0x00000049       0x4a ./gecko_sdk_4.3.1/platform/emlib/src/em_letimer.o
 .comment       0x00000049       0x4a ./gecko_sdk_4.3.1/platform/emlib/src/em_se.o
 .comment       0x00000049       0x4a ./gecko_sdk_4.3.1/platform/emlib/src/em_system.o
 .comment       0x00000049       0x4a ./gecko_sdk_4.3.1/platform/emlib/src/em_timer.o
 .comment       0x00000049       0x4a ./gecko_sdk_4.3.1/platform/emlib/src/em_usart.o
 .comment       0x00000049       0x4a ./gecko_sdk_4.3.1/platform/security/sl_component/se_manager/src/sl_se_manager.o
 .comment       0x00000049       0x4a ./gecko_sdk_4.3.1/platform/security/sl_component/sl_mbedtls_support/src/se_aes.o
 .comment       0x00000049       0x4a ./gecko_sdk_4.3.1/platform/security/sl_component/sl_mbedtls_support/src/sl_mbedtls.o
 .comment       0x00000049       0x4a ./gecko_sdk_4.3.1/platform/service/device_init/src/sl_device_init_dcdc_s2.o
 .comment       0x00000049       0x4a ./gecko_sdk_4.3.1/platform/service/device_init/src/sl_device_init_emu_s2.o
 .comment       0x00000049       0x4a ./gecko_sdk_4.3.1/platform/service/device_init/src/sl_device_init_hfrco.o
 .comment       0x00000049       0x4a ./gecko_sdk_4.3.1/platform/service/device_init/src/sl_device_init_hfxo_s2.o
 .comment       0x00000049       0x4a ./gecko_sdk_4.3.1/platform/service/device_init/src/sl_device_init_lfxo_s2.o
 .comment       0x00000049       0x4a ./gecko_sdk_4.3.1/platform/service/device_init/src/sl_device_init_nvic.o
 .comment       0x00000049       0x4a ./gecko_sdk_4.3.1/platform/service/system/src/sl_system_init.o
 .comment       0x00000049       0x4a ./gecko_sdk_4.3.1/platform/service/udelay/src/sl_udelay.o

.debug_info     0x00000000    0x3be83
 .debug_info    0x00000000     0x188d ./DHT22.o
 .debug_info    0x0000188d     0x2c9d ./Letimer.o
 .debug_info    0x0000452a       0xab ./app.o
 .debug_info    0x000045d5     0x296c ./connect.o
 .debug_info    0x00006f41      0x178 ./crypt.o
 .debug_info    0x000070b9     0x2b71 ./iadc.o