Archive member included to satisfy reference by file (symbol)

c:/siliconlabs/simplicitystudio/v5/developer/toolchains/gnu_arm/10.3_2021.10/bin/../lib/gcc/arm-none-eabi/10.3.1/thumb/v8-m.main+fp/hard\libgcc.a(_arm_muldf3.o)
                              ./iadc.o (__aeabi_dmul)
c:/siliconlabs/simplicitystudio/v5/developer/toolchains/gnu_arm/10.3_2021.10/bin/../lib/gcc/arm-none-eabi/10.3.1/thumb/v8-m.main+fp/hard\libgcc.a(_arm_addsubdf3.o)
                              ./iadc.o (__aeabi_dsub)
c:/siliconlabs/simplicitystudio/v5/developer/toolchains/gnu_arm/10.3_2021.10/bin/../lib/gcc/arm-none-eabi/10.3.1/thumb/v8-m.main+fp/hard\libgcc.a(_arm_muldivdf3.o)
                              ./iadc.o (__aeabi_ddiv)
c:/siliconlabs/simplicitystudio/v5/developer/toolchains/gnu_arm/10.3_2021.10/bin/../lib/gcc/arm-none-eabi/10.3.1/thumb/v8-m.main+fp/hard\libgcc.a(_arm_fixunsdfsi.o)
                              ./iadc.o (__aeabi_d2uiz)
c:/siliconlabs/simplicitystudio/v5/developer/toolchains/gnu_arm/10.3_2021.10/bin/../lib/gcc/arm-none-eabi/10.3.1/thumb/v8-m.main+fp/hard\libgcc.a(_arm_truncdfsf2.o)
                              ./iadc.o (__aeabi_d2f)
c:/siliconlabs/simplicitystudio/v5/developer/toolchains/gnu_arm/10.3_2021.10/bin/../lib/gcc/arm-none-eabi/10.3.1/thumb/v8-m.main+fp/hard\libgcc.a(_aeabi_uldivmod.o)
                              ./gecko_sdk_4.3.1/platform/emdrv/ustimer/src/ustimer.o (__aeabi_uldivmod)
c:/siliconlabs/simplicitystudio/v5/developer/toolchains/gnu_arm/10.3_2021.10/bin/../lib/gcc/arm-none-eabi/10.3.1/thumb/v8-m.main+fp/hard\libgcc.a(_udivmoddi4.o)
                              c:/siliconlabs/simplicitystudio/v5/developer/toolchains/gnu_arm/10.3_2021.10/bin/../lib/gcc/arm-none-eabi/10.3.1/thumb/v8-m.main+fp/hard\libgcc.a(_aeabi_uldivmod.o) (__udivmoddi4)
c:/siliconlabs/simplicitystudio/v5/developer/toolchains/gnu_arm/10.3_2021.10/bin/../lib/gcc/arm-none-eabi/10.3.1/thumb/v8-m.main+fp/hard\libgcc.a(_dvmd_tls.o)
                              c:/siliconlabs/simplicitystudio/v5/developer/toolchains/gnu_arm/10.3_2021.10/bin/../lib/gcc/arm-none-eabi/10.3.1/thumb/v8-m.main+fp/hard\libgcc.a(_aeabi_uldivmod.o) (__aeabi_ldiv0)
c:/siliconlabs/simplicitystudio/v5/developer/toolchains/gnu_arm/10.3_2021.10/bin/../lib/gcc/arm-none-eabi/10.3.1/../../../../arm-none-eabi/lib/thumb/v8-m.main+fp/hard\libc_nano.a(lib_a-exit.o)
                              c:/siliconlabs/simplicitystudio/v5/developer/toolchains/gnu_arm/10.3_2021.10/bin/../lib/gcc/arm-none-eabi/10.3.1/../../../../arm-none-eabi/lib/thumb/v8-m.main+fp/hard/crt0.o (exit)
c:/siliconlabs/simplicitystudio/v5/developer/toolchains/gnu_arm/10.3_2021.10/bin/../lib/gcc/arm-none-eabi/10.3.1/../../../../arm-none-eabi/lib/thumb/v8-m.main+fp/hard\libc_nano.a(lib_a-impure.o)
                              c:/siliconlabs/simplicitystudio/v5/developer/toolchains/gnu_arm/10.3_2021.10/bin/../lib/gcc/arm-none-eabi/10.3.1/../../../../arm-none-eabi/lib/thumb/v8-m.main+fp/hard\libc_nano.a(lib_a-exit.o) (_global_impure_ptr)
c:/siliconlabs/simplicitystudio/v5/developer/toolchains/gnu_arm/10.3_2021.10/bin/../lib/gcc/arm-none-eabi/10.3.1/../../../../arm-none-eabi/lib/thumb/v8-m.main+fp/hard\libc_nano.a(lib_a-init.o)
                              c:/siliconlabs/simplicitystudio/v5/developer/toolchains/gnu_arm/10.3_2021.10/bin/../lib/gcc/arm-none-eabi/10.3.1/../../../../arm-none-eabi/lib/thumb/v8-m.main+fp/hard/crt0.o (__libc_init_array)
c:/siliconlabs/simplicitystudio/v5/developer/toolchains/gnu_arm/10.3_2021.10/bin/../lib/gcc/arm-none-eabi/10.3.1/../../../../arm-none-eabi/lib/thumb/v8-m.main+fp/hard\libc_nano.a(lib_a-memcpy-stub.o)
                              ./Letimer.o (memcpy)
c:/siliconlabs/simplicitystudio/v5/developer/toolchains/gnu_arm/10.3_2021.10/bin/../lib/gcc/arm-none-eabi/10.3.1/../../../../arm-none-eabi/lib/thumb/v8-m.main+fp/hard\libc_nano.a(lib_a-memset.o)
                              c:/siliconlabs/simplicitystudio/v5/developer/toolchains/gnu_arm/10.3_2021.10/bin/../lib/gcc/arm-none-eabi/10.3.1/../../../../arm-none-eabi/lib/thumb/v8-m.main+fp/hard/crt0.o (memset)
c:/siliconlabs/simplicitystudio/v5/developer/toolchains/gnu_arm/10.3_2021.10/bin/../lib/gcc/arm-none-eabi/10.3.1/../../../../arm-none-eabi/lib/thumb/v8-m.main+fp/hard\libc_nano.a(lib_a-snprintf.o)
                              ./uart.o (snprintf)
c:/siliconlabs/simplicitystudio/v5/developer/toolchains/gnu_arm/10.3_2021.10/bin/../lib/gcc/arm-none-eabi/10.3.1/../../../../arm-none-eabi/lib/thumb/v8-m.main+fp/hard\libc_nano.a(lib_a-nano-svfprintf.o)
                              c:/siliconlabs/simplicitystudio/v5/developer/toolchains/gnu_arm/10.3_2021.10/bin/../lib/gcc/arm-none-eabi/10.3.1/../../../../arm-none-eabi/lib/thumb/v8-m.main+fp/hard\libc_nano.a(lib_a-snprintf.o) (_svfprintf_r)
c:/siliconlabs/simplicitystudio/v5/developer/toolchains/gnu_arm/10.3_2021.10/bin/../lib/gcc/arm-none-eabi/10.3.1/../../../../arm-none-eabi/lib/thumb/v8-m.main+fp/hard\libc_nano.a(lib_a-nano-vfprintf_i.o)
[...]
Memory Configuration

Name             Origin             Length             Attributes
FLASH            0x08000000         0x0017e000         xr
RAM              0x20000000         0x00040000         xrw
*default*        0x00000000         0xffffffff

Linker script and memory map

LOAD c:/siliconlabs/simplicitystudio/v5/developer/toolchains/gnu_arm/10.3_2021.10/bin/../lib/gcc/arm-none-eabi/10.3.1/thumb/v8-m.main+fp/hard/crti.o
LOAD c:/siliconlabs/simplicitystudio/v5/developer/toolchains/gnu_arm/10.3_2021.10/bin/../lib/gcc/arm-none-eabi/10.3.1/thumb/v8-m.main+fp/hard/crtbegin.o
LOAD c:/siliconlabs/simplicitystudio/v5/developer/toolchains/gnu_arm/10.3_2021.10/bin/../lib/gcc/arm-none-eabi/10.3.1/../../../../arm-none-eabi/lib/thumb/v8-m.main+fp/hard/crt0.o
START GROUP
LOAD ./DHT22.o
LOAD ./Letimer.o
LOAD ./app.o
LOAD ./connect.o
LOAD ./flash.o
LOAD ./iadc.o
LOAD ./main.o
LOAD ./uart.o
LOAD ./autogen/sl_board_default_init.o
LOAD ./autogen/sl_device_init_clocks.o
LOAD ./autogen/sl_event_handler.o
LOAD ./gecko_sdk_4.3.1/hardware/board/src/sl_board_control_gpio.o
LOAD ./gecko_sdk_4.3.1/hardware/board/src/sl_board_init.o
LOAD ./gecko_sdk_4.3.1/hardware/driver/configuration_over_swo/src/sl_cos.o
LOAD ./gecko_sdk_4.3.1/hardware/driver/mx25_flash_shutdown/src/sl_mx25_flash_shutdown_usart/sl_mx25_flash_shutdown.o
LOAD ./gecko_sdk_4.3.1/platform/Device/SiliconLabs/EFR32MG24/Source/startup_efr32mg24.o
LOAD ./gecko_sdk_4.3.1/platform/Device/SiliconLabs/EFR32MG24/Source/system_efr32mg24.o
LOAD ./gecko_sdk_4.3.1/platform/common/src/sl_assert.o
LOAD ./gecko_sdk_4.3.1/platform/common/toolchain/src/sl_memory.o
LOAD ./gecko_sdk_4.3.1/platform/driver/debug/src/sl_debug_swo.o
LOAD ./gecko_sdk_4.3.1/platform/emdrv/ustimer/src/ustimer.o
LOAD ./gecko_sdk_4.3.1/platform/emlib/src/em_cmu.o
LOAD ./gecko_sdk_4.3.1/platform/emlib/src/em_core.o
LOAD ./gecko_sdk_4.3.1/platform/emlib/src/em_emu.o
LOAD ./gecko_sdk_4.3.1/platform/emlib/src/em_gpio.o
LOAD ./gecko_sdk_4.3.1/platform/emlib/src/em_iadc.o
LOAD ./gecko_sdk_4.3.1/platform/emlib/src/em_letimer.o
LOAD ./gecko_sdk_4.3.1/platform/emlib/src/em_msc.o
LOAD ./gecko_sdk_4.3.1/platform/emlib/src/em_system.o
LOAD ./gecko_sdk_4.3.1/platform/emlib/src/em_timer.o
LOAD ./gecko_sdk_4.3.1/platform/emlib/src/em_usart.o
LOAD ./gecko_sdk_4.3.1/platform/service/device_init/src/sl_device_init_dcdc_s2.o
LOAD ./gecko_sdk_4.3.1/platform/service/device_init/src/sl_device_init_emu_s2.o
LOAD ./gecko_sdk_4.3.1/platform/service/device_init/src/sl_device_init_hfrco.o
LOAD ./gecko_sdk_4.3.1/platform/service/device_init/src/sl_device_init_hfxo_s2.o
LOAD ./gecko_sdk_4.3.1/platform/service/device_init/src/sl_device_init_lfxo_s2.o
LOAD ./gecko_sdk_4.3.1/platform/service/device_init/src/sl_device_init_nvic.o
LOAD ./gecko_sdk_4.3.1/platform/service/system/src/sl_system_init.o
LOAD ./gecko_sdk_4.3.1/platform/service/system/src/sl_system_process_action.o
LOAD ./gecko_sdk_4.3.1/platform/service/udelay/src/sl_udelay.o
LOAD ./gecko_sdk_4.3.1/platform/service/udelay/src/sl_udelay_armv6m_gcc.o
LOAD c:/siliconlabs/simplicitystudio/v5/developer/toolchains/gnu_arm/10.3_2021.10/bin/../lib/gcc/arm-none-eabi/10.3.1/thumb/v8-m.main+fp/hard\libgcc.a
LOAD c:/siliconlabs/simplicitystudio/v5/developer/toolchains/gnu_arm/10.3_2021.10/bin/../lib/gcc/arm-none-eabi/10.3.1/../../../../arm-none-eabi/lib/thumb/v8-m.main+fp/hard\libc_nano.a
LOAD c:/siliconlabs/simplicitystudio/v5/developer/toolchains/gnu_arm/10.3_2021.10/bin/../lib/gcc/arm-none-eabi/10.3.1/../../../../arm-none-eabi/lib/thumb/v8-m.main+fp/hard\libm.a
LOAD c:/siliconlabs/simplicitystudio/v5/developer/toolchains/gnu_arm/10.3_2021.10/bin/../lib/gcc/arm-none-eabi/10.3.1/../../../../arm-none-eabi/lib/thumb/v8-m.main+fp/hard\libnosys.a
END GROUP
START GROUP
LOAD c:/siliconlabs/simplicitystudio/v5/developer/toolchains/gnu_arm/10.3_2021.10/bin/../lib/gcc/arm-none-eabi/10.3.1/thumb/v8-m.main+fp/hard\libgcc.a
LOAD c:/siliconlabs/simplicitystudio/v5/developer/toolchains/gnu_arm/10.3_2021.10/bin/../lib/gcc/arm-none-eabi/10.3.1/../../../../arm-none-eabi/lib/thumb/v8-m.main+fp/hard\libc_nano.a
LOAD c:/siliconlabs/simplicitystudio/v5/developer/toolchains/gnu_arm/10.3_2021.10/bin/../lib/gcc/arm-none-eabi/10.3.1/../../../../arm-none-eabi/lib/thumb/v8-m.main+fp/hard\libnosys.a
END GROUP
START GROUP
LOAD c:/siliconlabs/simplicitystudio/v5/developer/toolchains/gnu_arm/10.3_2021.10/bin/../lib/gcc/arm-none-eabi/10.3.1/thumb/v8-m.main+fp/hard\libgcc.a
LOAD c:/siliconlabs/simplicitystudio/v5/developer/toolchains/gnu_arm/10.3_2021.10/bin/../lib/gcc/arm-none-eabi/10.3.1/../../../../arm-none-eabi/lib/thumb/v8-m.main+fp/hard\libg_nano.a
LOAD c:/siliconlabs/simplicitystudio/v5/developer/toolchains/gnu_arm/10.3_2021.10/bin/../lib/gcc/arm-none-eabi/10.3.1/../../../../arm-none-eabi/lib/thumb/v8-m.main+fp/hard\libc_nano.a
END GROUP
START GROUP
LOAD c:/siliconlabs/simplicitystudio/v5/developer/toolchains/gnu_arm/10.3_2021.10/bin/../lib/gcc/arm-none-eabi/10.3.1/thumb/v8-m.main+fp/hard\libgcc.a
LOAD c:/siliconlabs/simplicitystudio/v5/developer/toolchains/gnu_arm/10.3_2021.10/bin/../lib/gcc/arm-none-eabi/10.3.1/../../../../arm-none-eabi/lib/thumb/v8-m.main+fp/hard\libc_nano.a
END GROUP
LOAD c:/siliconlabs/simplicitystudio/v5/developer/toolchains/gnu_arm/10.3_2021.10/bin/../lib/gcc/arm-none-eabi/10.3.1/thumb/v8-m.main+fp/hard/crtend.o
LOAD c:/siliconlabs/simplicitystudio/v5/developer/toolchains/gnu_arm/10.3_2021.10/bin/../lib/gcc/arm-none-eabi/10.3.1/thumb/v8-m.main+fp/hard/crtn.o

.text           0x08000000     0x7fe4
                0x08000000                linker_vectors_begin = .
 *(.vectors)
 .vectors       0x08000000      0x170 ./gecko_sdk_4.3.1/platform/Device/SiliconLabs/EFR32MG24/Source/startup_efr32mg24.o
                0x08000000                __Vectors
                0x08000170                linker_vectors_end = .
                0x08000170                __Vectors_End = .
                0x08000170                __Vectors_Size = (__Vectors_End - __Vectors)
                0x08000170                linker_code_begin = .
 *(SORT_BY_ALIGNMENT(.text*))
 .text          0x08000170        0x8 ./gecko_sdk_4.3.1/platform/service/udelay/src/sl_udelay_armv6m_gcc.o
                0x08000170                sli_delay_loop
 .text.getMoisture
                0x08000178       0xd4 ./iadc.o
                0x08000178                getMoisture
 .text          0x0800024c       0x40 c:/siliconlabs/simplicitystudio/v5/developer/toolchains/gnu_arm/10.3_2021.10/bin/../lib/gcc/arm-none-eabi/10.3.1/thumb/v8-m.main+fp/hard/crtbegin.o
 .text          0x0800028c       0x7c c:/siliconlabs/simplicitystudio/v5/developer/toolchains/gnu_arm/10.3_2021.10/bin/../lib/gcc/arm-none-eabi/10.3.1/../../../../arm-none-eabi/lib/thumb/v8-m.main+fp/hard/crt0.o
                0x0800028c                _stack_init
                0x08000294                _start
                0x08000294                _mainCRTStartup
 .text.GPIO_PinInGet
                0x08000308       0x88 ./DHT22.o
 .text.DHT_GetData
                0x08000390       0xc8 ./DHT22.o
                0x08000390                DHT_GetData
 .text.__NVIC_EnableIRQ
                0x08000458       0x34 ./Letimer.o
 .text.LETIMER0_IRQHandler
                0x0800048c      0x164 ./Letimer.o
                0x0800048c                LETIMER0_IRQHandler
 .text.GPIO_PinInGet
                0x080005f0       0x88 ./app.o
 .text.GPIO_PinOutToggle
                0x08000678       0x84 ./connect.o
 .text.connectToStation
                0x080006fc       0xd8 ./connect.o
                0x080006fc                connectToStation
 .text.iadcInit
                0x080007d4       0xec ./iadc.o
                0x080007d4                iadcInit
 .text.iadcStartsingle
                0x080008c0       0x38 ./iadc.o
                0x080008c0                iadcStartsingle
 .text.uartInit
                0x080008f8       0x88 ./uart.o
                0x080008f8                uartInit
 .text.transmitData
                0x08000980       0x4c ./uart.o
                0x08000980                transmitData
 .text.uint16ToCharArray
                0x080009cc       0x28 ./uart.o
                0x080009cc                uint16ToCharArray
 .text.sl_device_init_clocks
                0x080009f4       0xb0 ./autogen/sl_device_init_clocks.o
                0x080009f4                sl_device_init_clocks
 .text.GPIO_PinOutClear
                0x08000aa4       0x84 ./gecko_sdk_4.3.1/hardware/driver/mx25_flash_shutdown/src/sl_mx25_flash_shutdown_usart/sl_mx25_flash_shutdown.o
 .text.GPIO_PinOutSet
                0x08000b28       0x84 ./gecko_sdk_4.3.1/hardware/driver/mx25_flash_shutdown/src/sl_mx25_flash_shutdown_usart/sl_mx25_flash_shutdown.o
 .text.sl_mx25_flash_shutdown
                0x08000bac      0x134 ./gecko_sdk_4.3.1/hardware/driver/mx25_flash_shutdown/src/sl_mx25_flash_shutdown_usart/sl_mx25_flash_shutdown.o
                0x08000bac                sl_mx25_flash_shutdown
 .text.Reset_Handler
                0x08000ce0       0x98 ./gecko_sdk_4.3.1/platform/Device/SiliconLabs/EFR32MG24/Source/startup_efr32mg24.o
                0x08000ce0                Reset_Handler
 .text.__NVIC_EnableIRQ
                0x08000d78       0x34 ./gecko_sdk_4.3.1/platform/Device/SiliconLabs/EFR32MG24/Source/system_efr32mg24.o
 .text.__NVIC_ClearPendingIRQ
                0x08000dac       0x38 ./gecko_sdk_4.3.1/platform/Device/SiliconLabs/EFR32MG24/Source/system_efr32mg24.o
 .text.SystemInit
                0x08000de4       0x90 ./gecko_sdk_4.3.1/platform/Device/SiliconLabs/EFR32MG24/Source/system_efr32mg24.o
                0x08000de4                SystemInit
 .text.SystemHFRCODPLLClockGet
                0x08000e74        0xc ./gecko_sdk_4.3.1/platform/Device/SiliconLabs/EFR32MG24/Source/system_efr32mg24.o
                0x08000e74                SystemHFRCODPLLClockGet
 .text.SystemHFRCODPLLClockSet
                0x08000e80       0x14 ./gecko_sdk_4.3.1/platform/Device/SiliconLabs/EFR32MG24/Source/system_efr32mg24.o
                0x08000e80                SystemHFRCODPLLClockSet
 .text.SystemSYSCLKGet
                0x08000e94       0x50 ./gecko_sdk_4.3.1/platform/Device/SiliconLabs/EFR32MG24/Source/system_efr32mg24.o
                0x08000e94                SystemSYSCLKGet
 .text.SystemHCLKGet
                0x08000ee4       0x3c ./gecko_sdk_4.3.1/platform/Device/SiliconLabs/EFR32MG24/Source/system_efr32mg24.o
                0x08000ee4                SystemHCLKGet
 .text.SystemMaxCoreClockGet
                0x08000f20        0xc ./gecko_sdk_4.3.1/platform/Device/SiliconLabs/EFR32MG24/Source/system_efr32mg24.o
                0x08000f20                SystemMaxCoreClockGet
 .text.SystemHFXOClockGet
                0x08000f2c        0xc ./gecko_sdk_4.3.1/platform/Device/SiliconLabs/EFR32MG24/Source/system_efr32mg24.o
                0x08000f2c                SystemHFXOClockGet
 .text.SystemHFXOClockSet
                0x08000f38       0x2c ./gecko_sdk_4.3.1/platform/Device/SiliconLabs/EFR32MG24/Source/system_efr32mg24.o
                0x08000f38                SystemHFXOClockSet
 .text.SystemFSRCOClockGet
                0x08000f64        0xc ./gecko_sdk_4.3.1/platform/Device/SiliconLabs/EFR32MG24/Source/system_efr32mg24.o
                0x08000f64                SystemFSRCOClockGet
 .text.SystemHFRCOEM23ClockGet
                0x08000f70       0xe0 ./gecko_sdk_4.3.1/platform/Device/SiliconLabs/EFR32MG24/Source/system_efr32mg24.o
                0x08000f70                SystemHFRCOEM23ClockGet
 .text.SystemLFXOClockGet
                0x08001050        0xc ./gecko_sdk_4.3.1/platform/Device/SiliconLabs/EFR32MG24/Source/system_efr32mg24.o
                0x08001050                SystemLFXOClockGet
 .text._sbrk    0x0800105c       0x3c ./gecko_sdk_4.3.1/platform/common/toolchain/src/sl_memory.o
                0x0800105c                _sbrk
 .text.BUS_RegBitWrite
                0x08001098       0x48 ./gecko_sdk_4.3.1/platform/driver/debug/src/sl_debug_swo.o
 .text.GPIO_DbgSWOEnable
                0x080010e0       0x30 ./gecko_sdk_4.3.1/platform/driver/debug/src/sl_debug_swo.o
 .text.sl_debug_swo_init
                0x08001110      0x178 ./gecko_sdk_4.3.1/platform/driver/debug/src/sl_debug_swo.o
                0x08001110                sl_debug_swo_init
 .text.__NVIC_EnableIRQ
                0x08001288       0x34 ./gecko_sdk_4.3.1/platform/emdrv/ustimer/src/ustimer.o
 .text.__NVIC_DisableIRQ
                0x080012bc       0x44 ./gecko_sdk_4.3.1/platform/emdrv/ustimer/src/ustimer.o
 .text.__NVIC_ClearPendingIRQ
                0x08001300       0x38 ./gecko_sdk_4.3.1/platform/emdrv/ustimer/src/ustimer.o
 .text.TIMER_Valid
                0x08001338       0x54 ./gecko_sdk_4.3.1/platform/emdrv/ustimer/src/ustimer.o
 .text.TIMER_MaxCount
                0x0800138c       0xf0 ./gecko_sdk_4.3.1/platform/emdrv/ustimer/src/ustimer.o
 .text.TIMER_Enable
                0x0800147c       0x44 ./gecko_sdk_4.3.1/platform/emdrv/ustimer/src/ustimer.o
 .text.TIMER_TopSet
                0x080014c0       0x48 ./gecko_sdk_4.3.1/platform/emdrv/ustimer/src/ustimer.o
 .text.USTIMER_Init
                0x08001508      0x130 ./gecko_sdk_4.3.1/platform/emdrv/ustimer/src/ustimer.o
                0x08001508                USTIMER_Init
 .text.USTIMER_DeInit
                0x08001638       0x38 ./gecko_sdk_4.3.1/platform/emdrv/ustimer/src/ustimer.o
                0x08001638                USTIMER_DeInit
 .text.USTIMER_DelayIntSafe
                0x08001670       0x9c ./gecko_sdk_4.3.1/platform/emdrv/ustimer/src/ustimer.o
                0x08001670                USTIMER_DelayIntSafe
 .text.TIMER0_IRQHandler
                0x0800170c       0x34 ./gecko_sdk_4.3.1/platform/emdrv/ustimer/src/ustimer.o
                0x0800170c                TIMER0_IRQHandler
 .text.DelayTicksPolled
                0x08001740       0x50 ./gecko_sdk_4.3.1/platform/emdrv/ustimer/src/ustimer.o
 .text.BUS_RegBitWrite
                0x08001790       0x48 ./gecko_sdk_4.3.1/platform/emlib/src/em_cmu.o
 .text.EMU_VScaleWait
                0x080017d8       0x1c ./gecko_sdk_4.3.1/platform/emlib/src/em_cmu.o
 .text.EMU_VScaleGet
                0x080017f4       0x1c ./gecko_sdk_4.3.1/platform/emlib/src/em_cmu.o
 .text.MSC_LockGetLocked
                0x08001810       0x1c ./gecko_sdk_4.3.1/platform/emlib/src/em_cmu.o
 .text.MSC_LockSetLocked
                0x0800182c       0x10 ./gecko_sdk_4.3.1/platform/emlib/src/em_cmu.o
 .text.MSC_LockSetUnlocked
                0x0800183c       0x10 ./gecko_sdk_4.3.1/platform/emlib/src/em_cmu.o
 .text.MSC_ReadCTRLGet
                0x0800184c        0xc ./gecko_sdk_4.3.1/platform/emlib/src/em_cmu.o
 .text.MSC_ReadCTRLSet
                0x08001858       0x14 ./gecko_sdk_4.3.1/platform/emlib/src/em_cmu.o
 .text.CMU_ClockDivGet
                0x0800186c       0xec ./gecko_sdk_4.3.1/platform/emlib/src/em_cmu.o
                0x0800186c                CMU_ClockDivGet
 .text.CMU_ClockDivSet
                0x08001958      0x1b0 ./gecko_sdk_4.3.1/platform/emlib/src/em_cmu.o
                0x08001958                CMU_ClockDivSet
 .text.CMU_ClockEnable
                0x08001b08       0x74 ./gecko_sdk_4.3.1/platform/emlib/src/em_cmu.o
                0x08001b08                CMU_ClockEnable
 .text.CMU_ClockFreqGet
                0x08001b7c      0x6a8 ./gecko_sdk_4.3.1/platform/emlib/src/em_cmu.o
                0x08001b7c                CMU_ClockFreqGet
 .text.CMU_ClockSelectGet
                0x08002224      0x3e4 ./gecko_sdk_4.3.1/platform/emlib/src/em_cmu.o
                0x08002224                CMU_ClockSelectGet
 .text.CMU_HFRCODPLLBandSet
                0x08002608      0x178 ./gecko_sdk_4.3.1/platform/emlib/src/em_cmu.o
                0x08002608                CMU_HFRCODPLLBandSet
 .text.CMU_HFXOInit
                0x08002780      0x310 ./gecko_sdk_4.3.1/platform/emlib/src/em_cmu.o
                0x08002780                CMU_HFXOInit
 .text.CMU_HFXOCTuneDeltaGet
                0x08002a90       0x10 ./gecko_sdk_4.3.1/platform/emlib/src/em_cmu.o
                0x08002a90                CMU_HFXOCTuneDeltaGet
 .text.CMU_LFXOInit
                0x08002aa0      0x120 ./gecko_sdk_4.3.1/platform/emlib/src/em_cmu.o
                0x08002aa0                CMU_LFXOInit
 .text.CMU_LFXOPrecisionSet
                0x08002bc0       0x1c ./gecko_sdk_4.3.1/platform/emlib/src/em_cmu.o
                0x08002bc0                CMU_LFXOPrecisionSet
 .text.CMU_HFXOPrecisionSet
                0x08002bdc       0x1c ./gecko_sdk_4.3.1/platform/emlib/src/em_cmu.o
                0x08002bdc                CMU_HFXOPrecisionSet
 .text.eusart0ClkGet
                0x08002bf8       0xac ./gecko_sdk_4.3.1/platform/emlib/src/em_cmu.o
 .text.em01GrpcClkGet
                0x08002ca4       0xbc ./gecko_sdk_4.3.1/platform/emlib/src/em_cmu.o
 .text.vdac0ClkGet
                0x08002d60       0xa8 ./gecko_sdk_4.3.1/platform/emlib/src/em_cmu.o
 .text.vdac1ClkGet
                0x08002e08       0xa8 ./gecko_sdk_4.3.1/platform/emlib/src/em_cmu.o
 .text.pcnt0ClkGet
                0x08002eb0       0x74 ./gecko_sdk_4.3.1/platform/emlib/src/em_cmu.o
 .text.rhclkPrescMax
                0x08002f24       0x18 ./gecko_sdk_4.3.1/platform/emlib/src/em_cmu.o
 .text.rhclkPrescOptimize
                0x08002f3c       0x2c ./gecko_sdk_4.3.1/platform/emlib/src/em_cmu.o
 .text.traceClkGet
                0x08002f68       0x84 ./gecko_sdk_4.3.1/platform/emlib/src/em_cmu.o
 .text.dpllRefClkGet
                0x08002fec       0x94 ./gecko_sdk_4.3.1/platform/emlib/src/em_cmu.o
 .text.em01GrpaClkGet
                0x08003080       0xc4 ./gecko_sdk_4.3.1/platform/emlib/src/em_cmu.o
 .text.em23GrpaClkGet
                0x08003144       0x94 ./gecko_sdk_4.3.1/platform/emlib/src/em_cmu.o
 .text.em4GrpaClkGet
                0x080031d8       0x94 ./gecko_sdk_4.3.1/platform/emlib/src/em_cmu.o
 .text.getWaitStatesByFrequencyAndVScale
                0x0800326c       0x54 ./gecko_sdk_4.3.1/platform/emlib/src/em_cmu.o
 .text.flashWaitStateControl
                0x080032c0       0x70 ./gecko_sdk_4.3.1/platform/emlib/src/em_cmu.o
 .text.HFRCODPLLDevinfoGet
                0x08003330      0x1bc ./gecko_sdk_4.3.1/platform/emlib/src/em_cmu.o
 .text.iadcClkGet
                0x080034ec       0x8c ./gecko_sdk_4.3.1/platform/emlib/src/em_cmu.o
 .text.pclkDivOptimize
                0x08003578       0x34 ./gecko_sdk_4.3.1/platform/emlib/src/em_cmu.o
 .text.sysrtcClkGet
                0x080035ac       0x94 ./gecko_sdk_4.3.1/platform/emlib/src/em_cmu.o
 .text.wdog0ClkGet
                0x08003640       0xa8 ./gecko_sdk_4.3.1/platform/emlib/src/em_cmu.o
 .text.wdog1ClkGet
                0x080036e8       0xa8 ./gecko_sdk_4.3.1/platform/emlib/src/em_cmu.o
 .text.sysTickClkGet
                0x08003790       0x58 ./gecko_sdk_4.3.1/platform/emlib/src/em_cmu.o
 .text.EMU_DCDCLock
                0x080037e8       0x14 ./gecko_sdk_4.3.1/platform/emlib/src/em_emu.o
 .text.EMU_DCDCUnlock
                0x080037fc       0x10 ./gecko_sdk_4.3.1/platform/emlib/src/em_emu.o
 .text.EMU_DCDCSync
                0x0800380c       0x20 ./gecko_sdk_4.3.1/platform/emlib/src/em_emu.o
 .text.EMU_VScaleWait
                0x0800382c       0x1c ./gecko_sdk_4.3.1/platform/emlib/src/em_emu.o
 .text.EMU_VScaleGet
                0x08003848       0x1c ./gecko_sdk_4.3.1/platform/emlib/src/em_emu.o
 .text.EMU_Unlock
                0x08003864       0x10 ./gecko_sdk_4.3.1/platform/emlib/src/em_emu.o
 .text.EMU_EnterEM2
                0x08003874       0x48 ./gecko_sdk_4.3.1/platform/emlib/src/em_emu.o
                0x08003874                EMU_EnterEM2
 .text.EMU_EM4Init
                0x080038bc       0x24 ./gecko_sdk_4.3.1/platform/emlib/src/em_emu.o
                0x080038bc                EMU_EM4Init
 .text.EMU_EnterEM4
                0x080038e0       0xa4 ./gecko_sdk_4.3.1/platform/emlib/src/em_emu.o
                0x080038e0                EMU_EnterEM4
 .text.EMU_VScaleEM01ByClock
                0x08003984       0x5c ./gecko_sdk_4.3.1/platform/emlib/src/em_emu.o
                0x08003984                EMU_VScaleEM01ByClock
 .text.EMU_VScaleEM01
                0x080039e0       0xdc ./gecko_sdk_4.3.1/platform/emlib/src/em_emu.o
                0x080039e0                EMU_VScaleEM01
 .text.EMU_DCDCModeSet
                0x08003abc      0x120 ./gecko_sdk_4.3.1/platform/emlib/src/em_emu.o
                0x08003abc                EMU_DCDCModeSet
 .text.EMU_DCDCInit
                0x08003bdc       0xa8 ./gecko_sdk_4.3.1/platform/emlib/src/em_emu.o
                0x08003bdc                EMU_DCDCInit
 .text.EMU_DCDCSetPFMXModePeakCurrent
                0x08003c84       0xb4 ./gecko_sdk_4.3.1/platform/emlib/src/em_emu.o
                0x08003c84                EMU_DCDCSetPFMXModePeakCurrent
 .text.GPIO_PinOutClear
                0x08003d38       0x84 ./gecko_sdk_4.3.1/platform/emlib/src/em_gpio.o
 .text.GPIO_PinOutSet
                0x08003dbc       0x84 ./gecko_sdk_4.3.1/platform/emlib/src/em_gpio.o
 .text.GPIO_PinModeSet
                0x08003e40      0x124 ./gecko_sdk_4.3.1/platform/emlib/src/em_gpio.o
                0x08003e40                GPIO_PinModeSet
 .text.IADC_disable
                0x08003f64       0x38 ./gecko_sdk_4.3.1/platform/emlib/src/em_iadc.o
 .text.IADC_init
                0x08003f9c      0x9bc ./gecko_sdk_4.3.1/platform/emlib/src/em_iadc.o
                0x08003f9c                IADC_init
 .text.IADC_initSingle
                0x08004958       0xc4 ./gecko_sdk_4.3.1/platform/emlib/src/em_iadc.o
                0x08004958                IADC_initSingle
 .text.IADC_updateSingleInput
                0x08004a1c       0x8c ./gecko_sdk_4.3.1/platform/emlib/src/em_iadc.o
                0x08004a1c                IADC_updateSingleInput
 .text.IADC_reset
                0x08004aa8      0x16c ./gecko_sdk_4.3.1/platform/emlib/src/em_iadc.o
                0x08004aa8                IADC_reset
 .text.IADC_calcTimebase
                0x08004c14       0xa0 ./gecko_sdk_4.3.1/platform/emlib/src/em_iadc.o
                0x08004c14                IADC_calcTimebase
 .text.IADC_calcSrcClkPrescale
                0x08004cb4       0x8c ./gecko_sdk_4.3.1/platform/emlib/src/em_iadc.o
                0x08004cb4                IADC_calcSrcClkPrescale
 .text.IADC_calcAdcClkPrescale
                0x08004d40       0xc4 ./gecko_sdk_4.3.1/platform/emlib/src/em_iadc.o
                0x08004d40                IADC_calcAdcClkPrescale
 .text.IADC_getReferenceVoltage
                0x08004e04       0x7c ./gecko_sdk_4.3.1/platform/emlib/src/em_iadc.o
                0x08004e04                IADC_getReferenceVoltage
 .text.LETIMER_Enable
                0x08004e80       0x48 ./gecko_sdk_4.3.1/platform/emlib/src/em_letimer.o
                0x08004e80                LETIMER_Enable
 .text.LETIMER_Init
                0x08004ec8      0x118 ./gecko_sdk_4.3.1/platform/emlib/src/em_letimer.o
                0x08004ec8                LETIMER_Init
 .text.SYSCFG_readChipRev
                0x08004fe0        0xc ./gecko_sdk_4.3.1/platform/emlib/src/em_system.o
 .text.SYSTEM_ChipRevisionGet
                0x08004fec       0x50 ./gecko_sdk_4.3.1/platform/emlib/src/em_system.o
                0x08004fec                SYSTEM_ChipRevisionGet
 .text.TIMER_Valid
                0x0800503c       0x54 ./gecko_sdk_4.3.1/platform/emlib/src/em_timer.o
 .text.timerPrsConfig
                0x08005090       0xc0 ./gecko_sdk_4.3.1/platform/emlib/src/em_timer.o
 .text.TIMER_Init
                0x08005150      0x130 ./gecko_sdk_4.3.1/platform/emlib/src/em_timer.o
                0x08005150                TIMER_Init
 .text.TIMER_InitCC
                0x08005280      0x148 ./gecko_sdk_4.3.1/platform/emlib/src/em_timer.o
                0x08005280                TIMER_InitCC
 .text.prsRxInput
                0x080053c8       0x38 ./gecko_sdk_4.3.1/platform/emlib/src/em_usart.o
 .text.USART_BaudrateAsyncSet
                0x08005400      0x14c ./gecko_sdk_4.3.1/platform/emlib/src/em_usart.o
                0x08005400                USART_BaudrateAsyncSet
 .text.USART_BaudrateSyncSet
                0x0800554c       0x68 ./gecko_sdk_4.3.1/platform/emlib/src/em_usart.o
                0x0800554c                USART_BaudrateSyncSet
 .text.USART_InitAsync
                0x080055b4      0x134 ./gecko_sdk_4.3.1/platform/emlib/src/em_usart.o
                0x080055b4                USART_InitAsync
 .text.USART_InitSync
                0x080056e8      0x108 ./gecko_sdk_4.3.1/platform/emlib/src/em_usart.o
                0x080056e8                USART_InitSync
 .text.USART_Reset
                0x080057f0       0xa0 ./gecko_sdk_4.3.1/platform/emlib/src/em_usart.o
                0x080057f0                USART_Reset
 .text.sl_device_init_dcdc
                0x08005890       0x34 ./gecko_sdk_4.3.1/platform/service/device_init/src/sl_device_init_dcdc_s2.o
                0x08005890                sl_device_init_dcdc
 .text.sl_device_init_emu
                0x080058c4       0x34 ./gecko_sdk_4.3.1/platform/service/device_init/src/sl_device_init_emu_s2.o
                0x080058c4                sl_device_init_emu
 .text.sl_device_init_hfrco
                0x080058f8       0x14 ./gecko_sdk_4.3.1/platform/service/device_init/src/sl_device_init_hfrco.o
                0x080058f8                sl_device_init_hfrco
 .text.sl_device_init_hfxo
                0x0800590c       0xcc ./gecko_sdk_4.3.1/platform/service/device_init/src/sl_device_init_hfxo_s2.o
                0x0800590c                sl_device_init_hfxo
 .text.sl_device_init_lfxo
                0x080059d8       0x3c ./gecko_sdk_4.3.1/platform/service/device_init/src/sl_device_init_lfxo_s2.o
                0x080059d8                sl_device_init_lfxo
 .text.__NVIC_SetPriority
                0x08005a14       0x50 ./gecko_sdk_4.3.1/platform/service/device_init/src/sl_device_init_nvic.o
 .text.sl_udelay_wait
                0x08005a64       0x80 ./gecko_sdk_4.3.1/platform/service/udelay/src/sl_udelay.o
                0x08005a64                sl_udelay_wait
 .text          0x08005ae4      0x378 c:/siliconlabs/simplicitystudio/v5/developer/toolchains/gnu_arm/10.3_2021.10/bin/../lib/gcc/arm-none-eabi/10.3.1/thumb/v8-m.main+fp/hard\libgcc.a(_arm_addsubdf3.o)
                0x08005ae4                __aeabi_drsub
                0x08005aec                __aeabi_dsub
                0x08005aec                __subdf3
                0x08005af0                __aeabi_dadd
                0x08005af0                __adddf3
                0x08005d68                __floatunsidf
                0x08005d68                __aeabi_ui2d
                0x08005d88                __floatsidf
                0x08005d88                __aeabi_i2d
                0x08005dac                __aeabi_f2d
                0x08005dac                __extendsfdf2
                0x08005df0                __floatundidf
                0x08005df0                __aeabi_ul2d
                0x08005e00                __floatdidf
                0x08005e00                __aeabi_l2d
 .text          0x08005e5c      0x424 c:/siliconlabs/simplicitystudio/v5/developer/toolchains/gnu_arm/10.3_2021.10/bin/../lib/gcc/arm-none-eabi/10.3.1/thumb/v8-m.main+fp/hard\libgcc.a(_arm_muldivdf3.o)
                0x08005e5c                __aeabi_dmul
                0x08005e5c                __muldf3
                0x080060b0                __divdf3
                0x080060b0                __aeabi_ddiv
 .text          0x08006280       0x40 c:/siliconlabs/simplicitystudio/v5/developer/toolchains/gnu_arm/10.3_2021.10/bin/../lib/gcc/arm-none-eabi/10.3.1/thumb/v8-m.main+fp/hard\libgcc.a(_arm_fixunsdfsi.o)
                0x08006280                __aeabi_d2uiz
                0x08006280                __fixunsdfsi
 .text          0x080062c0       0xa0 c:/siliconlabs/simplicitystudio/v5/developer/toolchains/gnu_arm/10.3_2021.10/bin/../lib/gcc/arm-none-eabi/10.3.1/thumb/v8-m.main+fp/hard\libgcc.a(_arm_truncdfsf2.o)
                0x080062c0                __truncdfsf2
                0x080062c0                __aeabi_d2f
 .text          0x08006360       0x30 c:/siliconlabs/simplicitystudio/v5/developer/toolchains/gnu_arm/10.3_2021.10/bin/../lib/gcc/arm-none-eabi/10.3.1/thumb/v8-m.main+fp/hard\libgcc.a(_aeabi_uldivmod.o)
                0x08006360                __aeabi_uldivmod
 .text          0x08006390      0x2ec c:/siliconlabs/simplicitystudio/v5/developer/toolchains/gnu_arm/10.3_2021.10/bin/../lib/gcc/arm-none-eabi/10.3.1/thumb/v8-m.main+fp/hard\libgcc.a(_udivmoddi4.o)
                0x08006390                __udivmoddi4
 .text          0x0800667c        0x4 c:/siliconlabs/simplicitystudio/v5/developer/toolchains/gnu_arm/10.3_2021.10/bin/../lib/gcc/arm-none-eabi/10.3.1/thumb/v8-m.main+fp/hard\libgcc.a(_dvmd_tls.o)
                0x0800667c                __aeabi_idiv0
                0x0800667c                __aeabi_ldiv0
 .text.exit     0x08006680       0x28 c:/siliconlabs/simplicitystudio/v5/developer/toolchains/gnu_arm/10.3_2021.10/bin/../lib/gcc/arm-none-eabi/10.3.1/../../../../arm-none-eabi/lib/thumb/v8-m.main+fp/hard\libc_nano.a(lib_a-exit.o)
                0x08006680                exit
 .text.__libc_init_array
                0x080066a8       0x48 c:/siliconlabs/simplicitystudio/v5/developer/toolchains/gnu_arm/10.3_2021.10/bin/../lib/gcc/arm-none-eabi/10.3.1/../../../../arm-none-eabi/lib/thumb/v8-m.main+fp/hard\libc_nano.a(lib_a-init.o)
                0x080066a8                __libc_init_array
 .text.snprintf
                0x080066f0       0x68 c:/siliconlabs/simplicitystudio/v5/developer/toolchains/gnu_arm/10.3_2021.10/bin/../lib/gcc/arm-none-eabi/10.3.1/../../../../arm-none-eabi/lib/thumb/v8-m.main+fp/hard\libc_nano.a(lib_a-snprintf.o)
                0x080066f0                sniprintf
                0x080066f0                snprintf
 .text._svfprintf_r
                0x08006758      0x200 c:/siliconlabs/simplicitystudio/v5/developer/toolchains/gnu_arm/10.3_2021.10/bin/../lib/gcc/arm-none-eabi/10.3.1/../../../../arm-none-eabi/lib/thumb/v8-m.main+fp/hard\libc_nano.a(lib_a-nano-svfprintf.o)
                0x08006758                _svfiprintf_r
                0x08006758                _svfprintf_r
 .text._printf_i
                0x08006958      0x24c c:/siliconlabs/simplicitystudio/v5/developer/toolchains/gnu_arm/10.3_2021.10/bin/../lib/gcc/arm-none-eabi/10.3.1/../../../../arm-none-eabi/lib/thumb/v8-m.main+fp/hard\libc_nano.a(lib_a-nano-vfprintf_i.o)
                0x08006958                _printf_i
 .text._free_r  0x08006ba4       0x98 c:/siliconlabs/simplicitystudio/v5/developer/toolchains/gnu_arm/10.3_2021.10/bin/../lib/gcc/arm-none-eabi/10.3.1/../../../../arm-none-eabi/lib/thumb/v8-m.main+fp/hard\libc_nano.a(lib_a-nano-freer.o)
                0x08006ba4                _free_r
 .text.sbrk_aligned
                0x08006c3c       0x40 c:/siliconlabs/simplicitystudio/v5/developer/toolchains/gnu_arm/10.3_2021.10/bin/../lib/gcc/arm-none-eabi/10.3.1/../../../../arm-none-eabi/lib/thumb/v8-m.main+fp/hard\libc_nano.a(lib_a-nano-mallocr.o)
 .text._malloc_r
                0x08006c7c       0xe8 c:/siliconlabs/simplicitystudio/v5/developer/toolchains/gnu_arm/10.3_2021.10/bin/../lib/gcc/arm-none-eabi/10.3.1/../../../../arm-none-eabi/lib/thumb/v8-m.main+fp/hard\libc_nano.a(lib_a-nano-mallocr.o)
                0x08006c7c                _malloc_r
 .text._sbrk_r  0x08006d64       0x20 c:/siliconlabs/simplicitystudio/v5/developer/toolchains/gnu_arm/10.3_2021.10/bin/../lib/gcc/arm-none-eabi/10.3.1/../../../../arm-none-eabi/lib/thumb/v8-m.main+fp/hard\libc_nano.a(lib_a-sbrkr.o)
                0x08006d64                _sbrk_r
 .text.__malloc_lock
                0x08006d84        0xc c:/siliconlabs/simplicitystudio/v5/developer/toolchains/gnu_arm/10.3_2021.10/bin/../lib/gcc/arm-none-eabi/10.3.1/../../../../arm-none-eabi/lib/thumb/v8-m.main+fp/hard\libc_nano.a(lib_a-mlock.o)
                0x08006d84                __malloc_lock
 .text.__malloc_unlock
                0x08006d90        0xc c:/siliconlabs/simplicitystudio/v5/developer/toolchains/gnu_arm/10.3_2021.10/bin/../lib/gcc/arm-none-eabi/10.3.1/../../../../arm-none-eabi/lib/thumb/v8-m.main+fp/hard\libc_nano.a(lib_a-mlock.o)
                0x08006d90                __malloc_unlock
 .text._exit    0x08006d9c        0x4 c:/siliconlabs/simplicitystudio/v5/developer/toolchains/gnu_arm/10.3_2021.10/bin/../lib/gcc/arm-none-eabi/10.3.1/../../../../arm-none-eabi/lib/thumb/v8-m.main+fp/hard\libnosys.a(_exit.o)
                0x08006d9c                _exit
 .text.BUS_RegBitRead
                0x08006da0       0x1a ./DHT22.o
 .text.DHT_Start
                0x08006dba       0x3c ./DHT22.o
                0x08006dba                DHT_Start
 .text.DHT_Check_Response
                0x08006df6       0x5c ./DHT22.o
                0x08006df6                DHT_Check_Response
 .text.DHT_Read
                0x08006e52       0x9c ./DHT22.o
                0x08006e52                DHT_Read
 .text.LETIMER_IntClear
                0x08006eee       0x18 ./Letimer.o
 .text.LETIMER_IntEnable
                0x08006f06       0x18 ./Letimer.o
 .text.LETIMER_IntGet
                0x08006f1e        0xe ./Letimer.o
 .text.letimer0Init
                0x08006f2c       0x6c ./Letimer.o
                0x08006f2c                letimer0Init
 .text.letimer0Enable
                0x08006f98       0x2a ./Letimer.o
                0x08006f98                letimer0Enable
 .text.batteryLevel
                0x08006fc2       0x32 ./Letimer.o
                0x08006fc2                batteryLevel
 .text.BUS_RegBitRead
                0x08006ff4       0x1a ./app.o
 .text.app_init
                0x0800700e       0x56 ./app.o
                0x0800700e                app_init
 .text.app_process_action
                0x08007064        0x4 ./app.o
                0x08007064                app_process_action
 .text.IADC_command
                0x08007068       0x12 ./iadc.o
 .text.main     0x0800707a       0x16 ./main.o
                0x0800707a                main
 .text.calculateLrc
                0x08007090       0x3c ./uart.o
                0x08007090                calculateLrc
 .text.sl_board_default_init
                0x080070cc        0xa ./autogen/sl_board_default_init.o
                0x080070cc                sl_board_default_init
 .text.CHIP_Init
                0x080070d6        0x4 ./autogen/sl_event_handler.o
 .text.sl_platform_init
                0x080070da       0x2e ./autogen/sl_event_handler.o
                0x080070da                sl_platform_init
 .text.sl_driver_init
                0x08007108        0xe ./autogen/sl_event_handler.o
                0x08007108                sl_driver_init
 .text.sl_service_init
                0x08007116        0xa ./autogen/sl_event_handler.o
                0x08007116                sl_service_init
 .text.sl_stack_init
                0x08007120        0x4 ./autogen/sl_event_handler.o
                0x08007120                sl_stack_init
 .text.sl_internal_app_init
                0x08007124        0x4 ./autogen/sl_event_handler.o
                0x08007124                sl_internal_app_init
 .text.sl_board_configure_vcom
                0x08007128        0x6 ./gecko_sdk_4.3.1/hardware/board/src/sl_board_control_gpio.o
                0x08007128                sl_board_configure_vcom
 .text.sl_board_disable_vcom
                0x0800712e       0x14 ./gecko_sdk_4.3.1/hardware/board/src/sl_board_control_gpio.o
                0x0800712e                sl_board_disable_vcom
 .text.sl_board_init
                0x08007142       0x16 ./gecko_sdk_4.3.1/hardware/board/src/sl_board_init.o
                0x08007142                sl_board_init
 .text.sl_board_preinit
                0x08007158        0xe ./gecko_sdk_4.3.1/hardware/board/src/sl_board_init.o
                0x08007158                sl_board_preinit
 .text.sl_cos_send_config
                0x08007166       0x12 ./gecko_sdk_4.3.1/hardware/driver/configuration_over_swo/src/sl_cos.o
                0x08007166                sl_cos_send_config
 .text.cs_low   0x08007178        0xe ./gecko_sdk_4.3.1/hardware/driver/mx25_flash_shutdown/src/sl_mx25_flash_shutdown_usart/sl_mx25_flash_shutdown.o
 .text.cs_high  0x08007186        0xe ./gecko_sdk_4.3.1/hardware/driver/mx25_flash_shutdown/src/sl_mx25_flash_shutdown_usart/sl_mx25_flash_shutdown.o
 .text.Default_Handler
                0x08007194        0x2 ./gecko_sdk_4.3.1/platform/Device/SiliconLabs/EFR32MG24/Source/startup_efr32mg24.o
                0x08007194                ULFRCO_IRQHandler
                0x08007194                AHB2AHB1_IRQHandler
                0x08007194                SW2_IRQHandler
                0x08007194                TIMER2_IRQHandler
                0x08007194                DebugMon_Handler
                0x08007194                USART0_TX_IRQHandler
                0x08007194                IADC_IRQHandler
                0x08007194                EUSART0_TX_IRQHandler
                0x08007194                I2C0_IRQHandler
                0x08007194                LFXO_IRQHandler
                0x08007194                HardFault_Handler
                0x08007194                SMU_SECURE_IRQHandler
                0x08007194                SysTick_Handler
                0x08007194                SYSRTC_SEQ_IRQHandler
                0x08007194                EMUEFP_IRQHandler
                0x08007194                PendSV_Handler
                0x08007194                NMI_Handler
                0x08007194                SYNTH_IRQHandler
                0x08007194                HOSTMAILBOX_IRQHandler
                0x08007194                HFXO0_IRQHandler
                0x08007194                I2C1_IRQHandler
                0x08007194                WDOG0_IRQHandler
                0x08007194                TIMER3_IRQHandler
                0x08007194                SYSCFG_IRQHandler
                0x08007194                RFECA1_IRQHandler
                0x08007194                EMUDG_IRQHandler
                0x08007194                MSC_IRQHandler
                0x08007194                DPLL0_IRQHandler
                0x08007194                UsageFault_Handler
                0x08007194                WDOG1_IRQHandler
                0x08007194                M33CTI1_IRQHandler
                0x08007194                TIMER4_IRQHandler
                0x08007194                GPIO_EVEN_IRQHandler
                0x08007194                VDAC0_IRQHandler
                0x08007194                LDMA_IRQHandler
                0x08007194                SEMBTX_IRQHandler
                0x08007194                SW0_IRQHandler
                0x08007194                MVP_IRQHandler
                0x08007194                EUSART1_RX_IRQHandler
                0x08007194                TIMER1_IRQHandler
                0x08007194                HFRCO0_IRQHandler
                0x08007194                SecureFault_Handler
                0x08007194                BUFC_IRQHandler
                0x08007194                DCDC_IRQHandler
                0x08007194                MODEM_IRQHandler
                0x08007194                Default_Handler
                0x08007194                RAC_SEQ_IRQHandler
                0x08007194                FRC_PRI_IRQHandler
                0x08007194                SW3_IRQHandler
                0x08007194                EMU_IRQHandler
                0x08007194                KERNEL0_IRQHandler
                0x08007194                FRC_IRQHandler
                0x08007194                PCNT0_IRQHandler
                0x08007194                KERNEL1_IRQHandler
                0x08007194                AGC_IRQHandler
                0x08007194                EUSART1_TX_IRQHandler
                0x08007194                KEYSCAN_IRQHandler
                0x08007194                HFRCOEM23_IRQHandler
                0x08007194                sl_app_properties
                0x08007194                BURTC_IRQHandler
                0x08007194                SEMBRX_IRQHandler
                0x08007194                RFECA0_IRQHandler
                0x08007194                LFRCO_IRQHandler
                0x08007194                VDAC1_IRQHandler
                0x08007194                ACMP0_IRQHandler
                0x08007194                USART0_RX_IRQHandler
                0x08007194                MemManage_Handler
                0x08007194                AHB2AHB0_IRQHandler
                0x08007194                SVC_Handler
                0x08007194                SMU_S_PRIVILEGED_IRQHandler
                0x08007194                SW1_IRQHandler
                0x08007194                CMU_IRQHandler
                0x08007194                EUSART0_RX_IRQHandler
                0x08007194                RAC_RSM_IRQHandler
                0x08007194                SETAMPERHOST_IRQHandler
                0x08007194                GPIO_ODD_IRQHandler
                0x08007194                AES_IRQHandler
                0x08007194                M33CTI0_IRQHandler
                0x08007194                ICACHE0_IRQHandler
                0x08007194                SMU_NS_PRIVILEGED_IRQHandler
                0x08007194                FPUEXH_IRQHandler
                0x08007194                PROTIMER_IRQHandler
                0x08007194                ACMP1_IRQHandler
                0x08007194                BusFault_Handler
                0x08007194                MPAHBRAM_IRQHandler
                0x08007194                SYSRTC_APP_IRQHandler
 .text.SystemCLKIN0Get
                0x08007196        0x6 ./gecko_sdk_4.3.1/platform/Device/SiliconLabs/EFR32MG24/Source/system_efr32mg24.o
                0x08007196                SystemCLKIN0Get
 .text.SystemLFRCOClockGet
                0x0800719c        0x8 ./gecko_sdk_4.3.1/platform/Device/SiliconLabs/EFR32MG24/Source/system_efr32mg24.o
                0x0800719c                SystemLFRCOClockGet
 .text.SystemULFRCOClockGet
                0x080071a4        0x8 ./gecko_sdk_4.3.1/platform/Device/SiliconLabs/EFR32MG24/Source/system_efr32mg24.o
                0x080071a4                SystemULFRCOClockGet
 .text.assertEFM
                0x080071ac        0x8 ./gecko_sdk_4.3.1/platform/common/src/sl_assert.o
                0x080071ac                assertEFM
 .text.sl_debug_swo_enable_itm
                0x080071b4       0x26 ./gecko_sdk_4.3.1/platform/driver/debug/src/sl_debug_swo.o
                0x080071b4                sl_debug_swo_enable_itm
 .text.sl_debug_swo_disable_itm
                0x080071da       0x28 ./gecko_sdk_4.3.1/platform/driver/debug/src/sl_debug_swo.o
                0x080071da                sl_debug_swo_disable_itm
 .text.TIMER_CounterGet
                0x08007202        0xe ./gecko_sdk_4.3.1/platform/emdrv/ustimer/src/ustimer.o
 .text.TIMER_IntClear
                0x08007210       0x18 ./gecko_sdk_4.3.1/platform/emdrv/ustimer/src/ustimer.o
 .text.TIMER_IntDisable
                0x08007228       0x1a ./gecko_sdk_4.3.1/platform/emdrv/ustimer/src/ustimer.o
 .text.TIMER_IntGet
                0x08007242        0xe ./gecko_sdk_4.3.1/platform/emdrv/ustimer/src/ustimer.o
 .text.SystemCoreClockGet
                0x08007250        0xc ./gecko_sdk_4.3.1/platform/emlib/src/em_cmu.o
 .text.BUS_RegBitRead
                0x0800725c       0x1a ./gecko_sdk_4.3.1/platform/emlib/src/em_cmu.o
 .text.BUS_RegMaskedWrite
                0x08007276       0x34 ./gecko_sdk_4.3.1/platform/emlib/src/em_cmu.o
 .text.sli_em_cmu_SYSCLKInitPreClockSelect
                0x080072aa       0x1a ./gecko_sdk_4.3.1/platform/emlib/src/em_cmu.o
                0x080072aa                sli_em_cmu_SYSCLKInitPreClockSelect
 .text.sli_em_cmu_SYSCLKInitPostClockSelect
                0x080072c4       0x2e ./gecko_sdk_4.3.1/platform/emlib/src/em_cmu.o
                0x080072c4                sli_em_cmu_SYSCLKInitPostClockSelect
 .text.CMU_UpdateWaitStates
                0x080072f2       0x28 ./gecko_sdk_4.3.1/platform/emlib/src/em_cmu.o
                0x080072f2                CMU_UpdateWaitStates
 .text.pclkDivMax
                0x0800731a       0x10 ./gecko_sdk_4.3.1/platform/emlib/src/em_cmu.o
 .text.waitStateMax
                0x0800732a       0x14 ./gecko_sdk_4.3.1/platform/emlib/src/em_cmu.o
 .text.CORE_EnterCritical
                0x0800733e       0x18 ./gecko_sdk_4.3.1/platform/emlib/src/em_core.o
                0x0800733e                CORE_EnterCritical
 .text.CORE_ExitCritical
                0x08007356       0x14 ./gecko_sdk_4.3.1/platform/emlib/src/em_core.o
                0x08007356                CORE_ExitCritical
 .text.SystemCoreClockUpdate
                0x0800736a        0xa ./gecko_sdk_4.3.1/platform/emlib/src/em_emu.o
 .text.BUS_RegBitRead
                0x08007374       0x1a ./gecko_sdk_4.3.1/platform/emlib/src/em_emu.o
 .text.vScaleEM01Cmd
                0x0800738e       0x1c ./gecko_sdk_4.3.1/platform/emlib/src/em_emu.o
 .text.EMU_EM23PresleepHook
                0x080073aa        0x4 ./gecko_sdk_4.3.1/platform/emlib/src/em_emu.o
                0x080073aa                EMU_EM23PresleepHook
 .text.EMU_EFPEM23PresleepHook
                0x080073ae        0x4 ./gecko_sdk_4.3.1/platform/emlib/src/em_emu.o
                0x080073ae                EMU_EFPEM23PresleepHook
 .text.EMU_EM23PostsleepHook
                0x080073b2        0x4 ./gecko_sdk_4.3.1/platform/emlib/src/em_emu.o
                0x080073b2                EMU_EM23PostsleepHook
 .text.EMU_EFPEM23PostsleepHook
                0x080073b6        0x4 ./gecko_sdk_4.3.1/platform/emlib/src/em_emu.o
                0x080073b6                EMU_EFPEM23PostsleepHook
 .text.EMU_EM4PresleepHook
                0x080073ba        0x4 ./gecko_sdk_4.3.1/platform/emlib/src/em_emu.o
                0x080073ba                EMU_EM4PresleepHook
 .text.EMU_EFPEM4PresleepHook
                0x080073be        0x4 ./gecko_sdk_4.3.1/platform/emlib/src/em_emu.o
                0x080073be                EMU_EFPEM4PresleepHook
 .text.EMU_EFPEM01VScale
                0x080073c2        0xe ./gecko_sdk_4.3.1/platform/emlib/src/em_emu.o
                0x080073c2                EMU_EFPEM01VScale
 .text.EMU_DCDCUpdatedHook
                0x080073d0        0x4 ./gecko_sdk_4.3.1/platform/emlib/src/em_emu.o
                0x080073d0                EMU_DCDCUpdatedHook
 .text.BUS_RegMaskedWrite
                0x080073d4       0x34 ./gecko_sdk_4.3.1/platform/emlib/src/em_gpio.o
 .text.GPIO_DbgLocationSet
                0x08007408        0xa ./gecko_sdk_4.3.1/platform/emlib/src/em_gpio.o
                0x08007408                GPIO_DbgLocationSet
 .text.IADC_pullSingleFifoData
                0x08007412        0xe ./gecko_sdk_4.3.1/platform/emlib/src/em_iadc.o
 .text.IADC_readSingleData
                0x08007420        0xe ./gecko_sdk_4.3.1/platform/emlib/src/em_iadc.o
 .text.IADC_pullScanFifoData
                0x0800742e       0x10 ./gecko_sdk_4.3.1/platform/emlib/src/em_iadc.o
 .text.IADC_readScanData
                0x0800743e       0x10 ./gecko_sdk_4.3.1/platform/emlib/src/em_iadc.o
 .text.IADC_clearInt
                0x0800744e       0x18 ./gecko_sdk_4.3.1/platform/emlib/src/em_iadc.o
 .text.IADC_disableInt
                0x08007466       0x18 ./gecko_sdk_4.3.1/platform/emlib/src/em_iadc.o
 .text.IADC_command
                0x0800747e       0x12 ./gecko_sdk_4.3.1/platform/emlib/src/em_iadc.o
 .text.IADC_enable
                0x08007490       0x16 ./gecko_sdk_4.3.1/platform/emlib/src/em_iadc.o
 .text.IADC_ConvertRawDataToResult
                0x080074a6       0x72 ./gecko_sdk_4.3.1/platform/emlib/src/em_iadc.o
 .text.IADC_readSingleResult
                0x08007518       0x2a ./gecko_sdk_4.3.1/platform/emlib/src/em_iadc.o
                0x08007518                IADC_readSingleResult
 .text.regSync  0x08007542       0x1c ./gecko_sdk_4.3.1/platform/emlib/src/em_letimer.o
 .text.LETIMER_TopSet
                0x0800755e       0x38 ./gecko_sdk_4.3.1/platform/emlib/src/em_letimer.o
                0x0800755e                LETIMER_TopSet
 .text.TIMER_SyncWait
                0x08007596       0x24 ./gecko_sdk_4.3.1/platform/emlib/src/em_timer.o
                0x08007596                TIMER_SyncWait
 .text.USART_Rx
                0x080075ba       0x1e ./gecko_sdk_4.3.1/platform/emlib/src/em_usart.o
                0x080075ba                USART_Rx
 .text.USART_SpiTransfer
                0x080075d8       0x3a ./gecko_sdk_4.3.1/platform/emlib/src/em_usart.o
                0x080075d8                USART_SpiTransfer
 .text.USART_Tx
                0x08007612       0x26 ./gecko_sdk_4.3.1/platform/emlib/src/em_usart.o
                0x08007612                USART_Tx
 .text.sl_device_init_nvic
                0x08007638       0x38 ./gecko_sdk_4.3.1/platform/service/device_init/src/sl_device_init_nvic.o
                0x08007638                sl_device_init_nvic
 .text.sl_system_init
                0x08007670       0x1a ./gecko_sdk_4.3.1/platform/service/system/src/sl_system_init.o
                0x08007670                sl_system_init
 .text.SystemCoreClockGet
                0x0800768a        0xc ./gecko_sdk_4.3.1/platform/service/udelay/src/sl_udelay.o
 .text.memcpy   0x08007696       0x1a c:/siliconlabs/simplicitystudio/v5/developer/toolchains/gnu_arm/10.3_2021.10/bin/../lib/gcc/arm-none-eabi/10.3.1/../../../../arm-none-eabi/lib/thumb/v8-m.main+fp/hard\libc_nano.a(lib_a-memcpy-stub.o)
                0x08007696                memcpy
 .text.memset   0x080076b0       0x10 c:/siliconlabs/simplicitystudio/v5/developer/toolchains/gnu_arm/10.3_2021.10/bin/../lib/gcc/arm-none-eabi/10.3.1/../../../../arm-none-eabi/lib/thumb/v8-m.main+fp/hard\libc_nano.a(lib_a-memset.o)
                0x080076b0                memset
 .text.__ssputs_r
                0x080076c0       0xb6 c:/siliconlabs/simplicitystudio/v5/developer/toolchains/gnu_arm/10.3_2021.10/bin/../lib/gcc/arm-none-eabi/10.3.1/../../../../arm-none-eabi/lib/thumb/v8-m.main+fp/hard\libc_nano.a(lib_a-nano-svfprintf.o)
                0x080076c0                __ssputs_r
 .text._printf_common
                0x08007776       0xe0 c:/siliconlabs/simplicitystudio/v5/developer/toolchains/gnu_arm/10.3_2021.10/bin/../lib/gcc/arm-none-eabi/10.3.1/../../../../arm-none-eabi/lib/thumb/v8-m.main+fp/hard\libc_nano.a(lib_a-nano-vfprintf_i.o)
                0x08007776                _printf_common
 .text.memchr   0x08007856       0x1c c:/siliconlabs/simplicitystudio/v5/developer/toolchains/gnu_arm/10.3_2021.10/bin/../lib/gcc/arm-none-eabi/10.3.1/../../../../arm-none-eabi/lib/thumb/v8-m.main+fp/hard\libc_nano.a(lib_a-memchr-stub.o)
                0x08007856                memchr
 .text.memmove  0x08007872       0x34 c:/siliconlabs/simplicitystudio/v5/developer/toolchains/gnu_arm/10.3_2021.10/bin/../lib/gcc/arm-none-eabi/10.3.1/../../../../arm-none-eabi/lib/thumb/v8-m.main+fp/hard\libc_nano.a(lib_a-memmove.o)
                0x08007872                memmove
 .text._realloc_r
                0x080078a6       0x5e c:/siliconlabs/simplicitystudio/v5/developer/toolchains/gnu_arm/10.3_2021.10/bin/../lib/gcc/arm-none-eabi/10.3.1/../../../../arm-none-eabi/lib/thumb/v8-m.main+fp/hard\libc_nano.a(lib_a-nano-reallocr.o)
                0x080078a6                _realloc_r
 .text._malloc_usable_size_r
                0x08007904       0x10 c:/siliconlabs/simplicitystudio/v5/developer/toolchains/gnu_arm/10.3_2021.10/bin/../lib/gcc/arm-none-eabi/10.3.1/../../../../arm-none-eabi/lib/thumb/v8-m.main+fp/hard\libc_nano.a(lib_a-nano-msizer.o)
                0x08007904                _malloc_usable_size_r
 .text.__retarget_lock_acquire_recursive
                0x08007914        0x2 c:/siliconlabs/simplicitystudio/v5/developer/toolchains/gnu_arm/10.3_2021.10/bin/../lib/gcc/arm-none-eabi/10.3.1/../../../../arm-none-eabi/lib/thumb/v8-m.main+fp/hard\libc_nano.a(lib_a-lock.o)
                0x08007914                __retarget_lock_acquire_recursive
 .text.__retarget_lock_release_recursive
                0x08007916        0x2 c:/siliconlabs/simplicitystudio/v5/developer/toolchains/gnu_arm/10.3_2021.10/bin/../lib/gcc/arm-none-eabi/10.3.1/../../../../arm-none-eabi/lib/thumb/v8-m.main+fp/hard\libc_nano.a(lib_a-lock.o)
                0x08007916                __retarget_lock_release_recursive
                0x08007918                linker_code_end = .
 *(.init)
 .init          0x08007918        0x4 c:/siliconlabs/simplicitystudio/v5/developer/toolchains/gnu_arm/10.3_2021.10/bin/../lib/gcc/arm-none-eabi/10.3.1/thumb/v8-m.main+fp/hard/crti.o
                0x08007918                _init
 .init          0x0800791c        0x8 c:/siliconlabs/simplicitystudio/v5/developer/toolchains/gnu_arm/10.3_2021.10/bin/../lib/gcc/arm-none-eabi/10.3.1/thumb/v8-m.main+fp/hard/crtn.o
 *(.fini)
 .fini          0x08007924        0x4 c:/siliconlabs/simplicitystudio/v5/developer/toolchains/gnu_arm/10.3_2021.10/bin/../lib/gcc/arm-none-eabi/10.3.1/thumb/v8-m.main+fp/hard/crti.o
                0x08007924                _fini
 .fini          0x08007928        0x8 c:/siliconlabs/simplicitystudio/v5/developer/toolchains/gnu_arm/10.3_2021.10/bin/../lib/gcc/arm-none-eabi/10.3.1/thumb/v8-m.main+fp/hard/crtn.o
 *crtbegin.o(.ctors)
 *crtbegin?.o(.ctors)
 *(EXCLUDE_FILE(*crtend.o *crtend?.o) .ctors)
 *(SORT_BY_NAME(.ctors.*))
 *(.ctors)
 *crtbegin.o(.dtors)
 *crtbegin?.o(.dtors)
 *(EXCLUDE_FILE(*crtend.o *crtend?.o) .dtors)
 *(SORT_BY_NAME(.dtors.*))
 *(.dtors)
 *(.rodata*)
 .rodata        0x08007930       0x4e ./DHT22.o
 *fill*         0x0800797e        0x2 
 .rodata        0x08007980       0x4e ./app.o
 *fill*         0x080079ce        0x2 
 .rodata        0x080079d0       0x56 ./connect.o
 *fill*         0x08007a26        0x2 
 .rodata        0x08007a28       0x28 ./iadc.o
 .rodata        0x08007a50       0x21 ./uart.o
 *fill*         0x08007a71        0x3 
 .rodata        0x08007a74       0x6c ./gecko_sdk_4.3.1/hardware/driver/mx25_flash_shutdown/src/sl_mx25_flash_shutdown_usart/sl_mx25_flash_shutdown.o
 .rodata        0x08007ae0       0x4d ./gecko_sdk_4.3.1/platform/driver/debug/src/sl_debug_swo.o
 *fill*         0x08007b2d        0x3 
 .rodata        0x08007b30       0x4f ./gecko_sdk_4.3.1/platform/emdrv/ustimer/src/ustimer.o
 *fill*         0x08007b7f        0x1 
 .rodata        0x08007b80       0x9d ./gecko_sdk_4.3.1/platform/emlib/src/em_cmu.o
 *fill*         0x08007c1d        0x3 
 .rodata        0x08007c20       0x4d ./gecko_sdk_4.3.1/platform/emlib/src/em_emu.o
 *fill*         0x08007c6d        0x3 
 .rodata        0x08007c70       0xee ./gecko_sdk_4.3.1/platform/emlib/src/em_gpio.o
 *fill*         0x08007d5e        0x2 
 .rodata        0x08007d60       0x68 ./gecko_sdk_4.3.1/platform/emlib/src/em_iadc.o
 .rodata        0x08007dc8       0x51 ./gecko_sdk_4.3.1/platform/emlib/src/em_letimer.o
 *fill*         0x08007e19        0x3 
 .rodata        0x08007e1c       0x9f ./gecko_sdk_4.3.1/platform/emlib/src/em_timer.o
 *fill*         0x08007ebb        0x1 
 .rodata        0x08007ebc       0x4f ./gecko_sdk_4.3.1/platform/emlib/src/em_usart.o
 *fill*         0x08007f0b        0x1 
 .rodata        0x08007f0c        0x7 ./gecko_sdk_4.3.1/platform/service/device_init/src/sl_device_init_dcdc_s2.o
 *fill*         0x08007f13        0x1 
 .rodata        0x08007f14       0x28 ./gecko_sdk_4.3.1/platform/service/device_init/src/sl_device_init_hfxo_s2.o
 .rodata        0x08007f3c       0x14 ./gecko_sdk_4.3.1/platform/service/device_init/src/sl_device_init_lfxo_s2.o
 .rodata        0x08007f50       0x59 ./gecko_sdk_4.3.1/platform/service/udelay/src/sl_udelay.o
 *fill*         0x08007fa9        0x3 
 .rodata._global_impure_ptr
                0x08007fac        0x4 c:/siliconlabs/simplicitystudio/v5/developer/toolchains/gnu_arm/10.3_2021.10/bin/../lib/gcc/arm-none-eabi/10.3.1/../../../../arm-none-eabi/lib/thumb/v8-m.main+fp/hard\libc_nano.a(lib_a-impure.o)
                0x08007fac                _global_impure_ptr
 .rodata._svfprintf_r.str1.1
                0x08007fb0       0x11 c:/siliconlabs/simplicitystudio/v5/developer/toolchains/gnu_arm/10.3_2021.10/bin/../lib/gcc/arm-none-eabi/10.3.1/../../../../arm-none-eabi/lib/thumb/v8-m.main+fp/hard\libc_nano.a(lib_a-nano-svfprintf.o)
 .rodata._printf_i.str1.1
                0x08007fc1       0x22 c:/siliconlabs/simplicitystudio/v5/developer/toolchains/gnu_arm/10.3_2021.10/bin/../lib/gcc/arm-none-eabi/10.3.1/../../../../arm-none-eabi/lib/thumb/v8-m.main+fp/hard\libc_nano.a(lib_a-nano-vfprintf_i.o)
 *(.eh_frame*)
 *fill*         0x08007fe3        0x1 
 .eh_frame      0x08007fe4        0x0 c:/siliconlabs/simplicitystudio/v5/developer/toolchains/gnu_arm/10.3_2021.10/bin/../lib/gcc/arm-none-eabi/10.3.1/thumb/v8-m.main+fp/hard/crtbegin.o

.glue_7         0x08007fe4        0x0
 .glue_7        0x08007fe4        0x0 linker stubs

.glue_7t        0x08007fe4        0x0
 .glue_7t       0x08007fe4        0x0 linker stubs

.vfp11_veneer   0x08007fe4        0x0
 .vfp11_veneer  0x08007fe4        0x0 linker stubs

.v4_bx          0x08007fe4        0x0
 .v4_bx         0x08007fe4        0x0 linker stubs

.iplt           0x08007fe4        0x0
 .iplt          0x08007fe4        0x0 c:/siliconlabs/simplicitystudio/v5/developer/toolchains/gnu_arm/10.3_2021.10/bin/../lib/gcc/arm-none-eabi/10.3.1/thumb/v8-m.main+fp/hard/crtbegin.o

.ARM.extab
 *(.ARM.extab* .gnu.linkonce.armextab.*)
                0x08007fe4                __exidx_start = .

.ARM.exidx      0x08007fe4        0x8
 *(.ARM.exidx* .gnu.linkonce.armexidx.*)
 .ARM.exidx     0x08007fe4        0x8 c:/siliconlabs/simplicitystudio/v5/developer/toolchains/gnu_arm/10.3_2021.10/bin/../lib/gcc/arm-none-eabi/10.3.1/../../../../arm-none-eabi/lib/thumb/v8-m.main+fp/hard/crt0.o
                                 0x10 (size before relaxing)
 .ARM.exidx     0x08007fec        0x0 c:/siliconlabs/simplicitystudio/v5/developer/toolchains/gnu_arm/10.3_2021.10/bin/../lib/gcc/arm-none-eabi/10.3.1/thumb/v8-m.main+fp/hard\libgcc.a(_udivmoddi4.o)
                                  0x8 (size before relaxing)
                0x08007fec                __exidx_end = .

.rel.dyn        0x08007fec        0x0
 .rel.iplt      0x08007fec        0x0 c:/siliconlabs/simplicitystudio/v5/developer/toolchains/gnu_arm/10.3_2021.10/bin/../lib/gcc/arm-none-eabi/10.3.1/thumb/v8-m.main+fp/hard/crtbegin.o

.copy.table     0x08007fec        0xc
                0x08007fec                . = ALIGN (0x4)
                0x08007fec                __copy_table_start__ = .
                0x08007fec        0x4 LONG 0x8007ff8 __etext
                0x08007ff0        0x4 LONG 0x20001000 __data_start__
                0x08007ff4        0x4 LONG 0x22 ((__data_end__ - __data_start__) / 0x4)
                0x08007ff8                __copy_table_end__ = .

.zero.table     0x08007ff8        0x0
                0x08007ff8                . = ALIGN (0x4)
                0x08007ff8                __zero_table_start__ = .
                0x08007ff8                __zero_table_end__ = .
                0x08007ff8                __etext = .
                0x20000000                . = ORIGIN (RAM)

.stack          0x20000000     0x1000
                0x20000000                __StackLimit = .
 *(.stack*)
 .stack         0x20000000     0x1000 ./gecko_sdk_4.3.1/platform/common/toolchain/src/sl_memory.o
                0x20001000                . = ALIGN (0x4)
                0x20001000                __StackTop = .
                0x20001000                PROVIDE (__stack = __StackTop)

.noinit
 *(.noinit*)

.data           0x20001000       0x88 load address 0x08007ff8
                0x20001000                . = ALIGN (0x4)
                0x20001000                __data_start__ = .
 *(vtable)
 *(SORT_BY_ALIGNMENT(.data*))
 .data.SystemHFXOClock
                0x20001000        0x4 ./gecko_sdk_4.3.1/platform/Device/SiliconLabs/EFR32MG24/Source/system_efr32mg24.o
 .data.SystemLFXOClock
                0x20001004        0x4 ./gecko_sdk_4.3.1/platform/Device/SiliconLabs/EFR32MG24/Source/system_efr32mg24.o
 .data.SystemHFRCODPLLClock
                0x20001008        0x4 ./gecko_sdk_4.3.1/platform/Device/SiliconLabs/EFR32MG24/Source/system_efr32mg24.o
 .data.SystemCoreClock
                0x2000100c        0x4 ./gecko_sdk_4.3.1/platform/Device/SiliconLabs/EFR32MG24/Source/system_efr32mg24.o
                0x2000100c                SystemCoreClock
 .data.heap_end.0
                0x20001010        0x4 ./gecko_sdk_4.3.1/platform/common/toolchain/src/sl_memory.o
 .data._impure_ptr
                0x20001014        0x4 c:/siliconlabs/simplicitystudio/v5/developer/toolchains/gnu_arm/10.3_2021.10/bin/../lib/gcc/arm-none-eabi/10.3.1/../../../../arm-none-eabi/lib/thumb/v8-m.main+fp/hard\libc_nano.a(lib_a-impure.o)
                0x20001014                _impure_ptr
 .data.impure_data
                0x20001018       0x60 c:/siliconlabs/simplicitystudio/v5/developer/toolchains/gnu_arm/10.3_2021.10/bin/../lib/gcc/arm-none-eabi/10.3.1/../../../../arm-none-eabi/lib/thumb/v8-m.main+fp/hard\libc_nano.a(lib_a-impure.o)
 .data.battery  0x20001078        0x2 ./Letimer.o
                0x20001078                battery
 .data.lfxo_precision
                0x2000107a        0x2 ./gecko_sdk_4.3.1/platform/emlib/src/em_cmu.o
 .data.hfxo_precision
                0x2000107c        0x2 ./gecko_sdk_4.3.1/platform/emlib/src/em_cmu.o
 .data.ctuneDelta
                0x2000107e        0x1 ./gecko_sdk_4.3.1/platform/emlib/src/em_cmu.o
                0x20001080                . = ALIGN (0x4)
 *fill*         0x2000107f        0x1 
                [!provide]                PROVIDE (__ram_func_section_start = .)
 *(.ram)
                [!provide]                PROVIDE (__ram_func_section_end = .)
                0x20001080                . = ALIGN (0x4)
                0x20001080                PROVIDE (__preinit_array_start = .)
 *(.preinit_array)
                0x20001080                PROVIDE (__preinit_array_end = .)
                0x20001080                . = ALIGN (0x4)
                0x20001080                PROVIDE (__init_array_start = .)
 *(SORT_BY_NAME(.init_array.*))
 *(.init_array)
 .init_array    0x20001080        0x4 c:/siliconlabs/simplicitystudio/v5/developer/toolchains/gnu_arm/10.3_2021.10/bin/../lib/gcc/arm-none-eabi/10.3.1/thumb/v8-m.main+fp/hard/crtbegin.o
                0x20001084                PROVIDE (__init_array_end = .)
                0x20001084                . = ALIGN (0x4)
                [!provide]                PROVIDE (__fini_array_start = .)
 *(SORT_BY_NAME(.fini_array.*))
 *(.fini_array)
 .fini_array    0x20001084        0x4 c:/siliconlabs/simplicitystudio/v5/developer/toolchains/gnu_arm/10.3_2021.10/bin/../lib/gcc/arm-none-eabi/10.3.1/thumb/v8-m.main+fp/hard/crtbegin.o
                [!provide]                PROVIDE (__fini_array_end = .)
                0x20001088                . = ALIGN (0x4)
                0x20001088                __data_end__ = .

.igot.plt       0x20001088        0x0 load address 0x08008080
 .igot.plt      0x20001088        0x0 c:/siliconlabs/simplicitystudio/v5/developer/toolchains/gnu_arm/10.3_2021.10/bin/../lib/gcc/arm-none-eabi/10.3.1/thumb/v8-m.main+fp/hard/crtbegin.o

.bss            0x20001088       0x5c load address 0x08008080
                0x20001088                . = ALIGN (0x4)
                0x20001088                __bss_start__ = .
 *(SORT_BY_ALIGNMENT(.bss*))
 .bss           0x20001088       0x1c c:/siliconlabs/simplicitystudio/v5/developer/toolchains/gnu_arm/10.3_2021.10/bin/../lib/gcc/arm-none-eabi/10.3.1/thumb/v8-m.main+fp/hard/crtbegin.o
 .bss.dataTransmit
                0x200010a4       0x12 ./Letimer.o
                0x200010a4                dataTransmit
 *fill*         0x200010b6        0x2 
 .bss.address   0x200010b8        0x5 ./connect.o
                0x200010b8                address
 *fill*         0x200010bd        0x3 
 .bss.freq      0x200010c0        0x4 ./gecko_sdk_4.3.1/platform/emdrv/ustimer/src/ustimer.o
 .bss.minTicks  0x200010c4        0x4 ./gecko_sdk_4.3.1/platform/emdrv/ustimer/src/ustimer.o
 .bss.vScaleEM01Config
                0x200010c8        0x1 ./gecko_sdk_4.3.1/platform/emlib/src/em_emu.o
 *fill*         0x200010c9        0x3 
 .bss.__malloc_free_list
                0x200010cc        0x4 c:/siliconlabs/simplicitystudio/v5/developer/toolchains/gnu_arm/10.3_2021.10/bin/../lib/gcc/arm-none-eabi/10.3.1/../../../../arm-none-eabi/lib/thumb/v8-m.main+fp/hard\libc_nano.a(lib_a-nano-mallocr.o)
                0x200010cc                __malloc_free_list
 .bss.__malloc_sbrk_start
                0x200010d0        0x4 c:/siliconlabs/simplicitystudio/v5/developer/toolchains/gnu_arm/10.3_2021.10/bin/../lib/gcc/arm-none-eabi/10.3.1/../../../../arm-none-eabi/lib/thumb/v8-m.main+fp/hard\libc_nano.a(lib_a-nano-mallocr.o)
                0x200010d0                __malloc_sbrk_start
 .bss.errno     0x200010d4        0x4 c:/siliconlabs/simplicitystudio/v5/developer/toolchains/gnu_arm/10.3_2021.10/bin/../lib/gcc/arm-none-eabi/10.3.1/../../../../arm-none-eabi/lib/thumb/v8-m.main+fp/hard\libc_nano.a(lib_a-reent.o)
                0x200010d4                errno
 .bss.SUM       0x200010d8        0x2 ./DHT22.o
                0x200010d8                SUM
 .bss.Moisture  0x200010da        0x2 ./iadc.o
                0x200010da                Moisture
 .bss.Rh_byte1  0x200010dc        0x1 ./DHT22.o
                0x200010dc                Rh_byte1
 .bss.Rh_byte2  0x200010dd        0x1 ./DHT22.o
                0x200010dd                Rh_byte2
 .bss.Temp_byte1
                0x200010de        0x1 ./DHT22.o
                0x200010de                Temp_byte1
 .bss.Temp_byte2
                0x200010df        0x1 ./DHT22.o
                0x200010df                Temp_byte2
 .bss.Presence  0x200010e0        0x1 ./DHT22.o
                0x200010e0                Presence
 .bss.count     0x200010e1        0x1 ./Letimer.o
                0x200010e1                count
 .bss.timeElapsed
                0x200010e2        0x1 ./gecko_sdk_4.3.1/platform/emdrv/ustimer/src/ustimer.o
 .bss.__lock___malloc_recursive_mutex
                0x200010e3        0x1 c:/siliconlabs/simplicitystudio/v5/developer/toolchains/gnu_arm/10.3_2021.10/bin/../lib/gcc/arm-none-eabi/10.3.1/../../../../arm-none-eabi/lib/thumb/v8-m.main+fp/hard\libc_nano.a(lib_a-lock.o)
                0x200010e3                __lock___malloc_recursive_mutex
 *(COMMON)
                0x200010e4                . = ALIGN (0x4)
                0x200010e4                __bss_end__ = .

.heap           0x200010e8      0x800
                0x200010e8                __HeapBase = .
                0x200010e8                __end__ = .
                0x200010e8                end = __end__
                0x200010e8                _end = __end__
 *(.heap*)
 .heap          0x200010e8      0x800 ./gecko_sdk_4.3.1/platform/common/toolchain/src/sl_memory.o
                0x20040000                __HeapLimit = (ORIGIN (RAM) + LENGTH (RAM))
                0x0003ef18                __heap_size = (__HeapLimit - __HeapBase)
                0x20040000                __ram_end__ = 0x20040000
                0x0817e000                __main_flash_end__ = 0x817e000

.internal_storage
                0x08007ff8        0x0
 *(.internal_storage*)

.nvm            0x08007ff8        0x0
 *(.simee*)
                0x0817e000                linker_nvm_end = __main_flash_end__
                0x0817e000                linker_nvm_begin = (linker_nvm_end - SIZEOF (.nvm))
                0x00000000                linker_nvm_size = SIZEOF (.nvm)
                0x0817e000                linker_storage_end = linker_nvm_begin
                0x0817e000                __nvm3Base = linker_nvm_begin
                0x0817e000                linker_storage_begin = (linker_storage_end - SIZEOF (.internal_storage))
                0x00000000                linker_storage_size = SIZEOF (.internal_storage)
                0x00000001                ASSERT ((linker_storage_begin >= (__etext + SIZEOF (.data))), FLASH memory overflowed !)
                0x0817e000                app_flash_end = 0x817e000
                0x00000001                ASSERT (((linker_nvm_begin + SIZEOF (.nvm)) <= app_flash_end), NVM3 is excessing the flash size !)
OUTPUT(TesT.axf elf32-littlearm)
LOAD linker stubs

.ARM.attributes
                0x00000000       0x36
 .ARM.attributes
                0x00000000       0x22 c:/siliconlabs/simplicitystudio/v5/developer/toolchains/gnu_arm/10.3_2021.10/bin/../lib/gcc/arm-none-eabi/10.3.1/thumb/v8-m.main+fp/hard/crti.o
 .ARM.attributes
                0x00000022       0x38 c:/siliconlabs/simplicitystudio/v5/developer/toolchains/gnu_arm/10.3_2021.10/bin/../lib/gcc/arm-none-eabi/10.3.1/thumb/v8-m.main+fp/hard/crtbegin.o
 .ARM.attributes
                0x0000005a       0x20 c:/siliconlabs/simplicitystudio/v5/developer/toolchains/gnu_arm/10.3_2021.10/bin/../lib/gcc/arm-none-eabi/10.3.1/../../../../arm-none-eabi/lib/thumb/v8-m.main+fp/hard/crt0.o
 .ARM.attributes
                0x0000007a       0x3a ./DHT22.o
 .ARM.attributes
                0x000000b4       0x3a ./Letimer.o
 .ARM.attributes
                0x000000ee       0x3a ./app.o
 .ARM.attributes
                0x00000128       0x3a ./connect.o
 .ARM.attributes
                0x00000162       0x3a ./iadc.o
 .ARM.attributes
                0x0000019c       0x3a ./main.o
 .ARM.attributes
                0x000001d6       0x3a ./uart.o
 .ARM.attributes
                0x00000210       0x3a ./autogen/sl_board_default_init.o
 .ARM.attributes
                0x0000024a       0x3a ./autogen/sl_device_init_clocks.o
 .ARM.attributes
                0x00000284       0x3a ./autogen/sl_event_handler.o
 .ARM.attributes
                0x000002be       0x3a ./gecko_sdk_4.3.1/hardware/board/src/sl_board_control_gpio.o
 .ARM.attributes
                0x000002f8       0x3a ./gecko_sdk_4.3.1/hardware/board/src/sl_board_init.o
 .ARM.attributes
                0x00000332       0x3a ./gecko_sdk_4.3.1/hardware/driver/configuration_over_swo/src/sl_cos.o
 .ARM.attributes
                0x0000036c       0x3a ./gecko_sdk_4.3.1/hardware/driver/mx25_flash_shutdown/src/sl_mx25_flash_shutdown_usart/sl_mx25_flash_shutdown.o
 .ARM.attributes
                0x000003a6       0x3a ./gecko_sdk_4.3.1/platform/Device/SiliconLabs/EFR32MG24/Source/startup_efr32mg24.o
 .ARM.attributes
                0x000003e0       0x3a ./gecko_sdk_4.3.1/platform/Device/SiliconLabs/EFR32MG24/Source/system_efr32mg24.o
 .ARM.attributes
                0x0000041a       0x3a ./gecko_sdk_4.3.1/platform/common/src/sl_assert.o
 .ARM.attributes
                0x00000454       0x3a ./gecko_sdk_4.3.1/platform/common/toolchain/src/sl_memory.o
 .ARM.attributes
                0x0000048e       0x3a ./gecko_sdk_4.3.1/platform/driver/debug/src/sl_debug_swo.o
 .ARM.attributes
                0x000004c8       0x3a ./gecko_sdk_4.3.1/platform/emdrv/ustimer/src/ustimer.o
 .ARM.attributes
                0x00000502       0x3a ./gecko_sdk_4.3.1/platform/emlib/src/em_cmu.o
 .ARM.attributes
                0x0000053c       0x3a ./gecko_sdk_4.3.1/platform/emlib/src/em_core.o
 .ARM.attributes
                0x00000576       0x3a ./gecko_sdk_4.3.1/platform/emlib/src/em_emu.o
 .ARM.attributes
                0x000005b0       0x3a ./gecko_sdk_4.3.1/platform/emlib/src/em_gpio.o
 .ARM.attributes
                0x000005ea       0x3a ./gecko_sdk_4.3.1/platform/emlib/src/em_iadc.o
 .ARM.attributes
                0x00000624       0x3a ./gecko_sdk_4.3.1/platform/emlib/src/em_letimer.o
 .ARM.attributes
                0x0000065e       0x3a ./gecko_sdk_4.3.1/platform/emlib/src/em_system.o
 .ARM.attributes
                0x00000698       0x3a ./gecko_sdk_4.3.1/platform/emlib/src/em_timer.o
 .ARM.attributes
                0x000006d2       0x3a ./gecko_sdk_4.3.1/platform/emlib/src/em_usart.o
 .ARM.attributes
                0x0000070c       0x3a ./gecko_sdk_4.3.1/platform/service/device_init/src/sl_device_init_dcdc_s2.o
 .ARM.attributes
                0x00000746       0x3a ./gecko_sdk_4.3.1/platform/service/device_init/src/sl_device_init_emu_s2.o
 .ARM.attributes
                0x00000780       0x3a ./gecko_sdk_4.3.1/platform/service/device_init/src/sl_device_init_hfrco.o
 .ARM.attributes
                0x000007ba       0x3a ./gecko_sdk_4.3.1/platform/service/device_init/src/sl_device_init_hfxo_s2.o
 .ARM.attributes
                0x000007f4       0x3a ./gecko_sdk_4.3.1/platform/service/device_init/src/sl_device_init_lfxo_s2.o
 .ARM.attributes
                0x0000082e       0x3a ./gecko_sdk_4.3.1/platform/service/device_init/src/sl_device_init_nvic.o
 .ARM.attributes
                0x00000868       0x3a ./gecko_sdk_4.3.1/platform/service/system/src/sl_system_init.o
 .ARM.attributes
                0x000008a2       0x3a ./gecko_sdk_4.3.1/platform/service/udelay/src/sl_udelay.o
 .ARM.attributes
                0x000008dc       0x26 ./gecko_sdk_4.3.1/platform/service/udelay/src/sl_udelay_armv6m_gcc.o
 .ARM.attributes
                0x00000902       0x22 c:/siliconlabs/simplicitystudio/v5/developer/toolchains/gnu_arm/10.3_2021.10/bin/../lib/gcc/arm-none-eabi/10.3.1/thumb/v8-m.main+fp/hard\libgcc.a(_arm_addsubdf3.o)
 .ARM.attributes
                0x00000924       0x22 c:/siliconlabs/simplicitystudio/v5/developer/toolchains/gnu_arm/10.3_2021.10/bin/../lib/gcc/arm-none-eabi/10.3.1/thumb/v8-m.main+fp/hard\libgcc.a(_arm_muldivdf3.o)
 .ARM.attributes
                0x00000946       0x22 c:/siliconlabs/simplicitystudio/v5/developer/toolchains/gnu_arm/10.3_2021.10/bin/../lib/gcc/arm-none-eabi/10.3.1/thumb/v8-m.main+fp/hard\libgcc.a(_arm_fixunsdfsi.o)
 .ARM.attributes
                0x00000968       0x22 c:/siliconlabs/simplicitystudio/v5/developer/toolchains/gnu_arm/10.3_2021.10/bin/../lib/gcc/arm-none-eabi/10.3.1/thumb/v8-m.main+fp/hard\libgcc.a(_arm_truncdfsf2.o)
 .ARM.attributes
                0x0000098a       0x22 c:/siliconlabs/simplicitystudio/v5/developer/toolchains/gnu_arm/10.3_2021.10/bin/../lib/gcc/arm-none-eabi/10.3.1/thumb/v8-m.main+fp/hard\libgcc.a(_aeabi_uldivmod.o)
 .ARM.attributes
                0x000009ac       0x38 c:/siliconlabs/simplicitystudio/v5/developer/toolchains/gnu_arm/10.3_2021.10/bin/../lib/gcc/arm-none-eabi/10.3.1/thumb/v8-m.main+fp/hard\libgcc.a(_udivmoddi4.o)
 .ARM.attributes
                0x000009e4       0x22 c:/siliconlabs/simplicitystudio/v5/developer/toolchains/gnu_arm/10.3_2021.10/bin/../lib/gcc/arm-none-eabi/10.3.1/thumb/v8-m.main+fp/hard\libgcc.a(_dvmd_tls.o)
 .ARM.attributes
                0x00000a06       0x38 c:/siliconlabs/simplicitystudio/v5/developer/toolchains/gnu_arm/10.3_2021.10/bin/../lib/gcc/arm-none-eabi/10.3.1/../../../../arm-none-eabi/lib/thumb/v8-m.main+fp/hard\libc_nano.a(lib_a-exit.o)
 .ARM.attributes
                0x00000a3e       0x38 c:/siliconlabs/simplicitystudio/v5/developer/toolchains/gnu_arm/10.3_2021.10/bin/../lib/gcc/arm-none-eabi/10.3.1/../../../../arm-none-eabi/lib/thumb/v8-m.main+fp/hard\libc_nano.a(lib_a-impure.o)
 .ARM.attributes
                0x00000a76       0x38 c:/siliconlabs/simplicitystudio/v5/developer/toolchains/gnu_arm/10.3_2021.10/bin/../lib/gcc/arm-none-eabi/10.3.1/../../../../arm-none-eabi/lib/thumb/v8-m.main+fp/hard\libc_nano.a(lib_a-init.o)
 .ARM.attributes
                0x00000aae       0x38 c:/siliconlabs/simplicitystudio/v5/developer/toolchains/gnu_arm/10.3_2021.10/bin/../lib/gcc/arm-none-eabi/10.3.1/../../../../arm-none-eabi/lib/thumb/v8-m.main+fp/hard\libc_nano.a(lib_a-memcpy-stub.o)
 .ARM.attributes
                0x00000ae6       0x38 c:/siliconlabs/simplicitystudio/v5/developer/toolchains/gnu_arm/10.3_2021.10/bin/../lib/gcc/arm-none-eabi/10.3.1/../../../../arm-none-eabi/lib/thumb/v8-m.main+fp/hard\libc_nano.a(lib_a-memset.o)
 .ARM.attributes
                0x00000b1e       0x38 c:/siliconlabs/simplicitystudio/v5/developer/toolchains/gnu_arm/10.3_2021.10/bin/../lib/gcc/arm-none-eabi/10.3.1/../../../../arm-none-eabi/lib/thumb/v8-m.main+fp/hard\libc_nano.a(lib_a-snprintf.o)
 .ARM.attributes
                0x00000b56       0x38 c:/siliconlabs/simplicitystudio/v5/developer/toolchains/gnu_arm/10.3_2021.10/bin/../lib/gcc/arm-none-eabi/10.3.1/../../../../arm-none-eabi/lib/thumb/v8-m.main+fp/hard\libc_nano.a(lib_a-nano-svfprintf.o)
 .ARM.attributes
                0x00000b8e       0x38 c:/siliconlabs/simplicitystudio/v5/developer/toolchains/gnu_arm/10.3_2021.10/bin/../lib/gcc/arm-none-eabi/10.3.1/../../../../arm-none-eabi/lib/thumb/v8-m.main+fp/hard\libc_nano.a(lib_a-nano-vfprintf_i.o)
 .ARM.attributes
                0x00000bc6       0x38 c:/siliconlabs/simplicitystudio/v5/developer/toolchains/gnu_arm/10.3_2021.10/bin/../lib/gcc/arm-none-eabi/10.3.1/../../../../arm-none-eabi/lib/thumb/v8-m.main+fp/hard\libc_nano.a(lib_a-memchr-stub.o)
 .ARM.attributes
                0x00000bfe       0x38 c:/siliconlabs/simplicitystudio/v5/developer/toolchains/gnu_arm/10.3_2021.10/bin/../lib/gcc/arm-none-eabi/10.3.1/../../../../arm-none-eabi/lib/thumb/v8-m.main+fp/hard\libc_nano.a(lib_a-memmove.o)
 .ARM.attributes
                0x00000c36       0x38 c:/siliconlabs/simplicitystudio/v5/developer/toolchains/gnu_arm/10.3_2021.10/bin/../lib/gcc/arm-none-eabi/10.3.1/../../../../arm-none-eabi/lib/thumb/v8-m.main+fp/hard\libc_nano.a(lib_a-nano-freer.o)
 .ARM.attributes
                0x00000c6e       0x38 c:/siliconlabs/simplicitystudio/v5/developer/toolchains/gnu_arm/10.3_2021.10/bin/../lib/gcc/arm-none-eabi/10.3.1/../../../../arm-none-eabi/lib/thumb/v8-m.main+fp/hard\libc_nano.a(lib_a-nano-mallocr.o)
 .ARM.attributes
                0x00000ca6       0x38 c:/siliconlabs/simplicitystudio/v5/developer/toolchains/gnu_arm/10.3_2021.10/bin/../lib/gcc/arm-none-eabi/10.3.1/../../../../arm-none-eabi/lib/thumb/v8-m.main+fp/hard\libc_nano.a(lib_a-nano-reallocr.o)
 .ARM.attributes
                0x00000cde       0x38 c:/siliconlabs/simplicitystudio/v5/developer/toolchains/gnu_arm/10.3_2021.10/bin/../lib/gcc/arm-none-eabi/10.3.1/../../../../arm-none-eabi/lib/thumb/v8-m.main+fp/hard\libc_nano.a(lib_a-sbrkr.o)
 .ARM.attributes
                0x00000d16       0x38 c:/siliconlabs/simplicitystudio/v5/developer/toolchains/gnu_arm/10.3_2021.10/bin/../lib/gcc/arm-none-eabi/10.3.1/../../../../arm-none-eabi/lib/thumb/v8-m.main+fp/hard\libc_nano.a(lib_a-mlock.o)
 .ARM.attributes
                0x00000d4e       0x38 c:/siliconlabs/simplicitystudio/v5/developer/toolchains/gnu_arm/10.3_2021.10/bin/../lib/gcc/arm-none-eabi/10.3.1/../../../../arm-none-eabi/lib/thumb/v8-m.main+fp/hard\libc_nano.a(lib_a-nano-msizer.o)
 .ARM.attributes
                0x00000d86       0x38 c:/siliconlabs/simplicitystudio/v5/developer/toolchains/gnu_arm/10.3_2021.10/bin/../lib/gcc/arm-none-eabi/10.3.1/../../../../arm-none-eabi/lib/thumb/v8-m.main+fp/hard\libc_nano.a(lib_a-reent.o)
 .ARM.attributes
                0x00000dbe       0x38 c:/siliconlabs/simplicitystudio/v5/developer/toolchains/gnu_arm/10.3_2021.10/bin/../lib/gcc/arm-none-eabi/10.3.1/../../../../arm-none-eabi/lib/thumb/v8-m.main+fp/hard\libc_nano.a(lib_a-lock.o)
 .ARM.attributes
                0x00000df6       0x38 c:/siliconlabs/simplicitystudio/v5/developer/toolchains/gnu_arm/10.3_2021.10/bin/../lib/gcc/arm-none-eabi/10.3.1/../../../../arm-none-eabi/lib/thumb/v8-m.main+fp/hard\libnosys.a(_exit.o)
 .ARM.attributes
                0x00000e2e       0x22 c:/siliconlabs/simplicitystudio/v5/developer/toolchains/gnu_arm/10.3_2021.10/bin/../lib/gcc/arm-none-eabi/10.3.1/thumb/v8-m.main+fp/hard/crtn.o

.comment        0x00000000       0x49
 .comment       0x00000000       0x49 ./DHT22.o
                                 0x4a (size before relaxing)
 .comment       0x00000049       0x4a ./Letimer.o
 .comment       0x00000049       0x4a ./app.o
 .comment       0x00000049       0x4a ./connect.o
 .comment       0x00000049       0x4a ./iadc.o
 .comment       0x00000049       0x4a ./main.o
 .comment       0x00000049       0x4a ./uart.o
 .comment       0x00000049       0x4a ./autogen/sl_board_default_init.o
 .comment       0x00000049       0x4a ./autogen/sl_device_init_clocks.o
 .comment       0x00000049       0x4a ./autogen/sl_event_handler.o
 .comment       0x00000049       0x4a ./gecko_sdk_4.3.1/hardware/board/src/sl_board_control_gpio.o
 .comment       0x00000049       0x4a ./gecko_sdk_4.3.1/hardware/board/src/sl_board_init.o
 .comment       0x00000049       0x4a ./gecko_sdk_4.3.1/hardware/driver/configuration_over_swo/src/sl_cos.o
 .comment       0x00000049       0x4a ./gecko_sdk_4.3.1/hardware/driver/mx25_flash_shutdown/src/sl_mx25_flash_shutdown_usart/sl_mx25_flash_shutdown.o
 .comment       0x00000049       0x4a ./gecko_sdk_4.3.1/platform/Device/SiliconLabs/EFR32MG24/Source/startup_efr32mg24.o
 .comment       0x00000049       0x4a ./gecko_sdk_4.3.1/platform/Device/SiliconLabs/EFR32MG24/Source/system_efr32mg24.o
 .comment       0x00000049       0x4a ./gecko_sdk_4.3.1/platform/common/src/sl_assert.o
 .comment       0x00000049       0x4a ./gecko_sdk_4.3.1/platform/common/toolchain/src/sl_memory.o
 .comment       0x00000049       0x4a ./gecko_sdk_4.3.1/platform/driver/debug/src/sl_debug_swo.o
 .comment       0x00000049       0x4a ./gecko_sdk_4.3.1/platform/emdrv/ustimer/src/ustimer.o
 .comment       0x00000049       0x4a ./gecko_sdk_4.3.1/platform/emlib/src/em_cmu.o
 .comment       0x00000049       0x4a ./gecko_sdk_4.3.1/platform/emlib/src/em_core.o
 .comment       0x00000049       0x4a ./gecko_sdk_4.3.1/platform/emlib/src/em_emu.o
 .comment       0x00000049       0x4a ./gecko_sdk_4.3.1/platform/emlib/src/em_gpio.o
 .comment       0x00000049       0x4a ./gecko_sdk_4.3.1/platform/emlib/src/em_iadc.o
 .comment       0x00000049       0x4a ./gecko_sdk_4.3.1/platform/emlib/src/em_letimer.o
 .comment       0x00000049       0x4a ./gecko_sdk_4.3.1/platform/emlib/src/em_system.o
 .comment       0x00000049       0x4a ./gecko_sdk_4.3.1/platform/emlib/src/em_timer.o
 .comment       0x00000049       0x4a ./gecko_sdk_4.3.1/platform/emlib/src/em_usart.o
 .comment       0x00000049       0x4a ./gecko_sdk_4.3.1/platform/service/device_init/src/sl_device_init_dcdc_s2.o
 .comment       0x00000049       0x4a ./gecko_sdk_4.3.1/platform/service/device_init/src/sl_device_init_emu_s2.o
 .comment       0x00000049       0x4a ./gecko_sdk_4.3.1/platform/service/device_init/src/sl_device_init_hfrco.o
 .comment       0x00000049       0x4a ./gecko_sdk_4.3.1/platform/service/device_init/src/sl_device_init_hfxo_s2.o
 .comment       0x00000049       0x4a ./gecko_sdk_4.3.1/platform/service/device_init/src/sl_device_init_lfxo_s2.o
 .comment       0x00000049       0x4a ./gecko_sdk_4.3.1/platform/service/device_init/src/sl_device_init_nvic.o
 .comment       0x00000049       0x4a ./gecko_sdk_4.3.1/platform/service/system/src/sl_system_init.o
 .comment       0x00000049       0x4a ./gecko_sdk_4.3.1/platform/service/udelay/src/sl_udelay.o

.debug_info     0x00000000    0x33aaf
 .debug_info    0x00000000     0x188d ./DHT22.o
 .debug_info    0x0000188d     0x162c ./Letimer.o
 .debug_info    0x00002eb9     0x1919 ./app.o
 .debug_info    0x000047d2     0x1dd6 ./connect.o
 .debug_info    0x000065a8     0x2ad5 ./iadc.o
 .debug_info    0x0000907d       0xa7 ./main.o
 .debug_info    0x00009124     0x236b ./uart.o
 .debug_info    0x0000b48f       0x87 ./autogen/sl_board_default_init.o
 .debug_info    0x0000b516      0xe55 ./autogen/sl_device_init_clocks.o
 .debug_info    0x0000c36b      0x14e ./autogen/sl_event_handler.o
 .debug_info    0x0000c4b9      0x3d4 ./gecko_sdk_4.3.1/hardware/board/src/sl_board_control_gpio.o
 .debug_info    0x0000c88d      0x25e ./gecko_sdk_4.3.1/hardware/board/src/sl_board_init.o
 .debug_info    0x0000caeb      0x2f7 ./gecko_sdk_4.3.1/hardware/driver/configuration_over_swo/src/sl_cos.o
 .debug_info    0x0000cde2     0x21ef ./gecko_sdk_4.3.1/hardware/driver/mx25_flash_shutdown/src/sl_mx25_flash_shutdown_usart/sl_mx25_flash_shutdown.o
 .debug_info    0x0000efd1      0x2e8 ./gecko_sdk_4.3.1/platform/Device/SiliconLabs/EFR32MG24/Source/startup_efr32mg24.o
 .debug_info    0x0000f2b9     0x23a8 ./gecko_sdk_4.3.1/platform/Device/SiliconLabs/EFR32MG24/Source/system_efr32mg24.o
 .debug_info    0x00011661       0x7d ./gecko_sdk_4.3.1/platform/common/src/sl_assert.o
 .debug_info    0x000116de      0x1f4 ./gecko_sdk_4.3.1/platform/common/toolchain/src/sl_memory.o
 .debug_info    0x000118d2     0x31b9 ./gecko_sdk_4.3.1/platform/driver/debug/src/sl_debug_swo.o
 .debug_info    0x00014a8b     0x1a0b ./gecko_sdk_4.3.1/platform/emdrv/ustimer/src/ustimer.o
 .debug_info    0x00016496     0x8bef ./gecko_sdk_4.3.1/platform/emlib/src/em_cmu.o
 .debug_info    0x0001f085     0x10b9 ./gecko_sdk_4.3.1/platform/emlib/src/em_core.o
 .debug_info    0x0002013e     0x3570 ./gecko_sdk_4.3.1/platform/emlib/src/em_emu.o
 .debug_info    0x000236ae     0x236b ./gecko_sdk_4.3.1/platform/emlib/src/em_gpio.o
 .debug_info    0x00025a19     0x2399 ./gecko_sdk_4.3.1/platform/emlib/src/em_iadc.o
 .debug_info    0x00027db2      0xa0a ./gecko_sdk_4.3.1/platform/emlib/src/em_letimer.o
 .debug_info    0x000287bc     0x1e19 ./gecko_sdk_4.3.1/platform/emlib/src/em_system.o
 .debug_info    0x0002a5d5     0x2bc7 ./gecko_sdk_4.3.1/platform/emlib/src/em_timer.o
 .debug_info    0x0002d19c     0x45c7 ./gecko_sdk_4.3.1/platform/emlib/src/em_usart.o
 .debug_info    0x00031763      0x312 ./gecko_sdk_4.3.1/platform/service/device_init/src/sl_device_init_dcdc_s2.o
 .debug_info    0x00031a75      0xb13 ./gecko_sdk_4.3.1/platform/service/device_init/src/sl_device_init_emu_s2.o
 .debug_info    0x00032588      0x14e ./gecko_sdk_4.3.1/platform/service/device_init/src/sl_device_init_hfrco.o
 .debug_info    0x000326d6      0x80b ./gecko_sdk_4.3.1/platform/service/device_init/src/sl_device_init_hfxo_s2.o
 .debug_info    0x00032ee1      0x22b ./gecko_sdk_4.3.1/platform/service/device_init/src/sl_device_init_lfxo_s2.o
 .debug_info    0x0003310c      0x834 ./gecko_sdk_4.3.1/platform/service/device_init/src/sl_device_init_nvic.o
 .debug_info    0x00033940       0x41 ./gecko_sdk_4.3.1/platform/service/system/src/sl_system_init.o
 .debug_info    0x00033981      0x108 ./gecko_sdk_4.3.1/platform/service/udelay/src/sl_udelay.o
 .debug_info    0x00033a89       0x26 ./gecko_sdk_4.3.1/platform/service/udelay/src/sl_udelay_armv6m_gcc.o

.debug_abbrev   0x00000000     0x391e
 .debug_abbrev  0x00000000      0x203 ./DHT22.o
 .debug_abbrev  0x00000203      0x244 ./Letimer.o
 .debug_abbrev  0x00000447      0x1a4 ./app.o
 .debug_abbrev  0x000005eb      0x158 ./connect.o
 .debug_abbrev  0x00000743      0x1f7 ./iadc.o
 .debug_abbrev  0x0000093a       0x48 ./main.o
 .debug_abbrev  0x00000982      0x1a6 ./uart.o
 .debug_abbrev  0x00000b28       0x46 ./autogen/sl_board_default_init.o
 .debug_abbrev  0x00000b6e       0xc0 ./autogen/sl_device_init_clocks.o
 .debug_abbrev  0x00000c2e       0x78 ./autogen/sl_event_handler.o
 .debug_abbrev  0x00000ca6      0x135 ./gecko_sdk_4.3.1/hardware/board/src/sl_board_control_gpio.o
 .debug_abbrev  0x00000ddb       0x6d ./gecko_sdk_4.3.1/hardware/board/src/sl_board_init.o
 .debug_abbrev  0x00000e48      0x13d ./gecko_sdk_4.3.1/hardware/driver/configuration_over_swo/src/sl_cos.o
 .debug_abbrev  0x00000f85      0x1a6 ./gecko_sdk_4.3.1/hardware/driver/mx25_flash_shutdown/src/sl_mx25_flash_shutdown_usart/sl_mx25_flash_shutdown.o
 .debug_abbrev  0x0000112b      0x1a4 ./gecko_sdk_4.3.1/platform/Device/SiliconLabs/EFR32MG24/Source/startup_efr32mg24.o
 .debug_abbrev  0x000012cf      0x2aa ./gecko_sdk_4.3.1/platform/Device/SiliconLabs/EFR32MG24/Source/system_efr32mg24.o
 .debug_abbrev  0x00001579       0x69 ./gecko_sdk_4.3.1/platform/common/src/sl_assert.o
 .debug_abbrev  0x000015e2      0x107 ./gecko_sdk_4.3.1/platform/common/toolchain/src/sl_memory.o
 .debug_abbrev  0x000016e9      0x20f ./gecko_sdk_4.3.1/platform/driver/debug/src/sl_debug_swo.o
 .debug_abbrev  0x000018f8      0x2df ./gecko_sdk_4.3.1/platform/emdrv/ustimer/src/ustimer.o
 .debug_abbrev  0x00001bd7      0x3d0 ./gecko_sdk_4.3.1/platform/emlib/src/em_cmu.o
 .debug_abbrev  0x00001fa7      0x29d ./gecko_sdk_4.3.1/platform/emlib/src/em_core.o
 .debug_abbrev  0x00002244      0x34d ./gecko_sdk_4.3.1/platform/emlib/src/em_emu.o
 .debug_abbrev  0x00002591      0x220 ./gecko_sdk_4.3.1/platform/emlib/src/em_gpio.o
 .debug_abbrev  0x000027b1      0x2aa ./gecko_sdk_4.3.1/platform/emlib/src/em_iadc.o
 .debug_abbrev  0x00002a5b      0x1c6 ./gecko_sdk_4.3.1/platform/emlib/src/em_letimer.o
 .debug_abbrev  0x00002c21      0x22f ./gecko_sdk_4.3.1/platform/emlib/src/em_system.o
 .debug_abbrev  0x00002e50      0x290 ./gecko_sdk_4.3.1/platform/emlib/src/em_timer.o
 .debug_abbrev  0x000030e0      0x235 ./gecko_sdk_4.3.1/platform/emlib/src/em_usart.o
 .debug_abbrev  0x00003315       0xb3 ./gecko_sdk_4.3.1/platform/service/device_init/src/sl_device_init_dcdc_s2.o
 .debug_abbrev  0x000033c8      0x10d ./gecko_sdk_4.3.1/platform/service/device_init/src/sl_device_init_emu_s2.o
 .debug_abbrev  0x000034d5       0x8d ./gecko_sdk_4.3.1/platform/service/device_init/src/sl_device_init_hfrco.o
 .debug_abbrev  0x00003562      0x104 ./gecko_sdk_4.3.1/platform/service/device_init/src/sl_device_init_hfxo_s2.o
 .debug_abbrev  0x00003666       0xb5 ./gecko_sdk_4.3.1/platform/service/device_init/src/sl_device_init_lfxo_s2.o
 .debug_abbrev  0x0000371b      0x12c ./gecko_sdk_4.3.1/platform/service/device_init/src/sl_device_init_nvic.o
 .debug_abbrev  0x00003847       0x30 ./gecko_sdk_4.3.1/platform/service/system/src/sl_system_init.o
 .debug_abbrev  0x00003877       0x93 ./gecko_sdk_4.3.1/platform/service/udelay/src/sl_udelay.o
 .debug_abbrev  0x0000390a       0x14 ./gecko_sdk_4.3.1/platform/service/udelay/src/sl_udelay_armv6m_gcc.o

.debug_loc      0x00000000     0x3d7a
 .debug_loc     0x00000000      0x12c ./DHT22.o
 .debug_loc     0x0000012c      0x1bc ./Letimer.o
 .debug_loc     0x000002e8       0x84 ./app.o
 .debug_loc     0x0000036c       0x70 ./connect.o
 .debug_loc     0x000003dc       0xd5 ./iadc.o
 .debug_loc     0x000004b1       0x20 ./main.o
 .debug_loc     0x000004d1      0x10c ./uart.o
 .debug_loc     0x000005dd       0x20 ./autogen/sl_board_default_init.o
 .debug_loc     0x000005fd       0x20 ./autogen/sl_device_init_clocks.o
 .debug_loc     0x0000061d       0x60 ./autogen/sl_event_handler.o
 .debug_loc     0x0000067d      0x1d0 ./gecko_sdk_4.3.1/hardware/board/src/sl_board_control_gpio.o
 .debug_loc     0x0000084d       0x40 ./gecko_sdk_4.3.1/hardware/board/src/sl_board_init.o
 .debug_loc     0x0000088d       0xf4 ./gecko_sdk_4.3.1/hardware/driver/configuration_over_swo/src/sl_cos.o
 .debug_loc     0x00000981       0xe8 ./gecko_sdk_4.3.1/hardware/driver/mx25_flash_shutdown/src/sl_mx25_flash_shutdown_usart/sl_mx25_flash_shutdown.o
 .debug_loc     0x00000a69       0x2c ./gecko_sdk_4.3.1/platform/Device/SiliconLabs/EFR32MG24/Source/startup_efr32mg24.o
 .debug_loc     0x00000a95      0x1a4 ./gecko_sdk_4.3.1/platform/Device/SiliconLabs/EFR32MG24/Source/system_efr32mg24.o
 .debug_loc     0x00000c39       0x20 ./gecko_sdk_4.3.1/platform/common/src/sl_assert.o
 .debug_loc     0x00000c59       0x84 ./gecko_sdk_4.3.1/platform/common/toolchain/src/sl_memory.o
 .debug_loc     0x00000cdd      0x184 ./gecko_sdk_4.3.1/platform/driver/debug/src/sl_debug_swo.o
 .debug_loc     0x00000e61      0x3dd ./gecko_sdk_4.3.1/platform/emdrv/ustimer/src/ustimer.o
 .debug_loc     0x0000123e      0xcf5 ./gecko_sdk_4.3.1/platform/emlib/src/em_cmu.o
 .debug_loc     0x00001f33      0x490 ./gecko_sdk_4.3.1/platform/emlib/src/em_core.o
 .debug_loc     0x000023c3      0x5d4 ./gecko_sdk_4.3.1/platform/emlib/src/em_emu.o
 .debug_loc     0x00002997      0x27c ./gecko_sdk_4.3.1/platform/emlib/src/em_gpio.o
 .debug_loc     0x00002c13      0x501 ./gecko_sdk_4.3.1/platform/emlib/src/em_iadc.o
 .debug_loc     0x00003114      0x2c0 ./gecko_sdk_4.3.1/platform/emlib/src/em_letimer.o
 .debug_loc     0x000033d4      0x138 ./gecko_sdk_4.3.1/platform/emlib/src/em_system.o
 .debug_loc     0x0000350c      0x244 ./gecko_sdk_4.3.1/platform/emlib/src/em_timer.o
 .debug_loc     0x00003750      0x44d ./gecko_sdk_4.3.1/platform/emlib/src/em_usart.o
 .debug_loc     0x00003b9d       0x38 ./gecko_sdk_4.3.1/platform/service/device_init/src/sl_device_init_dcdc_s2.o
 .debug_loc     0x00003bd5       0x38 ./gecko_sdk_4.3.1/platform/service/device_init/src/sl_device_init_emu_s2.o
 .debug_loc     0x00003c0d       0x20 ./gecko_sdk_4.3.1/platform/service/device_init/src/sl_device_init_hfrco.o
 .debug_loc     0x00003c2d       0x39 ./gecko_sdk_4.3.1/platform/service/device_init/src/sl_device_init_hfxo_s2.o
 .debug_loc     0x00003c66       0x38 ./gecko_sdk_4.3.1/platform/service/device_init/src/sl_device_init_lfxo_s2.o
 .debug_loc     0x00003c9e       0x64 ./gecko_sdk_4.3.1/platform/service/device_init/src/sl_device_init_nvic.o
 .debug_loc     0x00003d02       0x20 ./gecko_sdk_4.3.1/platform/service/system/src/sl_system_init.o
 .debug_loc     0x00003d22       0x58 ./gecko_sdk_4.3.1/platform/service/udelay/src/sl_udelay.o

.debug_aranges  0x00000000      0xf50
 .debug_aranges
                0x00000000       0x48 ./DHT22.o
 .debug_aranges
                0x00000048       0x60 ./Letimer.o
 .debug_aranges
                0x000000a8       0x38 ./app.o
 .debug_aranges
                0x000000e0       0x28 ./connect.o
 .debug_aranges
                0x00000108       0x38 ./iadc.o
 .debug_aranges
                0x00000140       0x20 ./main.o
 .debug_aranges
                0x00000160       0x40 ./uart.o
 .debug_aranges
                0x000001a0       0x20 ./autogen/sl_board_default_init.o
 .debug_aranges
                0x000001c0       0x20 ./autogen/sl_device_init_clocks.o
 .debug_aranges
                0x000001e0       0x68 ./autogen/sl_event_handler.o
 .debug_aranges
                0x00000248       0x70 ./gecko_sdk_4.3.1/hardware/board/src/sl_board_control_gpio.o
 .debug_aranges
                0x000002b8       0x28 ./gecko_sdk_4.3.1/hardware/board/src/sl_board_init.o
 .debug_aranges
                0x000002e0       0x40 ./gecko_sdk_4.3.1/hardware/driver/configuration_over_swo/src/sl_cos.o
 .debug_aranges
                0x00000320       0x40 ./gecko_sdk_4.3.1/hardware/driver/mx25_flash_shutdown/src/sl_mx25_flash_shutdown_usart/sl_mx25_flash_shutdown.o
 .debug_aranges
                0x00000360       0x28 ./gecko_sdk_4.3.1/platform/Device/SiliconLabs/EFR32MG24/Source/startup_efr32mg24.o
 .debug_aranges
                0x00000388       0xa0 ./gecko_sdk_4.3.1/platform/Device/SiliconLabs/EFR32MG24/Source/system_efr32mg24.o
 .debug_aranges